正在执行...
2021-08-14T15:03:48.990-0800: [GC (Allocation Failure) 2021-08-14T15:03:48.990-0800: [DefNew: 279616K->34944K(314560K), 0.0528518 secs] 279616K->89541K(1013632K), 0.0529328 secs] [Times: user=0.02 sys=0.03, real=0.05 secs] 
2021-08-14T15:03:49.086-0800: [GC (Allocation Failure) 2021-08-14T15:03:49.086-0800: [DefNew: 314560K->34943K(314560K), 0.0741612 secs] 369157K->164308K(1013632K), 0.0742365 secs] [Times: user=0.03 sys=0.05, real=0.08 secs] 
2021-08-14T15:03:49.193-0800: [GC (Allocation Failure) 2021-08-14T15:03:49.194-0800: [DefNew: 314559K->34943K(314560K), 0.0445551 secs] 443924K->239506K(1013632K), 0.0446247 secs] [Times: user=0.02 sys=0.01, real=0.04 secs] 
2021-08-14T15:03:49.268-0800: [GC (Allocation Failure) 2021-08-14T15:03:49.269-0800: [DefNew: 314339K->34943K(314560K), 0.0416483 secs] 518902K->316981K(1013632K), 0.0417187 secs] [Times: user=0.02 sys=0.01, real=0.05 secs] 
2021-08-14T15:03:49.341-0800: [GC (Allocation Failure) 2021-08-14T15:03:49.341-0800: [DefNew: 314559K->34943K(314560K), 0.0453945 secs] 596597K->393017K(1013632K), 0.0454686 secs] [Times: user=0.03 sys=0.02, real=0.04 secs] 
2021-08-14T15:03:49.419-0800: [GC (Allocation Failure) 2021-08-14T15:03:49.419-0800: [DefNew: 314559K->34943K(314560K), 0.0436113 secs] 672633K->469265K(1013632K), 0.0436920 secs] [Times: user=0.03 sys=0.02, real=0.05 secs] 
2021-08-14T15:03:49.493-0800: [GC (Allocation Failure) 2021-08-14T15:03:49.493-0800: [DefNew: 314559K->34944K(314560K), 0.0526098 secs] 748881K->551694K(1013632K), 0.0526889 secs] [Times: user=0.03 sys=0.02, real=0.05 secs] 
2021-08-14T15:03:49.578-0800: [GC (Allocation Failure) 2021-08-14T15:03:49.578-0800: [DefNew: 314560K->34943K(314560K), 0.0508058 secs] 831310K->640766K(1013632K), 0.0508770 secs] [Times: user=0.03 sys=0.02, real=0.05 secs] 
2021-08-14T15:03:49.661-0800: [GC (Allocation Failure) 2021-08-14T15:03:49.661-0800: [DefNew: 314559K->314559K(314560K), 0.0000370 secs]2021-08-14T15:03:49.661-0800: [Tenured: 605822K->379418K(699072K), 0.0605437 secs] 920382K->379418K(1013632K), [Metaspace: 2525K->2525K(1056768K)], 0.0606841 secs] [Times: user=0.06 sys=0.00, real=0.06 secs] 
2021-08-14T15:03:49.771-0800: [GC (Allocation Failure) 2021-08-14T15:03:49.771-0800: [DefNew: 279616K->34943K(314560K), 0.0126010 secs] 659034K->461991K(1013632K), 0.0126724 secs] [Times: user=0.01 sys=0.00, real=0.01 secs] 
2021-08-14T15:03:49.824-0800: [GC (Allocation Failure) 2021-08-14T15:03:49.824-0800: [DefNew: 314559K->34943K(314560K), 0.0146095 secs] 741607K->539608K(1013632K), 0.0147047 secs] [Times: user=0.02 sys=0.00, real=0.01 secs] 
执行结束!共生成对象次数:12024
Heap
 def new generation   total 314560K, used 159168K [0x0000000780000000, 0x0000000795550000, 0x0000000795550000)
  eden space 279616K,  44% used [0x0000000780000000, 0x00000007879500b8, 0x0000000791110000)
  from space 34944K,  99% used [0x0000000791110000, 0x000000079332fff0, 0x0000000793330000)
  to   space 34944K,   0% used [0x0000000793330000, 0x0000000793330000, 0x0000000795550000)
 tenured generation   total 699072K, used 504664K [0x0000000795550000, 0x00000007c0000000, 0x00000007c0000000)
   the space 699072K,  72% used [0x0000000795550000, 0x00000007b42260a8, 0x00000007b4226200, 0x00000007c0000000)
 Metaspace       used 2531K, capacity 4486K, committed 4864K, reserved 1056768K
  class space    used 266K, capacity 386K, committed 512K, reserved 1048576K
