正在执行...
2021-08-14T15:02:59.026-0800: [GC (Allocation Failure) [PSYoungGen: 65419K->10735K(76288K)] 65419K->22419K(251392K), 0.0082501 secs] [Times: user=0.02 sys=0.06, real=0.01 secs] 
2021-08-14T15:02:59.046-0800: [GC (Allocation Failure) [PSYoungGen: 76154K->10748K(76288K)] 87837K->49310K(251392K), 0.0142208 secs] [Times: user=0.03 sys=0.11, real=0.02 secs] 
2021-08-14T15:02:59.069-0800: [GC (Allocation Failure) [PSYoungGen: 76284K->10742K(76288K)] 114846K->70751K(251392K), 0.0088050 secs] [Times: user=0.02 sys=0.06, real=0.01 secs] 
2021-08-14T15:02:59.087-0800: [GC (Allocation Failure) [PSYoungGen: 76278K->10739K(76288K)] 136287K->92182K(251392K), 0.0088433 secs] [Times: user=0.03 sys=0.06, real=0.01 secs] 
2021-08-14T15:02:59.106-0800: [GC (Allocation Failure) [PSYoungGen: 76143K->10743K(76288K)] 157586K->115647K(251392K), 0.0097541 secs] [Times: user=0.03 sys=0.07, real=0.01 secs] 
2021-08-14T15:02:59.127-0800: [GC (Allocation Failure) [PSYoungGen: 76279K->10735K(40448K)] 181183K->137176K(215552K), 0.0091492 secs] [Times: user=0.03 sys=0.06, real=0.01 secs] 
2021-08-14T15:02:59.140-0800: [GC (Allocation Failure) [PSYoungGen: 40289K->19255K(58368K)] 166730K->148665K(233472K), 0.0030087 secs] [Times: user=0.02 sys=0.01, real=0.00 secs] 
2021-08-14T15:02:59.147-0800: [GC (Allocation Failure) [PSYoungGen: 48729K->26941K(58368K)] 178139K->158830K(233472K), 0.0036969 secs] [Times: user=0.04 sys=0.00, real=0.01 secs] 
2021-08-14T15:02:59.157-0800: [GC (Allocation Failure) [PSYoungGen: 56603K->28666K(58368K)] 188492K->167542K(233472K), 0.0060944 secs] [Times: user=0.05 sys=0.02, real=0.01 secs] 
2021-08-14T15:02:59.167-0800: [GC (Allocation Failure) [PSYoungGen: 58265K->20107K(58368K)] 197142K->178536K(233472K), 0.0091924 secs] [Times: user=0.02 sys=0.06, real=0.01 secs] 
2021-08-14T15:02:59.176-0800: [Full GC (Ergonomics) [PSYoungGen: 20107K->0K(58368K)] [ParOldGen: 158428K->145338K(175104K)] 178536K->145338K(233472K), [Metaspace: 2525K->2525K(1056768K)], 0.0192672 secs] [Times: user=0.20 sys=0.01, real=0.02 secs] 
2021-08-14T15:02:59.204-0800: [GC (Allocation Failure) [PSYoungGen: 29541K->10369K(58368K)] 174879K->155707K(233472K), 0.0019746 secs] [Times: user=0.02 sys=0.00, real=0.00 secs] 
2021-08-14T15:02:59.206-0800: [Full GC (Ergonomics) [PSYoungGen: 10369K->0K(58368K)] [ParOldGen: 145338K->151305K(175104K)] 155707K->151305K(233472K), [Metaspace: 2525K->2525K(1056768K)], 0.0155417 secs] [Times: user=0.16 sys=0.00, real=0.02 secs] 
2021-08-14T15:02:59.227-0800: [Full GC (Ergonomics) [PSYoungGen: 29380K->0K(58368K)] [ParOldGen: 151305K->160196K(175104K)] 180686K->160196K(233472K), [Metaspace: 2525K->2525K(1056768K)], 0.0183690 secs] [Times: user=0.20 sys=0.00, real=0.02 secs] 
2021-08-14T15:02:59.251-0800: [Full GC (Ergonomics) [PSYoungGen: 29647K->0K(58368K)] [ParOldGen: 160196K->164371K(175104K)] 189844K->164371K(233472K), [Metaspace: 2525K->2525K(1056768K)], 0.0175467 secs] [Times: user=0.19 sys=0.01, real=0.01 secs] 
2021-08-14T15:02:59.273-0800: [Full GC (Ergonomics) [PSYoungGen: 29321K->0K(58368K)] [ParOldGen: 164371K->168261K(175104K)] 193693K->168261K(233472K), [Metaspace: 2525K->2525K(1056768K)], 0.0188921 secs] [Times: user=0.21 sys=0.01, real=0.02 secs] 
2021-08-14T15:02:59.298-0800: [Full GC (Ergonomics) [PSYoungGen: 29696K->1845K(58368K)] [ParOldGen: 168261K->175069K(175104K)] 197957K->176915K(233472K), [Metaspace: 2525K->2525K(1056768K)], 0.0187606 secs] [Times: user=0.18 sys=0.03, real=0.02 secs] 
2021-08-14T15:02:59.322-0800: [Full GC (Ergonomics) [PSYoungGen: 29562K->5894K(58368K)] [ParOldGen: 175069K->175083K(175104K)] 204632K->180978K(233472K), [Metaspace: 2525K->2525K(1056768K)], 0.0183518 secs] [Times: user=0.21 sys=0.00, real=0.02 secs] 
2021-08-14T15:02:59.345-0800: [Full GC (Ergonomics) [PSYoungGen: 29696K->10018K(58368K)] [ParOldGen: 175083K->174718K(175104K)] 204779K->184736K(233472K), [Metaspace: 2525K->2525K(1056768K)], 0.0185563 secs] [Times: user=0.21 sys=0.00, real=0.02 secs] 
2021-08-14T15:02:59.367-0800: [Full GC (Ergonomics) [PSYoungGen: 29696K->13081K(58368K)] [ParOldGen: 174718K->174979K(175104K)] 204414K->188060K(233472K), [Metaspace: 2525K->2525K(1056768K)], 0.0172289 secs] [Times: user=0.19 sys=0.00, real=0.02 secs] 
2021-08-14T15:02:59.388-0800: [Full GC (Ergonomics) [PSYoungGen: 29482K->15641K(58368K)] [ParOldGen: 174979K->175003K(175104K)] 204462K->190645K(233472K), [Metaspace: 2525K->2525K(1056768K)], 0.0186178 secs] [Times: user=0.22 sys=0.00, real=0.02 secs] 
2021-08-14T15:02:59.409-0800: [Full GC (Ergonomics) [PSYoungGen: 29690K->19242K(58368K)] [ParOldGen: 175003K->174801K(175104K)] 204693K->194043K(233472K), [Metaspace: 2525K->2525K(1056768K)], 0.0192429 secs] [Times: user=0.22 sys=0.01, real=0.02 secs] 
2021-08-14T15:02:59.430-0800: [Full GC (Ergonomics) [PSYoungGen: 29332K->20905K(58368K)] [ParOldGen: 174801K->174564K(175104K)] 204133K->195470K(233472K), [Metaspace: 2525K->2525K(1056768K)], 0.0195348 secs] [Times: user=0.23 sys=0.00, real=0.01 secs] 
2021-08-14T15:02:59.451-0800: [Full GC (Ergonomics) [PSYoungGen: 29696K->23684K(58368K)] [ParOldGen: 174564K->174792K(175104K)] 204260K->198476K(233472K), [Metaspace: 2525K->2525K(1056768K)], 0.0190433 secs] [Times: user=0.22 sys=0.00, real=0.02 secs] 
2021-08-14T15:02:59.470-0800: [Full GC (Ergonomics) [PSYoungGen: 29428K->25198K(58368K)] [ParOldGen: 174792K->174580K(175104K)] 204221K->199779K(233472K), [Metaspace: 2525K->2525K(1056768K)], 0.0067705 secs] [Times: user=0.06 sys=0.00, real=0.00 secs] 
2021-08-14T15:02:59.478-0800: [Full GC (Ergonomics) [PSYoungGen: 29620K->24870K(58368K)] [ParOldGen: 174580K->175014K(175104K)] 204201K->199884K(233472K), [Metaspace: 2525K->2525K(1056768K)], 0.0204352 secs] [Times: user=0.24 sys=0.00, real=0.02 secs] 
2021-08-14T15:02:59.499-0800: [Full GC (Ergonomics) [PSYoungGen: 29371K->24888K(58368K)] [ParOldGen: 175014K->174720K(175104K)] 204385K->199609K(233472K), [Metaspace: 2525K->2525K(1056768K)], 0.0214234 secs] [Times: user=0.26 sys=0.00, real=0.03 secs] 
2021-08-14T15:02:59.521-0800: [Full GC (Ergonomics) [PSYoungGen: 29654K->25762K(58368K)] [ParOldGen: 174720K->175081K(175104K)] 204374K->200843K(233472K), [Metaspace: 2525K->2525K(1056768K)], 0.0087630 secs] [Times: user=0.08 sys=0.00, real=0.01 secs] 
2021-08-14T15:02:59.531-0800: [Full GC (Ergonomics) [PSYoungGen: 29253K->25847K(58368K)] [ParOldGen: 175081K->175033K(175104K)] 204335K->200881K(233472K), [Metaspace: 2525K->2525K(1056768K)], 0.0084708 secs] [Times: user=0.08 sys=0.00, real=0.00 secs] 
2021-08-14T15:02:59.540-0800: [Full GC (Ergonomics) [PSYoungGen: 29494K->26557K(58368K)] [ParOldGen: 175033K->174883K(175104K)] 204528K->201441K(233472K), [Metaspace: 2525K->2525K(1056768K)], 0.0107504 secs] [Times: user=0.12 sys=0.01, real=0.01 secs] 
2021-08-14T15:02:59.551-0800: [Full GC (Ergonomics) [PSYoungGen: 29636K->27384K(58368K)] [ParOldGen: 174883K->174738K(175104K)] 204520K->202122K(233472K), [Metaspace: 2525K->2525K(1056768K)], 0.0174616 secs] [Times: user=0.20 sys=0.00, real=0.01 secs] 
2021-08-14T15:02:59.569-0800: [Full GC (Ergonomics) [PSYoungGen: 29673K->27433K(58368K)] [ParOldGen: 174738K->174640K(175104K)] 204412K->202074K(233472K), [Metaspace: 2525K->2525K(1056768K)], 0.0182417 secs] [Times: user=0.21 sys=0.00, real=0.02 secs] 
2021-08-14T15:02:59.587-0800: [Full GC (Ergonomics) [PSYoungGen: 29586K->27669K(58368K)] [ParOldGen: 174640K->174640K(175104K)] 204226K->202309K(233472K), [Metaspace: 2525K->2525K(1056768K)], 0.0022721 secs] [Times: user=0.01 sys=0.00, real=0.01 secs] 
2021-08-14T15:02:59.590-0800: [Full GC (Ergonomics) [PSYoungGen: 29652K->28621K(58368K)] [ParOldGen: 174640K->174549K(175104K)] 204292K->203170K(233472K), [Metaspace: 2525K->2525K(1056768K)], 0.0132283 secs] [Times: user=0.14 sys=0.00, real=0.01 secs] 
2021-08-14T15:02:59.603-0800: [Full GC (Ergonomics) [PSYoungGen: 29405K->28621K(58368K)] [ParOldGen: 174549K->174549K(175104K)] 203954K->203170K(233472K), [Metaspace: 2525K->2525K(1056768K)], 0.0020526 secs] [Times: user=0.01 sys=0.00, real=0.00 secs] 
2021-08-14T15:02:59.606-0800: [Full GC (Ergonomics) [PSYoungGen: 29659K->28909K(58368K)] [ParOldGen: 174549K->174549K(175104K)] 204208K->203458K(233472K), [Metaspace: 2525K->2525K(1056768K)], 0.0017525 secs] [Times: user=0.00 sys=0.00, real=0.00 secs] 
2021-08-14T15:02:59.608-0800: [Full GC (Ergonomics) [PSYoungGen: 29694K->29435K(58368K)] [ParOldGen: 174549K->174487K(175104K)] 204243K->203922K(233472K), [Metaspace: 2525K->2525K(1056768K)], 0.0127872 secs] [Times: user=0.15 sys=0.00, real=0.02 secs] 
2021-08-14T15:02:59.621-0800: [Full GC (Ergonomics) [PSYoungGen: 29588K->29498K(58368K)] [ParOldGen: 174487K->174487K(175104K)] 204075K->203985K(233472K), [Metaspace: 2525K->2525K(1056768K)], 0.0020651 secs] [Times: user=0.00 sys=0.00, real=0.00 secs] 
2021-08-14T15:02:59.623-0800: [Full GC (Ergonomics) [PSYoungGen: 29661K->29570K(58368K)] [ParOldGen: 174487K->174487K(175104K)] 204148K->204057K(233472K), [Metaspace: 2525K->2525K(1056768K)], 0.0017144 secs] [Times: user=0.01 sys=0.00, real=0.00 secs] 
2021-08-14T15:02:59.625-0800: [Full GC (Ergonomics) [PSYoungGen: 29653K->29509K(58368K)] [ParOldGen: 174487K->174487K(175104K)] 204140K->203996K(233472K), [Metaspace: 2525K->2525K(1056768K)], 0.0017246 secs] [Times: user=0.00 sys=0.00, real=0.00 secs] 
2021-08-14T15:02:59.626-0800: [Full GC (Ergonomics) [PSYoungGen: 29509K->29421K(58368K)] [ParOldGen: 174978K->174978K(175104K)] 204487K->204399K(233472K), [Metaspace: 2525K->2525K(1056768K)], 0.0021658 secs] [Times: user=0.01 sys=0.01, real=0.00 secs] 
2021-08-14T15:02:59.629-0800: [Full GC (Allocation Failure) [PSYoungGen: 29421K->29421K(58368K)] [ParOldGen: 174978K->174959K(175104K)] 204399K->204381K(233472K), [Metaspace: 2525K->2525K(1056768K)], 0.0138036 secs] [Times: user=0.16 sys=0.00, real=0.02 secs] 
Heap
 PSYoungGen      total 58368K, used 29696K [0x00000007bab00000, 0x00000007c0000000, 0x00000007c0000000)
  eden space 29696K, 100% used [0x00000007bab00000,0x00000007bc800000,0x00000007bc800000)
  from space 28672K, 0% used [0x00000007bc800000,0x00000007bc800000,0x00000007be400000)
  to   space 28672K, 0% used [0x00000007be400000,0x00000007be400000,0x00000007c0000000)
 ParOldGen       total 175104K, used 174959K [0x00000007b0000000, 0x00000007bab00000, 0x00000007bab00000)
  object space 175104K, 99% used [0x00000007b0000000,0x00000007baadbf30,0x00000007bab00000)
 Metaspace       used 2556K, capacity 4486K, committed 4864K, reserved 1056768K
  class space    used 269K, capacity 386K, committed 512K, reserved 1048576K
