正在执行...
2021-08-14T15:04:02.028-0800: [GC (Allocation Failure) 2021-08-14T15:04:02.028-0800: [DefNew: 139776K->17472K(157248K), 0.0240631 secs] 139776K->46116K(506816K), 0.0241310 secs] [Times: user=0.01 sys=0.01, real=0.03 secs] 
2021-08-14T15:04:02.071-0800: [GC (Allocation Failure) 2021-08-14T15:04:02.071-0800: [DefNew: 157248K->17471K(157248K), 0.0322518 secs] 185892K->94110K(506816K), 0.0323195 secs] [Times: user=0.02 sys=0.02, real=0.03 secs] 
2021-08-14T15:04:02.120-0800: [GC (Allocation Failure) 2021-08-14T15:04:02.120-0800: [DefNew: 157247K->17470K(157248K), 0.0245597 secs] 233886K->137914K(506816K), 0.0246271 secs] [Times: user=0.01 sys=0.01, real=0.02 secs] 
2021-08-14T15:04:02.161-0800: [GC (Allocation Failure) 2021-08-14T15:04:02.161-0800: [DefNew: 157246K->17472K(157248K), 0.0232468 secs] 277690K->180819K(506816K), 0.0233175 secs] [Times: user=0.01 sys=0.01, real=0.02 secs] 
2021-08-14T15:04:02.202-0800: [GC (Allocation Failure) 2021-08-14T15:04:02.202-0800: [DefNew: 157248K->17471K(157248K), 0.0218824 secs] 320595K->221611K(506816K), 0.0219491 secs] [Times: user=0.01 sys=0.00, real=0.02 secs] 
2021-08-14T15:04:02.241-0800: [GC (Allocation Failure) 2021-08-14T15:04:02.241-0800: [DefNew: 157247K->17470K(157248K), 0.0246849 secs] 361387K->266382K(506816K), 0.0247691 secs] [Times: user=0.02 sys=0.01, real=0.02 secs] 
2021-08-14T15:04:02.288-0800: [GC (Allocation Failure) 2021-08-14T15:04:02.288-0800: [DefNew: 157246K->17471K(157248K), 0.0270896 secs] 406158K->316977K(506816K), 0.0271641 secs] [Times: user=0.02 sys=0.02, real=0.03 secs] 
2021-08-14T15:04:02.333-0800: [GC (Allocation Failure) 2021-08-14T15:04:02.333-0800: [DefNew: 157247K->157247K(157248K), 0.0000373 secs]2021-08-14T15:04:02.333-0800: [Tenured: 299505K->266609K(349568K), 0.0529450 secs] 456753K->266609K(506816K), [Metaspace: 2525K->2525K(1056768K)], 0.0531149 secs] [Times: user=0.04 sys=0.00, real=0.05 secs] 
2021-08-14T15:04:02.406-0800: [GC (Allocation Failure) 2021-08-14T15:04:02.406-0800: [DefNew: 139776K->17468K(157248K), 0.0063276 secs] 406385K->313249K(506816K), 0.0064076 secs] [Times: user=0.01 sys=0.00, real=0.01 secs] 
2021-08-14T15:04:02.430-0800: [GC (Allocation Failure) 2021-08-14T15:04:02.430-0800: [DefNew: 157244K->17471K(157248K), 0.0270729 secs] 453025K->359424K(506816K), 0.0271567 secs] [Times: user=0.01 sys=0.01, real=0.02 secs] 
2021-08-14T15:04:02.474-0800: [GC (Allocation Failure) 2021-08-14T15:04:02.474-0800: [DefNew: 157247K->157247K(157248K), 0.0000401 secs]2021-08-14T15:04:02.474-0800: [Tenured: 341952K->311927K(349568K), 0.0403249 secs] 499200K->311927K(506816K), [Metaspace: 2525K->2525K(1056768K)], 0.0404865 secs] [Times: user=0.04 sys=0.00, real=0.04 secs] 
2021-08-14T15:04:02.536-0800: [GC (Allocation Failure) 2021-08-14T15:04:02.536-0800: [DefNew: 139324K->139324K(157248K), 0.0000451 secs]2021-08-14T15:04:02.536-0800: [Tenured: 311927K->317012K(349568K), 0.0450686 secs] 451252K->317012K(506816K), [Metaspace: 2525K->2525K(1056768K)], 0.0452310 secs] [Times: user=0.05 sys=0.00, real=0.05 secs] 
2021-08-14T15:04:02.603-0800: [GC (Allocation Failure) 2021-08-14T15:04:02.603-0800: [DefNew: 139776K->139776K(157248K), 0.0000469 secs]2021-08-14T15:04:02.603-0800: [Tenured: 317012K->304969K(349568K), 0.0488306 secs] 456788K->304969K(506816K), [Metaspace: 2525K->2525K(1056768K)], 0.0490097 secs] [Times: user=0.05 sys=0.00, real=0.05 secs] 
2021-08-14T15:04:02.679-0800: [GC (Allocation Failure) 2021-08-14T15:04:02.679-0800: [DefNew: 139776K->17471K(157248K), 0.0063103 secs] 444745K->346902K(506816K), 0.0063967 secs] [Times: user=0.01 sys=0.00, real=0.01 secs] 
2021-08-14T15:04:02.705-0800: [GC (Allocation Failure) 2021-08-14T15:04:02.705-0800: [DefNew: 156941K->156941K(157248K), 0.0000456 secs]2021-08-14T15:04:02.705-0800: [Tenured: 329430K->338418K(349568K), 0.0374092 secs] 486372K->338418K(506816K), [Metaspace: 2525K->2525K(1056768K)], 0.0375865 secs] [Times: user=0.03 sys=0.00, real=0.04 secs] 
2021-08-14T15:04:02.768-0800: [GC (Allocation Failure) 2021-08-14T15:04:02.769-0800: [DefNew: 139776K->139776K(157248K), 0.0000454 secs]2021-08-14T15:04:02.769-0800: [Tenured: 338418K->339613K(349568K), 0.0439073 secs] 478194K->339613K(506816K), [Metaspace: 2525K->2525K(1056768K)], 0.0440869 secs] [Times: user=0.04 sys=0.00, real=0.05 secs] 
2021-08-14T15:04:02.836-0800: [GC (Allocation Failure) 2021-08-14T15:04:02.836-0800: [DefNew: 139776K->139776K(157248K), 0.0000320 secs]2021-08-14T15:04:02.836-0800: [Tenured: 339613K->345330K(349568K), 0.0476310 secs] 479389K->345330K(506816K), [Metaspace: 2525K->2525K(1056768K)], 0.0477554 secs] [Times: user=0.04 sys=0.00, real=0.05 secs] 
2021-08-14T15:04:02.905-0800: [GC (Allocation Failure) 2021-08-14T15:04:02.905-0800: [DefNew: 139375K->139375K(157248K), 0.0000324 secs]2021-08-14T15:04:02.905-0800: [Tenured: 345330K->334242K(349568K), 0.0529263 secs] 484706K->334242K(506816K), [Metaspace: 2525K->2525K(1056768K)], 0.0530504 secs] [Times: user=0.05 sys=0.00, real=0.05 secs] 
执行结束!共生成对象次数:9511
Heap
 def new generation   total 157248K, used 7420K [0x00000007a0000000, 0x00000007aaaa0000, 0x00000007aaaa0000)
  eden space 139776K,   5% used [0x00000007a0000000, 0x00000007a073f270, 0x00000007a8880000)
  from space 17472K,   0% used [0x00000007a8880000, 0x00000007a8880000, 0x00000007a9990000)
  to   space 17472K,   0% used [0x00000007a9990000, 0x00000007a9990000, 0x00000007aaaa0000)
 tenured generation   total 349568K, used 334242K [0x00000007aaaa0000, 0x00000007c0000000, 0x00000007c0000000)
   the space 349568K,  95% used [0x00000007aaaa0000, 0x00000007bf108a08, 0x00000007bf108c00, 0x00000007c0000000)
 Metaspace       used 2531K, capacity 4486K, committed 4864K, reserved 1056768K
  class space    used 266K, capacity 386K, committed 512K, reserved 1048576K
