正在执行...
2021-08-14T14:47:44.645-0800: [GC pause (G1 Evacuation Pause) (young), 0.0038368 secs]
   [Parallel Time: 3.0 ms, GC Workers: 13]
      [GC Worker Start (ms): Min: 71.1, Avg: 71.2, Max: 71.3, Diff: 0.2]
      [Ext Root Scanning (ms): Min: 0.0, Avg: 0.1, Max: 0.3, Diff: 0.3, Sum: 1.3]
      [Update RS (ms): Min: 0.0, Avg: 0.0, Max: 0.0, Diff: 0.0, Sum: 0.0]
         [Processed Buffers: Min: 0, Avg: 0.0, Max: 0, Diff: 0, Sum: 0]
      [Scan RS (ms): Min: 0.0, Avg: 0.0, Max: 0.0, Diff: 0.0, Sum: 0.0]
      [Code Root Scanning (ms): Min: 0.0, Avg: 0.0, Max: 0.0, Diff: 0.0, Sum: 0.0]
      [Object Copy (ms): Min: 2.1, Avg: 2.3, Max: 2.5, Diff: 0.4, Sum: 30.5]
      [Termination (ms): Min: 0.0, Avg: 0.2, Max: 0.4, Diff: 0.4, Sum: 2.4]
         [Termination Attempts: Min: 1, Avg: 1.1, Max: 2, Diff: 1, Sum: 14]
      [GC Worker Other (ms): Min: 0.0, Avg: 0.0, Max: 0.1, Diff: 0.0, Sum: 0.3]
      [GC Worker Total (ms): Min: 2.5, Avg: 2.7, Max: 2.9, Diff: 0.4, Sum: 34.5]
      [GC Worker End (ms): Min: 73.8, Avg: 73.9, Max: 74.1, Diff: 0.2]
   [Code Root Fixup: 0.0 ms]
   [Code Root Purge: 0.0 ms]
   [Clear CT: 0.1 ms]
   [Other: 0.7 ms]
      [Choose CSet: 0.0 ms]
      [Ref Proc: 0.4 ms]
      [Ref Enq: 0.0 ms]
      [Redirty Cards: 0.1 ms]
      [Humongous Register: 0.0 ms]
      [Humongous Reclaim: 0.0 ms]
      [Free CSet: 0.0 ms]
   [Eden: 25600.0K(25600.0K)->0.0B(21504.0K) Survivors: 0.0B->4096.0K Heap: 28815.8K(512.0M)->11221.4K(512.0M)]
 [Times: user=0.01 sys=0.02, real=0.00 secs] 
2021-08-14T14:47:44.655-0800: [GC pause (G1 Evacuation Pause) (young), 0.0037205 secs]
   [Parallel Time: 2.3 ms, GC Workers: 13]
      [GC Worker Start (ms): Min: 81.7, Avg: 81.8, Max: 81.9, Diff: 0.2]
      [Ext Root Scanning (ms): Min: 0.0, Avg: 0.1, Max: 0.2, Diff: 0.2, Sum: 1.2]
      [Update RS (ms): Min: 0.0, Avg: 0.0, Max: 0.0, Diff: 0.0, Sum: 0.0]
         [Processed Buffers: Min: 0, Avg: 0.0, Max: 0, Diff: 0, Sum: 0]
      [Scan RS (ms): Min: 0.0, Avg: 0.0, Max: 0.0, Diff: 0.0, Sum: 0.0]
      [Code Root Scanning (ms): Min: 0.0, Avg: 0.0, Max: 0.0, Diff: 0.0, Sum: 0.0]
      [Object Copy (ms): Min: 1.2, Avg: 1.5, Max: 1.8, Diff: 0.6, Sum: 19.2]
      [Termination (ms): Min: 0.0, Avg: 0.4, Max: 0.7, Diff: 0.7, Sum: 5.7]
         [Termination Attempts: Min: 1, Avg: 1.2, Max: 3, Diff: 2, Sum: 15]
      [GC Worker Other (ms): Min: 0.0, Avg: 0.0, Max: 0.0, Diff: 0.0, Sum: 0.1]
      [GC Worker Total (ms): Min: 1.9, Avg: 2.0, Max: 2.2, Diff: 0.3, Sum: 26.2]
      [GC Worker End (ms): Min: 83.8, Avg: 83.8, Max: 83.9, Diff: 0.2]
   [Code Root Fixup: 0.0 ms]
   [Code Root Purge: 0.0 ms]
   [Clear CT: 0.5 ms]
   [Other: 0.9 ms]
      [Choose CSet: 0.0 ms]
      [Ref Proc: 0.4 ms]
      [Ref Enq: 0.0 ms]
      [Redirty Cards: 0.3 ms]
      [Humongous Register: 0.0 ms]
      [Humongous Reclaim: 0.0 ms]
      [Free CSet: 0.0 ms]
   [Eden: 21504.0K(21504.0K)->0.0B(44032.0K) Survivors: 4096.0K->4096.0K Heap: 37897.6K(512.0M)->17984.0K(512.0M)]
 [Times: user=0.01 sys=0.02, real=0.00 secs] 
2021-08-14T14:47:44.681-0800: [GC pause (G1 Evacuation Pause) (young), 0.0065492 secs]
   [Parallel Time: 5.5 ms, GC Workers: 13]
      [GC Worker Start (ms): Min: 107.8, Avg: 108.0, Max: 108.1, Diff: 0.2]
      [Ext Root Scanning (ms): Min: 0.0, Avg: 0.1, Max: 0.2, Diff: 0.2, Sum: 1.0]
      [Update RS (ms): Min: 0.1, Avg: 0.2, Max: 0.3, Diff: 0.3, Sum: 2.1]
         [Processed Buffers: Min: 1, Avg: 2.5, Max: 5, Diff: 4, Sum: 32]
      [Scan RS (ms): Min: 0.0, Avg: 0.0, Max: 0.0, Diff: 0.0, Sum: 0.0]
      [Code Root Scanning (ms): Min: 0.0, Avg: 0.0, Max: 0.0, Diff: 0.0, Sum: 0.0]
      [Object Copy (ms): Min: 4.4, Avg: 4.5, Max: 4.7, Diff: 0.3, Sum: 58.9]
      [Termination (ms): Min: 0.0, Avg: 0.3, Max: 0.6, Diff: 0.6, Sum: 3.5]
         [Termination Attempts: Min: 1, Avg: 1.0, Max: 1, Diff: 0, Sum: 13]
      [GC Worker Other (ms): Min: 0.0, Avg: 0.0, Max: 0.0, Diff: 0.0, Sum: 0.1]
      [GC Worker Total (ms): Min: 4.9, Avg: 5.1, Max: 5.3, Diff: 0.4, Sum: 65.7]
      [GC Worker End (ms): Min: 112.9, Avg: 113.0, Max: 113.1, Diff: 0.2]
   [Code Root Fixup: 0.0 ms]
   [Code Root Purge: 0.0 ms]
   [Clear CT: 0.2 ms]
   [Other: 0.9 ms]
      [Choose CSet: 0.0 ms]
      [Ref Proc: 0.5 ms]
      [Ref Enq: 0.0 ms]
      [Redirty Cards: 0.2 ms]
      [Humongous Register: 0.0 ms]
      [Humongous Reclaim: 0.0 ms]
      [Free CSet: 0.1 ms]
   [Eden: 44032.0K(44032.0K)->0.0B(247.0M) Survivors: 4096.0K->6144.0K Heap: 75134.6K(512.0M)->34823.8K(512.0M)]
 [Times: user=0.01 sys=0.04, real=0.00 secs] 
2021-08-14T14:47:44.811-0800: [GC pause (G1 Evacuation Pause) (young), 0.0225259 secs]
   [Parallel Time: 21.1 ms, GC Workers: 13]
      [GC Worker Start (ms): Min: 237.8, Avg: 237.9, Max: 238.1, Diff: 0.3]
      [Ext Root Scanning (ms): Min: 0.0, Avg: 0.0, Max: 0.2, Diff: 0.2, Sum: 0.6]
      [Update RS (ms): Min: 0.0, Avg: 0.1, Max: 0.2, Diff: 0.2, Sum: 1.4]
         [Processed Buffers: Min: 1, Avg: 1.6, Max: 3, Diff: 2, Sum: 21]
      [Scan RS (ms): Min: 0.0, Avg: 0.0, Max: 0.0, Diff: 0.0, Sum: 0.2]
      [Code Root Scanning (ms): Min: 0.0, Avg: 0.0, Max: 0.0, Diff: 0.0, Sum: 0.0]
      [Object Copy (ms): Min: 20.0, Avg: 20.2, Max: 20.4, Diff: 0.4, Sum: 262.2]
      [Termination (ms): Min: 0.0, Avg: 0.3, Max: 0.6, Diff: 0.6, Sum: 3.8]
         [Termination Attempts: Min: 1, Avg: 1.0, Max: 1, Diff: 0, Sum: 13]
      [GC Worker Other (ms): Min: 0.0, Avg: 0.0, Max: 0.0, Diff: 0.0, Sum: 0.2]
      [GC Worker Total (ms): Min: 20.4, Avg: 20.7, Max: 21.0, Diff: 0.6, Sum: 268.5]
      [GC Worker End (ms): Min: 258.5, Avg: 258.6, Max: 258.8, Diff: 0.3]
   [Code Root Fixup: 0.0 ms]
   [Code Root Purge: 0.0 ms]
   [Clear CT: 0.3 ms]
   [Other: 1.1 ms]
      [Choose CSet: 0.0 ms]
      [Ref Proc: 0.4 ms]
      [Ref Enq: 0.0 ms]
      [Redirty Cards: 0.2 ms]
      [Humongous Register: 0.0 ms]
      [Humongous Reclaim: 0.1 ms]
      [Free CSet: 0.1 ms]
   [Eden: 240.0M(240.0M)->0.0B(34816.0K) Survivors: 6144.0K->31744.0K Heap: 342.4M(512.0M)->130.1M(512.0M)]
 [Times: user=0.04 sys=0.18, real=0.02 secs] 
2021-08-14T14:47:44.840-0800: [GC pause (G1 Evacuation Pause) (young), 0.0057800 secs]
   [Parallel Time: 5.0 ms, GC Workers: 13]
      [GC Worker Start (ms): Min: 265.9, Avg: 266.1, Max: 266.2, Diff: 0.2]
      [Ext Root Scanning (ms): Min: 0.0, Avg: 0.1, Max: 0.2, Diff: 0.2, Sum: 1.0]
      [Update RS (ms): Min: 0.1, Avg: 0.1, Max: 0.2, Diff: 0.1, Sum: 1.9]
         [Processed Buffers: Min: 1, Avg: 1.8, Max: 2, Diff: 1, Sum: 24]
      [Scan RS (ms): Min: 0.0, Avg: 0.0, Max: 0.0, Diff: 0.0, Sum: 0.1]
      [Code Root Scanning (ms): Min: 0.0, Avg: 0.0, Max: 0.0, Diff: 0.0, Sum: 0.0]
      [Object Copy (ms): Min: 4.2, Avg: 4.3, Max: 4.4, Diff: 0.2, Sum: 55.9]
      [Termination (ms): Min: 0.0, Avg: 0.2, Max: 0.3, Diff: 0.3, Sum: 2.4]
         [Termination Attempts: Min: 1, Avg: 1.0, Max: 1, Diff: 0, Sum: 13]
      [GC Worker Other (ms): Min: 0.0, Avg: 0.0, Max: 0.0, Diff: 0.0, Sum: 0.1]
      [GC Worker Total (ms): Min: 4.6, Avg: 4.7, Max: 4.9, Diff: 0.3, Sum: 61.3]
      [GC Worker End (ms): Min: 270.8, Avg: 270.8, Max: 270.9, Diff: 0.1]
   [Code Root Fixup: 0.0 ms]
   [Code Root Purge: 0.0 ms]
   [Clear CT: 0.1 ms]
   [Other: 0.7 ms]
      [Choose CSet: 0.0 ms]
      [Ref Proc: 0.4 ms]
      [Ref Enq: 0.0 ms]
      [Redirty Cards: 0.1 ms]
      [Humongous Register: 0.0 ms]
      [Humongous Reclaim: 0.0 ms]
      [Free CSet: 0.0 ms]
   [Eden: 34816.0K(34816.0K)->0.0B(94208.0K) Survivors: 31744.0K->9216.0K Heap: 174.4M(512.0M)->147.6M(512.0M)]
 [Times: user=0.03 sys=0.02, real=0.00 secs] 
2021-08-14T14:47:44.869-0800: [GC pause (G1 Evacuation Pause) (young), 0.0084657 secs]
   [Parallel Time: 7.7 ms, GC Workers: 13]
      [GC Worker Start (ms): Min: 295.7, Avg: 295.8, Max: 295.9, Diff: 0.2]
      [Ext Root Scanning (ms): Min: 0.0, Avg: 0.1, Max: 0.2, Diff: 0.2, Sum: 0.8]
      [Update RS (ms): Min: 0.1, Avg: 0.2, Max: 0.2, Diff: 0.1, Sum: 2.0]
         [Processed Buffers: Min: 0, Avg: 1.8, Max: 2, Diff: 2, Sum: 23]
      [Scan RS (ms): Min: 0.0, Avg: 0.0, Max: 0.0, Diff: 0.0, Sum: 0.1]
      [Code Root Scanning (ms): Min: 0.0, Avg: 0.0, Max: 0.0, Diff: 0.0, Sum: 0.0]
      [Object Copy (ms): Min: 6.7, Avg: 6.9, Max: 7.1, Diff: 0.3, Sum: 89.4]
      [Termination (ms): Min: 0.0, Avg: 0.3, Max: 0.4, Diff: 0.4, Sum: 3.5]
         [Termination Attempts: Min: 1, Avg: 1.1, Max: 2, Diff: 1, Sum: 14]
      [GC Worker Other (ms): Min: 0.0, Avg: 0.0, Max: 0.0, Diff: 0.0, Sum: 0.1]
      [GC Worker Total (ms): Min: 7.2, Avg: 7.4, Max: 7.5, Diff: 0.3, Sum: 95.8]
      [GC Worker End (ms): Min: 303.1, Avg: 303.2, Max: 303.3, Diff: 0.2]
   [Code Root Fixup: 0.0 ms]
   [Code Root Purge: 0.0 ms]
   [Clear CT: 0.1 ms]
   [Other: 0.7 ms]
      [Choose CSet: 0.0 ms]
      [Ref Proc: 0.3 ms]
      [Ref Enq: 0.0 ms]
      [Redirty Cards: 0.1 ms]
      [Humongous Register: 0.0 ms]
      [Humongous Reclaim: 0.1 ms]
      [Free CSet: 0.0 ms]
   [Eden: 94208.0K(94208.0K)->0.0B(131.0M) Survivors: 9216.0K->13312.0K Heap: 263.9M(512.0M)->180.6M(512.0M)]
 [Times: user=0.02 sys=0.06, real=0.01 secs] 
2021-08-14T14:47:44.896-0800: [GC pause (G1 Humongous Allocation) (young) (initial-mark), 0.0051186 secs]
   [Parallel Time: 4.2 ms, GC Workers: 13]
      [GC Worker Start (ms): Min: 322.8, Avg: 322.9, Max: 323.0, Diff: 0.2]
      [Ext Root Scanning (ms): Min: 0.0, Avg: 0.2, Max: 0.4, Diff: 0.3, Sum: 2.9]
      [Update RS (ms): Min: 0.1, Avg: 0.1, Max: 0.3, Diff: 0.2, Sum: 1.7]
         [Processed Buffers: Min: 1, Avg: 1.8, Max: 4, Diff: 3, Sum: 24]
      [Scan RS (ms): Min: 0.0, Avg: 0.0, Max: 0.0, Diff: 0.0, Sum: 0.1]
      [Code Root Scanning (ms): Min: 0.0, Avg: 0.0, Max: 0.0, Diff: 0.0, Sum: 0.0]
      [Object Copy (ms): Min: 3.4, Avg: 3.5, Max: 3.6, Diff: 0.1, Sum: 45.3]
      [Termination (ms): Min: 0.0, Avg: 0.1, Max: 0.2, Diff: 0.2, Sum: 1.8]
         [Termination Attempts: Min: 1, Avg: 1.1, Max: 2, Diff: 1, Sum: 14]
      [GC Worker Other (ms): Min: 0.0, Avg: 0.0, Max: 0.0, Diff: 0.0, Sum: 0.1]
      [GC Worker Total (ms): Min: 3.9, Avg: 4.0, Max: 4.2, Diff: 0.3, Sum: 52.0]
      [GC Worker End (ms): Min: 326.9, Avg: 326.9, Max: 327.0, Diff: 0.1]
   [Code Root Fixup: 0.0 ms]
   [Code Root Purge: 0.0 ms]
   [Clear CT: 0.2 ms]
   [Other: 0.7 ms]
      [Choose CSet: 0.0 ms]
      [Ref Proc: 0.3 ms]
      [Ref Enq: 0.0 ms]
      [Redirty Cards: 0.2 ms]
      [Humongous Register: 0.0 ms]
      [Humongous Reclaim: 0.1 ms]
      [Free CSet: 0.0 ms]
   [Eden: 101.0M(131.0M)->0.0B(154.0M) Survivors: 13312.0K->18432.0K Heap: 302.3M(512.0M)->210.8M(512.0M)]
 [Times: user=0.04 sys=0.01, real=0.01 secs] 
2021-08-14T14:47:44.902-0800: [GC concurrent-root-region-scan-start]
2021-08-14T14:47:44.902-0800: [GC concurrent-root-region-scan-end, 0.0001038 secs]
2021-08-14T14:47:44.902-0800: [GC concurrent-mark-start]
2021-08-14T14:47:44.903-0800: [GC concurrent-mark-end, 0.0012048 secs]
2021-08-14T14:47:44.903-0800: [GC remark 2021-08-14T14:47:44.903-0800: [Finalize Marking, 0.0004195 secs] 2021-08-14T14:47:44.904-0800: [GC ref-proc, 0.0000538 secs] 2021-08-14T14:47:44.904-0800: [Unloading, 0.0005256 secs], 0.0013467 secs]
 [Times: user=0.00 sys=0.00, real=0.00 secs] 
2021-08-14T14:47:44.905-0800: [GC cleanup 219M->219M(512M), 0.0007521 secs]
 [Times: user=0.01 sys=0.00, real=0.00 secs] 
2021-08-14T14:47:44.931-0800: [GC pause (G1 Evacuation Pause) (young) (to-space exhausted), 0.0058465 secs]
   [Parallel Time: 4.6 ms, GC Workers: 13]
      [GC Worker Start (ms): Min: 357.9, Avg: 358.1, Max: 358.1, Diff: 0.2]
      [Ext Root Scanning (ms): Min: 0.0, Avg: 0.1, Max: 0.2, Diff: 0.2, Sum: 0.7]
      [Update RS (ms): Min: 0.1, Avg: 0.1, Max: 0.2, Diff: 0.1, Sum: 1.9]
         [Processed Buffers: Min: 0, Avg: 1.8, Max: 3, Diff: 3, Sum: 24]
      [Scan RS (ms): Min: 0.0, Avg: 0.0, Max: 0.0, Diff: 0.0, Sum: 0.1]
      [Code Root Scanning (ms): Min: 0.0, Avg: 0.0, Max: 0.0, Diff: 0.0, Sum: 0.0]
      [Object Copy (ms): Min: 4.0, Avg: 4.1, Max: 4.2, Diff: 0.2, Sum: 53.4]
      [Termination (ms): Min: 0.0, Avg: 0.1, Max: 0.1, Diff: 0.1, Sum: 0.8]
         [Termination Attempts: Min: 1, Avg: 1.0, Max: 1, Diff: 0, Sum: 13]
      [GC Worker Other (ms): Min: 0.0, Avg: 0.0, Max: 0.0, Diff: 0.0, Sum: 0.1]
      [GC Worker Total (ms): Min: 4.3, Avg: 4.4, Max: 4.5, Diff: 0.2, Sum: 57.0]
      [GC Worker End (ms): Min: 362.4, Avg: 362.4, Max: 362.5, Diff: 0.0]
   [Code Root Fixup: 0.0 ms]
   [Code Root Purge: 0.0 ms]
   [Clear CT: 0.2 ms]
   [Other: 1.1 ms]
      [Evacuation Failure: 0.4 ms]
      [Choose CSet: 0.0 ms]
      [Ref Proc: 0.3 ms]
      [Ref Enq: 0.0 ms]
      [Redirty Cards: 0.2 ms]
      [Humongous Register: 0.1 ms]
      [Humongous Reclaim: 0.1 ms]
      [Free CSet: 0.0 ms]
   [Eden: 154.0M(154.0M)->0.0B(5120.0K) Survivors: 18432.0K->22528.0K Heap: 408.5M(512.0M)->319.4M(512.0M)]
 [Times: user=0.05 sys=0.01, real=0.00 secs] 
2021-08-14T14:47:44.938-0800: [GC pause (G1 Evacuation Pause) (mixed), 0.0045117 secs]
   [Parallel Time: 3.4 ms, GC Workers: 13]
      [GC Worker Start (ms): Min: 364.7, Avg: 364.8, Max: 364.9, Diff: 0.2]
      [Ext Root Scanning (ms): Min: 0.0, Avg: 0.1, Max: 0.2, Diff: 0.2, Sum: 0.8]
      [Update RS (ms): Min: 0.0, Avg: 0.1, Max: 0.1, Diff: 0.1, Sum: 1.3]
         [Processed Buffers: Min: 1, Avg: 2.1, Max: 3, Diff: 2, Sum: 27]
      [Scan RS (ms): Min: 0.0, Avg: 0.0, Max: 0.1, Diff: 0.1, Sum: 0.2]
      [Code Root Scanning (ms): Min: 0.0, Avg: 0.0, Max: 0.0, Diff: 0.0, Sum: 0.0]
      [Object Copy (ms): Min: 2.7, Avg: 2.8, Max: 2.9, Diff: 0.2, Sum: 36.7]
      [Termination (ms): Min: 0.0, Avg: 0.2, Max: 0.2, Diff: 0.2, Sum: 2.1]
         [Termination Attempts: Min: 1, Avg: 1.0, Max: 1, Diff: 0, Sum: 13]
      [GC Worker Other (ms): Min: 0.0, Avg: 0.0, Max: 0.0, Diff: 0.0, Sum: 0.1]
      [GC Worker Total (ms): Min: 3.1, Avg: 3.2, Max: 3.4, Diff: 0.3, Sum: 41.2]
      [GC Worker End (ms): Min: 367.9, Avg: 368.0, Max: 368.0, Diff: 0.1]
   [Code Root Fixup: 0.0 ms]
   [Code Root Purge: 0.0 ms]
   [Clear CT: 0.2 ms]
   [Other: 0.9 ms]
      [Choose CSet: 0.0 ms]
      [Ref Proc: 0.6 ms]
      [Ref Enq: 0.0 ms]
      [Redirty Cards: 0.2 ms]
      [Humongous Register: 0.0 ms]
      [Humongous Reclaim: 0.0 ms]
      [Free CSet: 0.0 ms]
   [Eden: 5120.0K(5120.0K)->0.0B(89088.0K) Survivors: 22528.0K->3072.0K Heap: 325.7M(512.0M)->306.0M(512.0M)]
 [Times: user=0.03 sys=0.01, real=0.01 secs] 
2021-08-14T14:47:44.943-0800: [GC pause (G1 Humongous Allocation) (young) (initial-mark), 0.0017046 secs]
   [Parallel Time: 0.7 ms, GC Workers: 13]
      [GC Worker Start (ms): Min: 369.9, Avg: 370.0, Max: 370.1, Diff: 0.2]
      [Ext Root Scanning (ms): Min: 0.0, Avg: 0.3, Max: 0.5, Diff: 0.4, Sum: 3.3]
      [Update RS (ms): Min: 0.0, Avg: 0.0, Max: 0.3, Diff: 0.3, Sum: 0.5]
         [Processed Buffers: Min: 0, Avg: 1.1, Max: 5, Diff: 5, Sum: 14]
      [Scan RS (ms): Min: 0.0, Avg: 0.0, Max: 0.0, Diff: 0.0, Sum: 0.0]
      [Code Root Scanning (ms): Min: 0.0, Avg: 0.0, Max: 0.0, Diff: 0.0, Sum: 0.0]
      [Object Copy (ms): Min: 0.0, Avg: 0.1, Max: 0.2, Diff: 0.2, Sum: 0.8]
      [Termination (ms): Min: 0.0, Avg: 0.1, Max: 0.2, Diff: 0.2, Sum: 1.9]
         [Termination Attempts: Min: 1, Avg: 1.2, Max: 2, Diff: 1, Sum: 15]
      [GC Worker Other (ms): Min: 0.0, Avg: 0.0, Max: 0.0, Diff: 0.0, Sum: 0.1]
      [GC Worker Total (ms): Min: 0.4, Avg: 0.5, Max: 0.7, Diff: 0.3, Sum: 6.6]
      [GC Worker End (ms): Min: 370.5, Avg: 370.5, Max: 370.6, Diff: 0.1]
   [Code Root Fixup: 0.0 ms]
   [Code Root Purge: 0.0 ms]
   [Clear CT: 0.2 ms]
   [Other: 0.8 ms]
      [Choose CSet: 0.0 ms]
      [Ref Proc: 0.5 ms]
      [Ref Enq: 0.0 ms]
      [Redirty Cards: 0.2 ms]
      [Humongous Register: 0.0 ms]
      [Humongous Reclaim: 0.0 ms]
      [Free CSet: 0.0 ms]
   [Eden: 3072.0K(89088.0K)->0.0B(92160.0K) Survivors: 3072.0K->3072.0K Heap: 308.8M(512.0M)->305.9M(512.0M)]
 [Times: user=0.00 sys=0.00, real=0.00 secs] 
2021-08-14T14:47:44.945-0800: [GC concurrent-root-region-scan-start]
2021-08-14T14:47:44.945-0800: [GC concurrent-root-region-scan-end, 0.0001016 secs]
2021-08-14T14:47:44.945-0800: [GC concurrent-mark-start]
2021-08-14T14:47:44.946-0800: [GC concurrent-mark-end, 0.0006513 secs]
2021-08-14T14:47:44.946-0800: [GC remark 2021-08-14T14:47:44.946-0800: [Finalize Marking, 0.0003074 secs] 2021-08-14T14:47:44.947-0800: [GC ref-proc, 0.0000685 secs] 2021-08-14T14:47:44.947-0800: [Unloading, 0.0005281 secs], 0.0013174 secs]
 [Times: user=0.01 sys=0.00, real=0.00 secs] 
2021-08-14T14:47:44.948-0800: [GC cleanup 313M->312M(512M), 0.0007744 secs]
 [Times: user=0.00 sys=0.00, real=0.00 secs] 
2021-08-14T14:47:44.949-0800: [GC concurrent-cleanup-start]
2021-08-14T14:47:44.949-0800: [GC concurrent-cleanup-end, 0.0000314 secs]
2021-08-14T14:47:44.964-0800: [GC pause (G1 Evacuation Pause) (young), 0.0038912 secs]
   [Parallel Time: 3.0 ms, GC Workers: 13]
      [GC Worker Start (ms): Min: 390.3, Avg: 390.4, Max: 390.5, Diff: 0.2]
      [Ext Root Scanning (ms): Min: 0.0, Avg: 0.1, Max: 0.2, Diff: 0.2, Sum: 0.8]
      [Update RS (ms): Min: 0.2, Avg: 0.2, Max: 0.2, Diff: 0.1, Sum: 2.5]
         [Processed Buffers: Min: 0, Avg: 2.3, Max: 3, Diff: 3, Sum: 30]
      [Scan RS (ms): Min: 0.0, Avg: 0.0, Max: 0.0, Diff: 0.0, Sum: 0.1]
      [Code Root Scanning (ms): Min: 0.0, Avg: 0.0, Max: 0.0, Diff: 0.0, Sum: 0.0]
      [Object Copy (ms): Min: 2.2, Avg: 2.3, Max: 2.4, Diff: 0.2, Sum: 30.0]
      [Termination (ms): Min: 0.0, Avg: 0.2, Max: 0.2, Diff: 0.2, Sum: 2.0]
         [Termination Attempts: Min: 1, Avg: 1.0, Max: 1, Diff: 0, Sum: 13]
      [GC Worker Other (ms): Min: 0.0, Avg: 0.0, Max: 0.0, Diff: 0.0, Sum: 0.1]
      [GC Worker Total (ms): Min: 2.6, Avg: 2.7, Max: 2.9, Diff: 0.3, Sum: 35.5]
      [GC Worker End (ms): Min: 393.1, Avg: 393.1, Max: 393.2, Diff: 0.1]
   [Code Root Fixup: 0.0 ms]
   [Code Root Purge: 0.0 ms]
   [Clear CT: 0.2 ms]
   [Other: 0.7 ms]
      [Choose CSet: 0.0 ms]
      [Ref Proc: 0.3 ms]
      [Ref Enq: 0.0 ms]
      [Redirty Cards: 0.2 ms]
      [Humongous Register: 0.1 ms]
      [Humongous Reclaim: 0.0 ms]
      [Free CSet: 0.0 ms]
   [Eden: 92160.0K(92160.0K)->0.0B(13312.0K) Survivors: 3072.0K->12288.0K Heap: 411.5M(512.0M)->329.0M(512.0M)]
 [Times: user=0.03 sys=0.00, real=0.00 secs] 
2021-08-14T14:47:44.970-0800: [GC pause (G1 Evacuation Pause) (mixed), 0.0033122 secs]
   [Parallel Time: 2.4 ms, GC Workers: 13]
      [GC Worker Start (ms): Min: 396.3, Avg: 396.5, Max: 396.5, Diff: 0.2]
      [Ext Root Scanning (ms): Min: 0.0, Avg: 0.1, Max: 0.2, Diff: 0.2, Sum: 0.8]
      [Update RS (ms): Min: 0.0, Avg: 0.1, Max: 0.1, Diff: 0.1, Sum: 1.2]
         [Processed Buffers: Min: 1, Avg: 1.8, Max: 3, Diff: 2, Sum: 24]
      [Scan RS (ms): Min: 0.0, Avg: 0.0, Max: 0.0, Diff: 0.0, Sum: 0.1]
      [Code Root Scanning (ms): Min: 0.0, Avg: 0.0, Max: 0.0, Diff: 0.0, Sum: 0.0]
      [Object Copy (ms): Min: 1.8, Avg: 1.9, Max: 2.0, Diff: 0.2, Sum: 24.4]
      [Termination (ms): Min: 0.0, Avg: 0.1, Max: 0.2, Diff: 0.2, Sum: 1.7]
         [Termination Attempts: Min: 1, Avg: 1.1, Max: 2, Diff: 1, Sum: 14]
      [GC Worker Other (ms): Min: 0.0, Avg: 0.0, Max: 0.0, Diff: 0.0, Sum: 0.1]
      [GC Worker Total (ms): Min: 2.1, Avg: 2.2, Max: 2.3, Diff: 0.3, Sum: 28.3]
      [GC Worker End (ms): Min: 398.6, Avg: 398.6, Max: 398.7, Diff: 0.1]
   [Code Root Fixup: 0.0 ms]
   [Code Root Purge: 0.0 ms]
   [Clear CT: 0.3 ms]
   [Other: 0.6 ms]
      [Choose CSet: 0.0 ms]
      [Ref Proc: 0.3 ms]
      [Ref Enq: 0.0 ms]
      [Redirty Cards: 0.2 ms]
      [Humongous Register: 0.0 ms]
      [Humongous Reclaim: 0.0 ms]
      [Free CSet: 0.0 ms]
   [Eden: 13312.0K(13312.0K)->0.0B(21504.0K) Survivors: 12288.0K->4096.0K Heap: 343.3M(512.0M)->284.8M(512.0M)]
 [Times: user=0.02 sys=0.01, real=0.00 secs] 
2021-08-14T14:47:44.977-0800: [GC pause (G1 Evacuation Pause) (mixed), 0.0048417 secs]
   [Parallel Time: 3.8 ms, GC Workers: 13]
      [GC Worker Start (ms): Min: 403.3, Avg: 403.4, Max: 403.5, Diff: 0.2]
      [Ext Root Scanning (ms): Min: 0.0, Avg: 0.1, Max: 0.2, Diff: 0.2, Sum: 1.4]
      [Update RS (ms): Min: 0.2, Avg: 0.3, Max: 0.5, Diff: 0.3, Sum: 4.0]
         [Processed Buffers: Min: 2, Avg: 2.8, Max: 3, Diff: 1, Sum: 37]
      [Scan RS (ms): Min: 0.0, Avg: 0.0, Max: 0.3, Diff: 0.3, Sum: 0.6]
      [Code Root Scanning (ms): Min: 0.0, Avg: 0.0, Max: 0.1, Diff: 0.1, Sum: 0.1]
      [Object Copy (ms): Min: 2.2, Avg: 2.4, Max: 3.0, Diff: 0.8, Sum: 31.5]
      [Termination (ms): Min: 0.0, Avg: 0.6, Max: 0.7, Diff: 0.7, Sum: 8.1]
         [Termination Attempts: Min: 1, Avg: 1.0, Max: 1, Diff: 0, Sum: 13]
      [GC Worker Other (ms): Min: 0.0, Avg: 0.0, Max: 0.0, Diff: 0.0, Sum: 0.1]
      [GC Worker Total (ms): Min: 3.4, Avg: 3.5, Max: 3.7, Diff: 0.3, Sum: 45.7]
      [GC Worker End (ms): Min: 406.8, Avg: 406.9, Max: 407.0, Diff: 0.2]
   [Code Root Fixup: 0.0 ms]
   [Code Root Purge: 0.0 ms]
   [Clear CT: 0.2 ms]
   [Other: 0.8 ms]
      [Choose CSet: 0.0 ms]
      [Ref Proc: 0.4 ms]
      [Ref Enq: 0.0 ms]
      [Redirty Cards: 0.2 ms]
      [Humongous Register: 0.1 ms]
      [Humongous Reclaim: 0.0 ms]
      [Free CSet: 0.1 ms]
   [Eden: 21504.0K(21504.0K)->0.0B(123.0M) Survivors: 4096.0K->4096.0K Heap: 310.5M(512.0M)->260.5M(512.0M)]
 [Times: user=0.04 sys=0.00, real=0.01 secs] 
2021-08-14T14:47:44.982-0800: [GC pause (G1 Humongous Allocation) (young) (initial-mark), 0.0018276 secs]
   [Parallel Time: 0.9 ms, GC Workers: 13]
      [GC Worker Start (ms): Min: 408.5, Avg: 408.7, Max: 408.8, Diff: 0.2]
      [Ext Root Scanning (ms): Min: 0.0, Avg: 0.2, Max: 0.4, Diff: 0.4, Sum: 2.8]
      [Update RS (ms): Min: 0.0, Avg: 0.1, Max: 0.3, Diff: 0.3, Sum: 1.0]
         [Processed Buffers: Min: 0, Avg: 1.1, Max: 5, Diff: 5, Sum: 14]
      [Scan RS (ms): Min: 0.0, Avg: 0.0, Max: 0.0, Diff: 0.0, Sum: 0.0]
      [Code Root Scanning (ms): Min: 0.0, Avg: 0.0, Max: 0.0, Diff: 0.0, Sum: 0.0]
      [Object Copy (ms): Min: 0.0, Avg: 0.2, Max: 0.4, Diff: 0.4, Sum: 2.7]
      [Termination (ms): Min: 0.0, Avg: 0.1, Max: 0.2, Diff: 0.2, Sum: 1.9]
         [Termination Attempts: Min: 1, Avg: 1.0, Max: 1, Diff: 0, Sum: 13]
      [GC Worker Other (ms): Min: 0.0, Avg: 0.0, Max: 0.0, Diff: 0.0, Sum: 0.1]
      [GC Worker Total (ms): Min: 0.6, Avg: 0.7, Max: 0.8, Diff: 0.2, Sum: 8.5]
      [GC Worker End (ms): Min: 409.3, Avg: 409.3, Max: 409.4, Diff: 0.1]
   [Code Root Fixup: 0.0 ms]
   [Code Root Purge: 0.0 ms]
   [Clear CT: 0.2 ms]
   [Other: 0.7 ms]
      [Choose CSet: 0.0 ms]
      [Ref Proc: 0.4 ms]
      [Ref Enq: 0.0 ms]
      [Redirty Cards: 0.2 ms]
      [Humongous Register: 0.0 ms]
      [Humongous Reclaim: 0.0 ms]
      [Free CSet: 0.0 ms]
   [Eden: 1024.0K(123.0M)->0.0B(127.0M) Survivors: 4096.0K->4096.0K Heap: 261.1M(512.0M)->259.9M(512.0M)]
 [Times: user=0.01 sys=0.00, real=0.00 secs] 
2021-08-14T14:47:44.984-0800: [GC concurrent-root-region-scan-start]
2021-08-14T14:47:44.984-0800: [GC concurrent-root-region-scan-end, 0.0001067 secs]
2021-08-14T14:47:44.984-0800: [GC concurrent-mark-start]
2021-08-14T14:47:44.985-0800: [GC concurrent-mark-end, 0.0009840 secs]
2021-08-14T14:47:44.986-0800: [GC remark 2021-08-14T14:47:44.986-0800: [Finalize Marking, 0.0005240 secs] 2021-08-14T14:47:44.986-0800: [GC ref-proc, 0.0000711 secs] 2021-08-14T14:47:44.986-0800: [Unloading, 0.0005328 secs], 0.0016283 secs]
 [Times: user=0.01 sys=0.01, real=0.00 secs] 
2021-08-14T14:47:44.987-0800: [GC cleanup 269M->267M(512M), 0.0010559 secs]
 [Times: user=0.00 sys=0.00, real=0.00 secs] 
2021-08-14T14:47:44.988-0800: [GC concurrent-cleanup-start]
2021-08-14T14:47:44.988-0800: [GC concurrent-cleanup-end, 0.0000360 secs]
2021-08-14T14:47:45.011-0800: [GC pause (G1 Evacuation Pause) (young) (to-space exhausted), 0.0047384 secs]
   [Parallel Time: 3.5 ms, GC Workers: 13]
      [GC Worker Start (ms): Min: 437.9, Avg: 438.0, Max: 438.1, Diff: 0.2]
      [Ext Root Scanning (ms): Min: 0.0, Avg: 0.1, Max: 0.2, Diff: 0.2, Sum: 0.9]
      [Update RS (ms): Min: 0.2, Avg: 0.2, Max: 0.3, Diff: 0.1, Sum: 2.9]
         [Processed Buffers: Min: 0, Avg: 2.2, Max: 3, Diff: 3, Sum: 28]
      [Scan RS (ms): Min: 0.0, Avg: 0.0, Max: 0.0, Diff: 0.0, Sum: 0.2]
      [Code Root Scanning (ms): Min: 0.0, Avg: 0.0, Max: 0.0, Diff: 0.0, Sum: 0.0]
      [Object Copy (ms): Min: 2.8, Avg: 2.9, Max: 2.9, Diff: 0.1, Sum: 37.4]
      [Termination (ms): Min: 0.0, Avg: 0.1, Max: 0.1, Diff: 0.1, Sum: 0.8]
         [Termination Attempts: Min: 1, Avg: 1.2, Max: 2, Diff: 1, Sum: 15]
      [GC Worker Other (ms): Min: 0.0, Avg: 0.0, Max: 0.0, Diff: 0.0, Sum: 0.1]
      [GC Worker Total (ms): Min: 3.2, Avg: 3.3, Max: 3.4, Diff: 0.2, Sum: 42.3]
      [GC Worker End (ms): Min: 441.3, Avg: 441.3, Max: 441.3, Diff: 0.0]
   [Code Root Fixup: 0.0 ms]
   [Code Root Purge: 0.0 ms]
   [Clear CT: 0.3 ms]
   [Other: 1.0 ms]
      [Evacuation Failure: 0.2 ms]
      [Choose CSet: 0.0 ms]
      [Ref Proc: 0.3 ms]
      [Ref Enq: 0.0 ms]
      [Redirty Cards: 0.2 ms]
      [Humongous Register: 0.1 ms]
      [Humongous Reclaim: 0.1 ms]
      [Free CSet: 0.1 ms]
   [Eden: 127.0M(127.0M)->0.0B(8192.0K) Survivors: 4096.0K->17408.0K Heap: 421.6M(512.0M)->346.4M(512.0M)]
 [Times: user=0.04 sys=0.00, real=0.00 secs] 
2021-08-14T14:47:45.018-0800: [GC pause (G1 Evacuation Pause) (mixed), 0.0044515 secs]
   [Parallel Time: 3.5 ms, GC Workers: 13]
      [GC Worker Start (ms): Min: 444.4, Avg: 444.5, Max: 444.7, Diff: 0.3]
      [Ext Root Scanning (ms): Min: 0.0, Avg: 0.1, Max: 0.2, Diff: 0.2, Sum: 1.2]
      [Update RS (ms): Min: 0.1, Avg: 0.3, Max: 0.3, Diff: 0.2, Sum: 3.3]
         [Processed Buffers: Min: 1, Avg: 2.3, Max: 3, Diff: 2, Sum: 30]
      [Scan RS (ms): Min: 0.0, Avg: 0.0, Max: 0.1, Diff: 0.1, Sum: 0.4]
      [Code Root Scanning (ms): Min: 0.0, Avg: 0.0, Max: 0.0, Diff: 0.0, Sum: 0.0]
      [Object Copy (ms): Min: 2.7, Avg: 2.8, Max: 2.9, Diff: 0.2, Sum: 36.6]
      [Termination (ms): Min: 0.0, Avg: 0.1, Max: 0.2, Diff: 0.2, Sum: 1.4]
         [Termination Attempts: Min: 1, Avg: 1.0, Max: 1, Diff: 0, Sum: 13]
      [GC Worker Other (ms): Min: 0.0, Avg: 0.0, Max: 0.0, Diff: 0.0, Sum: 0.1]
      [GC Worker Total (ms): Min: 3.1, Avg: 3.3, Max: 3.5, Diff: 0.4, Sum: 43.0]
      [GC Worker End (ms): Min: 447.8, Avg: 447.8, Max: 447.9, Diff: 0.1]
   [Code Root Fixup: 0.0 ms]
   [Code Root Purge: 0.0 ms]
   [Clear CT: 0.2 ms]
   [Other: 0.8 ms]
      [Choose CSet: 0.0 ms]
      [Ref Proc: 0.3 ms]
      [Ref Enq: 0.0 ms]
      [Redirty Cards: 0.2 ms]
      [Humongous Register: 0.1 ms]
      [Humongous Reclaim: 0.0 ms]
      [Free CSet: 0.0 ms]
   [Eden: 8192.0K(8192.0K)->0.0B(70656.0K) Survivors: 17408.0K->3072.0K Heap: 357.9M(512.0M)->331.9M(512.0M)]
 [Times: user=0.03 sys=0.01, real=0.01 secs] 
2021-08-14T14:47:45.023-0800: [GC pause (G1 Humongous Allocation) (young) (initial-mark), 0.0015725 secs]
   [Parallel Time: 0.7 ms, GC Workers: 13]
      [GC Worker Start (ms): Min: 449.4, Avg: 449.5, Max: 449.6, Diff: 0.2]
      [Ext Root Scanning (ms): Min: 0.0, Avg: 0.1, Max: 0.2, Diff: 0.2, Sum: 1.3]
      [Update RS (ms): Min: 0.0, Avg: 0.1, Max: 0.1, Diff: 0.1, Sum: 0.7]
         [Processed Buffers: Min: 0, Avg: 1.0, Max: 2, Diff: 2, Sum: 13]
      [Scan RS (ms): Min: 0.0, Avg: 0.0, Max: 0.0, Diff: 0.0, Sum: 0.0]
      [Code Root Scanning (ms): Min: 0.0, Avg: 0.0, Max: 0.0, Diff: 0.0, Sum: 0.0]
      [Object Copy (ms): Min: 0.1, Avg: 0.2, Max: 0.3, Diff: 0.2, Sum: 3.0]
      [Termination (ms): Min: 0.0, Avg: 0.1, Max: 0.2, Diff: 0.2, Sum: 1.4]
         [Termination Attempts: Min: 1, Avg: 1.0, Max: 1, Diff: 0, Sum: 13]
      [GC Worker Other (ms): Min: 0.0, Avg: 0.0, Max: 0.0, Diff: 0.0, Sum: 0.1]
      [GC Worker Total (ms): Min: 0.4, Avg: 0.5, Max: 0.6, Diff: 0.2, Sum: 6.5]
      [GC Worker End (ms): Min: 450.0, Avg: 450.0, Max: 450.1, Diff: 0.1]
   [Code Root Fixup: 0.0 ms]
   [Code Root Purge: 0.0 ms]
   [Clear CT: 0.2 ms]
   [Other: 0.6 ms]
      [Choose CSet: 0.0 ms]
      [Ref Proc: 0.2 ms]
      [Ref Enq: 0.0 ms]
      [Redirty Cards: 0.2 ms]
      [Humongous Register: 0.1 ms]
      [Humongous Reclaim: 0.0 ms]
      [Free CSet: 0.0 ms]
   [Eden: 2048.0K(70656.0K)->0.0B(67584.0K) Survivors: 3072.0K->4096.0K Heap: 333.3M(512.0M)->332.7M(512.0M)]
 [Times: user=0.01 sys=0.00, real=0.00 secs] 
2021-08-14T14:47:45.025-0800: [GC concurrent-root-region-scan-start]
2021-08-14T14:47:45.025-0800: [GC concurrent-root-region-scan-end, 0.0001042 secs]
2021-08-14T14:47:45.025-0800: [GC concurrent-mark-start]
2021-08-14T14:47:45.026-0800: [GC concurrent-mark-end, 0.0010281 secs]
2021-08-14T14:47:45.026-0800: [GC remark 2021-08-14T14:47:45.026-0800: [Finalize Marking, 0.0003242 secs] 2021-08-14T14:47:45.026-0800: [GC ref-proc, 0.0000705 secs] 2021-08-14T14:47:45.026-0800: [Unloading, 0.0005013 secs], 0.0015476 secs]
 [Times: user=0.01 sys=0.00, real=0.00 secs] 
2021-08-14T14:47:45.028-0800: [GC cleanup 342M->342M(512M), 0.0009047 secs]
 [Times: user=0.00 sys=0.00, real=0.00 secs] 
2021-08-14T14:47:45.039-0800: [GC pause (G1 Evacuation Pause) (young), 0.0039855 secs]
   [Parallel Time: 3.0 ms, GC Workers: 13]
      [GC Worker Start (ms): Min: 465.4, Avg: 465.5, Max: 465.6, Diff: 0.2]
      [Ext Root Scanning (ms): Min: 0.0, Avg: 0.1, Max: 0.2, Diff: 0.2, Sum: 1.1]
      [Update RS (ms): Min: 0.2, Avg: 0.3, Max: 0.3, Diff: 0.1, Sum: 3.6]
         [Processed Buffers: Min: 0, Avg: 2.6, Max: 3, Diff: 3, Sum: 34]
      [Scan RS (ms): Min: 0.0, Avg: 0.0, Max: 0.0, Diff: 0.0, Sum: 0.1]
      [Code Root Scanning (ms): Min: 0.0, Avg: 0.0, Max: 0.0, Diff: 0.0, Sum: 0.0]
      [Object Copy (ms): Min: 2.0, Avg: 2.1, Max: 2.3, Diff: 0.3, Sum: 27.8]
      [Termination (ms): Min: 0.0, Avg: 0.2, Max: 0.5, Diff: 0.5, Sum: 2.5]
         [Termination Attempts: Min: 1, Avg: 1.0, Max: 1, Diff: 0, Sum: 13]
      [GC Worker Other (ms): Min: 0.0, Avg: 0.0, Max: 0.0, Diff: 0.0, Sum: 0.1]
      [GC Worker Total (ms): Min: 2.6, Avg: 2.7, Max: 2.9, Diff: 0.3, Sum: 35.3]
      [GC Worker End (ms): Min: 468.2, Avg: 468.3, Max: 468.4, Diff: 0.2]
   [Code Root Fixup: 0.0 ms]
   [Code Root Purge: 0.0 ms]
   [Clear CT: 0.2 ms]
   [Other: 0.7 ms]
      [Choose CSet: 0.0 ms]
      [Ref Proc: 0.3 ms]
      [Ref Enq: 0.0 ms]
      [Redirty Cards: 0.2 ms]
      [Humongous Register: 0.1 ms]
      [Humongous Reclaim: 0.0 ms]
      [Free CSet: 0.0 ms]
   [Eden: 67584.0K(67584.0K)->0.0B(16384.0K) Survivors: 4096.0K->9216.0K Heap: 414.8M(512.0M)->362.4M(512.0M)]
 [Times: user=0.03 sys=0.01, real=0.01 secs] 
2021-08-14T14:47:45.046-0800: [GC pause (G1 Evacuation Pause) (mixed), 0.0034990 secs]
   [Parallel Time: 2.4 ms, GC Workers: 13]
      [GC Worker Start (ms): Min: 472.5, Avg: 472.6, Max: 472.7, Diff: 0.2]
      [Ext Root Scanning (ms): Min: 0.0, Avg: 0.1, Max: 0.2, Diff: 0.2, Sum: 1.3]
      [Update RS (ms): Min: 0.1, Avg: 0.2, Max: 0.2, Diff: 0.1, Sum: 2.2]
         [Processed Buffers: Min: 2, Avg: 2.3, Max: 4, Diff: 2, Sum: 30]
      [Scan RS (ms): Min: 0.0, Avg: 0.0, Max: 0.0, Diff: 0.0, Sum: 0.2]
      [Code Root Scanning (ms): Min: 0.0, Avg: 0.0, Max: 0.0, Diff: 0.0, Sum: 0.0]
      [Object Copy (ms): Min: 1.5, Avg: 1.7, Max: 1.7, Diff: 0.2, Sum: 21.8]
      [Termination (ms): Min: 0.0, Avg: 0.1, Max: 0.5, Diff: 0.5, Sum: 1.7]
         [Termination Attempts: Min: 1, Avg: 1.0, Max: 1, Diff: 0, Sum: 13]
      [GC Worker Other (ms): Min: 0.0, Avg: 0.0, Max: 0.0, Diff: 0.0, Sum: 0.1]
      [GC Worker Total (ms): Min: 2.0, Avg: 2.1, Max: 2.2, Diff: 0.2, Sum: 27.4]
      [GC Worker End (ms): Min: 474.7, Avg: 474.7, Max: 474.9, Diff: 0.2]
   [Code Root Fixup: 0.0 ms]
   [Code Root Purge: 0.0 ms]
   [Clear CT: 0.3 ms]
   [Other: 0.8 ms]
      [Choose CSet: 0.0 ms]
      [Ref Proc: 0.3 ms]
      [Ref Enq: 0.0 ms]
      [Redirty Cards: 0.3 ms]
      [Humongous Register: 0.1 ms]
      [Humongous Reclaim: 0.0 ms]
      [Free CSet: 0.1 ms]
   [Eden: 16384.0K(16384.0K)->0.0B(21504.0K) Survivors: 9216.0K->4096.0K Heap: 380.5M(512.0M)->323.1M(512.0M)]
 [Times: user=0.03 sys=0.00, real=0.01 secs] 
2021-08-14T14:47:45.054-0800: [GC pause (G1 Evacuation Pause) (mixed), 0.0043396 secs]
   [Parallel Time: 3.1 ms, GC Workers: 13]
      [GC Worker Start (ms): Min: 480.6, Avg: 480.7, Max: 480.7, Diff: 0.2]
      [Ext Root Scanning (ms): Min: 0.0, Avg: 0.1, Max: 0.2, Diff: 0.2, Sum: 1.1]
      [Update RS (ms): Min: 0.3, Avg: 0.3, Max: 0.4, Diff: 0.1, Sum: 4.3]
         [Processed Buffers: Min: 3, Avg: 3.5, Max: 4, Diff: 1, Sum: 45]
      [Scan RS (ms): Min: 0.0, Avg: 0.0, Max: 0.1, Diff: 0.1, Sum: 0.3]
      [Code Root Scanning (ms): Min: 0.0, Avg: 0.0, Max: 0.0, Diff: 0.0, Sum: 0.0]
      [Object Copy (ms): Min: 2.3, Avg: 2.4, Max: 2.4, Diff: 0.1, Sum: 30.9]
      [Termination (ms): Min: 0.0, Avg: 0.1, Max: 0.1, Diff: 0.1, Sum: 0.7]
         [Termination Attempts: Min: 1, Avg: 1.0, Max: 1, Diff: 0, Sum: 13]
      [GC Worker Other (ms): Min: 0.0, Avg: 0.0, Max: 0.0, Diff: 0.0, Sum: 0.2]
      [GC Worker Total (ms): Min: 2.8, Avg: 2.9, Max: 3.0, Diff: 0.2, Sum: 37.4]
      [GC Worker End (ms): Min: 483.5, Avg: 483.5, Max: 483.6, Diff: 0.1]
   [Code Root Fixup: 0.0 ms]
   [Code Root Purge: 0.0 ms]
   [Clear CT: 0.3 ms]
   [Other: 1.0 ms]
      [Choose CSet: 0.0 ms]
      [Ref Proc: 0.5 ms]
      [Ref Enq: 0.0 ms]
      [Redirty Cards: 0.2 ms]
      [Humongous Register: 0.1 ms]
      [Humongous Reclaim: 0.0 ms]
      [Free CSet: 0.0 ms]
   [Eden: 21504.0K(21504.0K)->0.0B(79872.0K) Survivors: 4096.0K->4096.0K Heap: 348.6M(512.0M)->312.1M(512.0M)]
 [Times: user=0.04 sys=0.00, real=0.00 secs] 
2021-08-14T14:47:45.059-0800: [GC pause (G1 Humongous Allocation) (young) (initial-mark), 0.0017767 secs]
   [Parallel Time: 0.8 ms, GC Workers: 13]
      [GC Worker Start (ms): Min: 485.3, Avg: 485.5, Max: 485.5, Diff: 0.2]
      [Ext Root Scanning (ms): Min: 0.0, Avg: 0.1, Max: 0.2, Diff: 0.2, Sum: 1.5]
      [Update RS (ms): Min: 0.0, Avg: 0.1, Max: 0.1, Diff: 0.1, Sum: 0.8]
         [Processed Buffers: Min: 0, Avg: 1.1, Max: 2, Diff: 2, Sum: 14]
      [Scan RS (ms): Min: 0.0, Avg: 0.0, Max: 0.0, Diff: 0.0, Sum: 0.0]
      [Code Root Scanning (ms): Min: 0.0, Avg: 0.0, Max: 0.0, Diff: 0.0, Sum: 0.0]
      [Object Copy (ms): Min: 0.2, Avg: 0.3, Max: 0.4, Diff: 0.2, Sum: 3.7]
      [Termination (ms): Min: 0.0, Avg: 0.1, Max: 0.3, Diff: 0.3, Sum: 1.5]
         [Termination Attempts: Min: 1, Avg: 1.2, Max: 2, Diff: 1, Sum: 15]
      [GC Worker Other (ms): Min: 0.0, Avg: 0.0, Max: 0.0, Diff: 0.0, Sum: 0.1]
      [GC Worker Total (ms): Min: 0.5, Avg: 0.6, Max: 0.7, Diff: 0.2, Sum: 7.7]
      [GC Worker End (ms): Min: 486.0, Avg: 486.0, Max: 486.1, Diff: 0.1]
   [Code Root Fixup: 0.0 ms]
   [Code Root Purge: 0.0 ms]
   [Clear CT: 0.3 ms]
   [Other: 0.7 ms]
      [Choose CSet: 0.0 ms]
      [Ref Proc: 0.3 ms]
      [Ref Enq: 0.0 ms]
      [Redirty Cards: 0.2 ms]
      [Humongous Register: 0.1 ms]
      [Humongous Reclaim: 0.0 ms]
      [Free CSet: 0.0 ms]
   [Eden: 1024.0K(79872.0K)->0.0B(78848.0K) Survivors: 4096.0K->5120.0K Heap: 313.0M(512.0M)->312.8M(512.0M)]
 [Times: user=0.01 sys=0.00, real=0.01 secs] 
2021-08-14T14:47:45.061-0800: [GC concurrent-root-region-scan-start]
2021-08-14T14:47:45.061-0800: [GC concurrent-root-region-scan-end, 0.0000999 secs]
2021-08-14T14:47:45.061-0800: [GC concurrent-mark-start]
2021-08-14T14:47:45.062-0800: [GC concurrent-mark-end, 0.0010107 secs]
2021-08-14T14:47:45.062-0800: [GC remark 2021-08-14T14:47:45.062-0800: [Finalize Marking, 0.0004393 secs] 2021-08-14T14:47:45.063-0800: [GC ref-proc, 0.0000751 secs] 2021-08-14T14:47:45.063-0800: [Unloading, 0.0005625 secs], 0.0017104 secs]
 [Times: user=0.01 sys=0.00, real=0.00 secs] 
2021-08-14T14:47:45.064-0800: [GC cleanup 317M->317M(512M), 0.0008856 secs]
 [Times: user=0.00 sys=0.00, real=0.00 secs] 
2021-08-14T14:47:45.080-0800: [GC pause (G1 Evacuation Pause) (young), 0.0038045 secs]
   [Parallel Time: 2.7 ms, GC Workers: 13]
      [GC Worker Start (ms): Min: 506.4, Avg: 506.5, Max: 506.6, Diff: 0.2]
      [Ext Root Scanning (ms): Min: 0.0, Avg: 0.1, Max: 0.2, Diff: 0.2, Sum: 1.4]
      [Update RS (ms): Min: 0.4, Avg: 0.5, Max: 0.5, Diff: 0.1, Sum: 6.0]
         [Processed Buffers: Min: 2, Avg: 4.1, Max: 5, Diff: 3, Sum: 53]
      [Scan RS (ms): Min: 0.0, Avg: 0.0, Max: 0.0, Diff: 0.0, Sum: 0.1]
      [Code Root Scanning (ms): Min: 0.0, Avg: 0.0, Max: 0.0, Diff: 0.0, Sum: 0.0]
      [Object Copy (ms): Min: 1.6, Avg: 1.7, Max: 1.8, Diff: 0.2, Sum: 22.5]
      [Termination (ms): Min: 0.0, Avg: 0.1, Max: 0.2, Diff: 0.2, Sum: 1.4]
         [Termination Attempts: Min: 1, Avg: 1.0, Max: 1, Diff: 0, Sum: 13]
      [GC Worker Other (ms): Min: 0.0, Avg: 0.0, Max: 0.0, Diff: 0.0, Sum: 0.2]
      [GC Worker Total (ms): Min: 2.3, Avg: 2.4, Max: 2.6, Diff: 0.3, Sum: 31.4]
      [GC Worker End (ms): Min: 508.9, Avg: 508.9, Max: 509.0, Diff: 0.1]
   [Code Root Fixup: 0.0 ms]
   [Code Root Purge: 0.0 ms]
   [Clear CT: 0.3 ms]
   [Other: 0.9 ms]
      [Choose CSet: 0.0 ms]
      [Ref Proc: 0.3 ms]
      [Ref Enq: 0.0 ms]
      [Redirty Cards: 0.2 ms]
      [Humongous Register: 0.1 ms]
      [Humongous Reclaim: 0.1 ms]
      [Free CSet: 0.0 ms]
   [Eden: 78848.0K(78848.0K)->0.0B(14336.0K) Survivors: 5120.0K->11264.0K Heap: 409.4M(512.0M)->333.5M(512.0M)]
 [Times: user=0.03 sys=0.00, real=0.00 secs] 
2021-08-14T14:47:45.086-0800: [GC pause (G1 Evacuation Pause) (mixed), 0.0051683 secs]
   [Parallel Time: 4.2 ms, GC Workers: 13]
      [GC Worker Start (ms): Min: 512.6, Avg: 512.7, Max: 512.8, Diff: 0.2]
      [Ext Root Scanning (ms): Min: 0.0, Avg: 0.1, Max: 0.2, Diff: 0.2, Sum: 1.2]
      [Update RS (ms): Min: 0.1, Avg: 0.2, Max: 0.2, Diff: 0.1, Sum: 2.1]
         [Processed Buffers: Min: 1, Avg: 2.1, Max: 3, Diff: 2, Sum: 27]
      [Scan RS (ms): Min: 0.0, Avg: 0.0, Max: 0.1, Diff: 0.1, Sum: 0.3]
      [Code Root Scanning (ms): Min: 0.0, Avg: 0.0, Max: 0.0, Diff: 0.0, Sum: 0.0]
      [Object Copy (ms): Min: 3.4, Avg: 3.5, Max: 3.6, Diff: 0.2, Sum: 45.7]
      [Termination (ms): Min: 0.0, Avg: 0.1, Max: 0.3, Diff: 0.3, Sum: 1.9]
         [Termination Attempts: Min: 1, Avg: 1.0, Max: 1, Diff: 0, Sum: 13]
      [GC Worker Other (ms): Min: 0.0, Avg: 0.0, Max: 0.0, Diff: 0.0, Sum: 0.1]
      [GC Worker Total (ms): Min: 3.8, Avg: 4.0, Max: 4.1, Diff: 0.2, Sum: 51.4]
      [GC Worker End (ms): Min: 516.6, Avg: 516.7, Max: 516.8, Diff: 0.1]
   [Code Root Fixup: 0.0 ms]
   [Code Root Purge: 0.0 ms]
   [Clear CT: 0.2 ms]
   [Other: 0.8 ms]
      [Choose CSet: 0.0 ms]
      [Ref Proc: 0.4 ms]
      [Ref Enq: 0.0 ms]
      [Redirty Cards: 0.2 ms]
      [Humongous Register: 0.1 ms]
      [Humongous Reclaim: 0.0 ms]
      [Free CSet: 0.0 ms]
   [Eden: 14336.0K(14336.0K)->0.0B(75776.0K) Survivors: 11264.0K->4096.0K Heap: 349.4M(512.0M)->317.5M(512.0M)]
 [Times: user=0.05 sys=0.00, real=0.01 secs] 
2021-08-14T14:47:45.092-0800: [GC pause (G1 Humongous Allocation) (young) (initial-mark), 0.0019353 secs]
   [Parallel Time: 1.0 ms, GC Workers: 13]
      [GC Worker Start (ms): Min: 518.6, Avg: 518.8, Max: 518.9, Diff: 0.3]
      [Ext Root Scanning (ms): Min: 0.0, Avg: 0.3, Max: 0.4, Diff: 0.4, Sum: 3.3]
      [Update RS (ms): Min: 0.0, Avg: 0.0, Max: 0.2, Diff: 0.2, Sum: 0.5]
         [Processed Buffers: Min: 0, Avg: 1.1, Max: 4, Diff: 4, Sum: 14]
      [Scan RS (ms): Min: 0.0, Avg: 0.0, Max: 0.0, Diff: 0.0, Sum: 0.0]
      [Code Root Scanning (ms): Min: 0.0, Avg: 0.0, Max: 0.0, Diff: 0.0, Sum: 0.0]
      [Object Copy (ms): Min: 0.1, Avg: 0.3, Max: 0.4, Diff: 0.3, Sum: 3.4]
      [Termination (ms): Min: 0.0, Avg: 0.1, Max: 0.3, Diff: 0.3, Sum: 1.5]
         [Termination Attempts: Min: 1, Avg: 1.0, Max: 1, Diff: 0, Sum: 13]
      [GC Worker Other (ms): Min: 0.0, Avg: 0.0, Max: 0.0, Diff: 0.0, Sum: 0.1]
      [GC Worker Total (ms): Min: 0.5, Avg: 0.7, Max: 0.8, Diff: 0.3, Sum: 8.8]
      [GC Worker End (ms): Min: 519.4, Avg: 519.4, Max: 519.5, Diff: 0.1]
   [Code Root Fixup: 0.0 ms]
   [Code Root Purge: 0.0 ms]
   [Clear CT: 0.2 ms]
   [Other: 0.8 ms]
      [Choose CSet: 0.0 ms]
      [Ref Proc: 0.4 ms]
      [Ref Enq: 0.0 ms]
      [Redirty Cards: 0.2 ms]
      [Humongous Register: 0.1 ms]
      [Humongous Reclaim: 0.0 ms]
      [Free CSet: 0.0 ms]
   [Eden: 2048.0K(75776.0K)->0.0B(79872.0K) Survivors: 4096.0K->5120.0K Heap: 319.5M(512.0M)->318.0M(512.0M)]
 [Times: user=0.01 sys=0.01, real=0.00 secs] 
2021-08-14T14:47:45.094-0800: [GC concurrent-root-region-scan-start]
2021-08-14T14:47:45.094-0800: [GC concurrent-root-region-scan-end, 0.0000895 secs]
2021-08-14T14:47:45.094-0800: [GC concurrent-mark-start]
2021-08-14T14:47:45.095-0800: [GC concurrent-mark-end, 0.0010508 secs]
2021-08-14T14:47:45.096-0800: [GC remark 2021-08-14T14:47:45.096-0800: [Finalize Marking, 0.0004124 secs] 2021-08-14T14:47:45.096-0800: [GC ref-proc, 0.0000750 secs] 2021-08-14T14:47:45.096-0800: [Unloading, 0.0005620 secs], 0.0017348 secs]
 [Times: user=0.01 sys=0.00, real=0.00 secs] 
2021-08-14T14:47:45.097-0800: [GC cleanup 327M->327M(512M), 0.0009507 secs]
 [Times: user=0.01 sys=0.00, real=0.00 secs] 
2021-08-14T14:47:45.112-0800: [GC pause (G1 Evacuation Pause) (young), 0.0045677 secs]
   [Parallel Time: 3.5 ms, GC Workers: 13]
      [GC Worker Start (ms): Min: 538.5, Avg: 538.6, Max: 538.7, Diff: 0.2]
      [Ext Root Scanning (ms): Min: 0.0, Avg: 0.1, Max: 0.2, Diff: 0.2, Sum: 1.0]
      [Update RS (ms): Min: 0.4, Avg: 0.4, Max: 0.4, Diff: 0.1, Sum: 5.3]
         [Processed Buffers: Min: 2, Avg: 4.0, Max: 5, Diff: 3, Sum: 52]
      [Scan RS (ms): Min: 0.0, Avg: 0.0, Max: 0.0, Diff: 0.0, Sum: 0.1]
      [Code Root Scanning (ms): Min: 0.0, Avg: 0.0, Max: 0.0, Diff: 0.0, Sum: 0.0]
      [Object Copy (ms): Min: 2.6, Avg: 2.7, Max: 2.8, Diff: 0.1, Sum: 34.9]
      [Termination (ms): Min: 0.0, Avg: 0.1, Max: 0.2, Diff: 0.2, Sum: 1.3]
         [Termination Attempts: Min: 1, Avg: 1.0, Max: 1, Diff: 0, Sum: 13]
      [GC Worker Other (ms): Min: 0.0, Avg: 0.0, Max: 0.0, Diff: 0.0, Sum: 0.1]
      [GC Worker Total (ms): Min: 3.2, Avg: 3.3, Max: 3.4, Diff: 0.2, Sum: 42.7]
      [GC Worker End (ms): Min: 541.9, Avg: 541.9, Max: 542.0, Diff: 0.1]
   [Code Root Fixup: 0.0 ms]
   [Code Root Purge: 0.0 ms]
   [Clear CT: 0.3 ms]
   [Other: 0.8 ms]
      [Choose CSet: 0.0 ms]
      [Ref Proc: 0.3 ms]
      [Ref Enq: 0.0 ms]
      [Redirty Cards: 0.2 ms]
      [Humongous Register: 0.1 ms]
      [Humongous Reclaim: 0.0 ms]
      [Free CSet: 0.0 ms]
   [Eden: 79872.0K(79872.0K)->0.0B(14336.0K) Survivors: 5120.0K->11264.0K Heap: 415.3M(512.0M)->347.6M(512.0M)]
 [Times: user=0.04 sys=0.00, real=0.00 secs] 
2021-08-14T14:47:45.120-0800: [GC pause (G1 Evacuation Pause) (mixed), 0.0047773 secs]
   [Parallel Time: 3.8 ms, GC Workers: 13]
      [GC Worker Start (ms): Min: 546.6, Avg: 546.8, Max: 546.9, Diff: 0.3]
      [Ext Root Scanning (ms): Min: 0.0, Avg: 0.1, Max: 0.2, Diff: 0.2, Sum: 0.9]
      [Update RS (ms): Min: 0.2, Avg: 0.3, Max: 0.3, Diff: 0.1, Sum: 3.7]
         [Processed Buffers: Min: 2, Avg: 3.3, Max: 5, Diff: 3, Sum: 43]
      [Scan RS (ms): Min: 0.0, Avg: 0.0, Max: 0.1, Diff: 0.1, Sum: 0.4]
      [Code Root Scanning (ms): Min: 0.0, Avg: 0.0, Max: 0.0, Diff: 0.0, Sum: 0.0]
      [Object Copy (ms): Min: 3.0, Avg: 3.0, Max: 3.1, Diff: 0.2, Sum: 39.2]
      [Termination (ms): Min: 0.0, Avg: 0.1, Max: 0.1, Diff: 0.1, Sum: 1.3]
         [Termination Attempts: Min: 1, Avg: 1.0, Max: 1, Diff: 0, Sum: 13]
      [GC Worker Other (ms): Min: 0.0, Avg: 0.0, Max: 0.0, Diff: 0.0, Sum: 0.1]
      [GC Worker Total (ms): Min: 3.4, Avg: 3.5, Max: 3.6, Diff: 0.2, Sum: 45.6]
      [GC Worker End (ms): Min: 550.3, Avg: 550.3, Max: 550.3, Diff: 0.1]
   [Code Root Fixup: 0.0 ms]
   [Code Root Purge: 0.0 ms]
   [Clear CT: 0.2 ms]
   [Other: 0.8 ms]
      [Choose CSet: 0.0 ms]
      [Ref Proc: 0.4 ms]
      [Ref Enq: 0.0 ms]
      [Redirty Cards: 0.2 ms]
      [Humongous Register: 0.1 ms]
      [Humongous Reclaim: 0.0 ms]
      [Free CSet: 0.0 ms]
   [Eden: 14336.0K(14336.0K)->0.0B(63488.0K) Survivors: 11264.0K->4096.0K Heap: 365.5M(512.0M)->334.0M(512.0M)]
 [Times: user=0.05 sys=0.00, real=0.00 secs] 
2021-08-14T14:47:45.126-0800: [GC pause (G1 Humongous Allocation) (young) (initial-mark), 0.0018686 secs]
   [Parallel Time: 0.9 ms, GC Workers: 13]
      [GC Worker Start (ms): Min: 552.0, Avg: 552.1, Max: 552.2, Diff: 0.2]
      [Ext Root Scanning (ms): Min: 0.0, Avg: 0.1, Max: 0.2, Diff: 0.2, Sum: 1.4]
      [Update RS (ms): Min: 0.0, Avg: 0.1, Max: 0.2, Diff: 0.2, Sum: 1.0]
         [Processed Buffers: Min: 1, Avg: 1.1, Max: 2, Diff: 1, Sum: 14]
      [Scan RS (ms): Min: 0.0, Avg: 0.0, Max: 0.0, Diff: 0.0, Sum: 0.0]
      [Code Root Scanning (ms): Min: 0.0, Avg: 0.0, Max: 0.0, Diff: 0.0, Sum: 0.0]
      [Object Copy (ms): Min: 0.2, Avg: 0.3, Max: 0.4, Diff: 0.3, Sum: 4.3]
      [Termination (ms): Min: 0.0, Avg: 0.1, Max: 0.2, Diff: 0.2, Sum: 1.4]
         [Termination Attempts: Min: 1, Avg: 1.0, Max: 1, Diff: 0, Sum: 13]
      [GC Worker Other (ms): Min: 0.0, Avg: 0.0, Max: 0.0, Diff: 0.0, Sum: 0.1]
      [GC Worker Total (ms): Min: 0.5, Avg: 0.6, Max: 0.8, Diff: 0.3, Sum: 8.2]
      [GC Worker End (ms): Min: 552.7, Avg: 552.7, Max: 552.8, Diff: 0.1]
   [Code Root Fixup: 0.0 ms]
   [Code Root Purge: 0.0 ms]
   [Clear CT: 0.2 ms]
   [Other: 0.8 ms]
      [Choose CSet: 0.0 ms]
      [Ref Proc: 0.4 ms]
      [Ref Enq: 0.0 ms]
      [Redirty Cards: 0.2 ms]
      [Humongous Register: 0.1 ms]
      [Humongous Reclaim: 0.0 ms]
      [Free CSet: 0.0 ms]
   [Eden: 3072.0K(63488.0K)->0.0B(61440.0K) Survivors: 4096.0K->6144.0K Heap: 336.1M(512.0M)->335.1M(512.0M)]
 [Times: user=0.01 sys=0.01, real=0.00 secs] 
2021-08-14T14:47:45.128-0800: [GC concurrent-root-region-scan-start]
2021-08-14T14:47:45.128-0800: [GC concurrent-root-region-scan-end, 0.0000981 secs]
2021-08-14T14:47:45.128-0800: [GC concurrent-mark-start]
2021-08-14T14:47:45.129-0800: [GC concurrent-mark-end, 0.0010205 secs]
2021-08-14T14:47:45.129-0800: [GC remark 2021-08-14T14:47:45.129-0800: [Finalize Marking, 0.0004411 secs] 2021-08-14T14:47:45.129-0800: [GC ref-proc, 0.0000755 secs] 2021-08-14T14:47:45.129-0800: [Unloading, 0.0005330 secs], 0.0016663 secs]
 [Times: user=0.01 sys=0.00, real=0.01 secs] 
2021-08-14T14:47:45.131-0800: [GC cleanup 344M->344M(512M), 0.0010026 secs]
 [Times: user=0.00 sys=0.00, real=0.00 secs] 
2021-08-14T14:47:45.143-0800: [GC pause (G1 Evacuation Pause) (young), 0.0039610 secs]
   [Parallel Time: 2.7 ms, GC Workers: 13]
      [GC Worker Start (ms): Min: 569.2, Avg: 569.3, Max: 569.4, Diff: 0.2]
      [Ext Root Scanning (ms): Min: 0.0, Avg: 0.1, Max: 0.2, Diff: 0.2, Sum: 0.9]
      [Update RS (ms): Min: 0.3, Avg: 0.4, Max: 0.4, Diff: 0.1, Sum: 5.0]
         [Processed Buffers: Min: 2, Avg: 3.7, Max: 4, Diff: 2, Sum: 48]
      [Scan RS (ms): Min: 0.0, Avg: 0.0, Max: 0.0, Diff: 0.0, Sum: 0.1]
      [Code Root Scanning (ms): Min: 0.0, Avg: 0.0, Max: 0.0, Diff: 0.0, Sum: 0.0]
      [Object Copy (ms): Min: 1.8, Avg: 1.9, Max: 1.9, Diff: 0.2, Sum: 24.1]
      [Termination (ms): Min: 0.0, Avg: 0.1, Max: 0.2, Diff: 0.2, Sum: 1.3]
         [Termination Attempts: Min: 1, Avg: 1.0, Max: 1, Diff: 0, Sum: 13]
      [GC Worker Other (ms): Min: 0.0, Avg: 0.0, Max: 0.0, Diff: 0.0, Sum: 0.1]
      [GC Worker Total (ms): Min: 2.3, Avg: 2.4, Max: 2.6, Diff: 0.3, Sum: 31.5]
      [GC Worker End (ms): Min: 571.7, Avg: 571.8, Max: 571.8, Diff: 0.1]
   [Code Root Fixup: 0.0 ms]
   [Code Root Purge: 0.0 ms]
   [Clear CT: 0.1 ms]
   [Other: 1.1 ms]
      [Choose CSet: 0.0 ms]
      [Ref Proc: 0.5 ms]
      [Ref Enq: 0.0 ms]
      [Redirty Cards: 0.4 ms]
      [Humongous Register: 0.1 ms]
      [Humongous Reclaim: 0.0 ms]
      [Free CSet: 0.0 ms]
   [Eden: 61440.0K(61440.0K)->0.0B(16384.0K) Survivors: 6144.0K->9216.0K Heap: 410.7M(512.0M)->354.1M(512.0M)]
 [Times: user=0.03 sys=0.00, real=0.00 secs] 
2021-08-14T14:47:45.150-0800: [GC pause (G1 Evacuation Pause) (mixed), 0.0055328 secs]
   [Parallel Time: 4.4 ms, GC Workers: 13]
      [GC Worker Start (ms): Min: 576.9, Avg: 577.0, Max: 577.0, Diff: 0.2]
      [Ext Root Scanning (ms): Min: 0.0, Avg: 0.1, Max: 0.2, Diff: 0.2, Sum: 1.3]
      [Update RS (ms): Min: 0.4, Avg: 0.5, Max: 0.5, Diff: 0.1, Sum: 6.1]
         [Processed Buffers: Min: 4, Avg: 4.5, Max: 5, Diff: 1, Sum: 58]
      [Scan RS (ms): Min: 0.0, Avg: 0.0, Max: 0.1, Diff: 0.1, Sum: 0.3]
      [Code Root Scanning (ms): Min: 0.0, Avg: 0.0, Max: 0.0, Diff: 0.0, Sum: 0.0]
      [Object Copy (ms): Min: 3.5, Avg: 3.5, Max: 3.6, Diff: 0.1, Sum: 45.9]
      [Termination (ms): Min: 0.0, Avg: 0.1, Max: 0.1, Diff: 0.1, Sum: 1.0]
         [Termination Attempts: Min: 1, Avg: 1.1, Max: 2, Diff: 1, Sum: 14]
      [GC Worker Other (ms): Min: 0.0, Avg: 0.0, Max: 0.0, Diff: 0.0, Sum: 0.2]
      [GC Worker Total (ms): Min: 4.1, Avg: 4.2, Max: 4.4, Diff: 0.2, Sum: 54.8]
      [GC Worker End (ms): Min: 581.1, Avg: 581.2, Max: 581.2, Diff: 0.1]
   [Code Root Fixup: 0.0 ms]
   [Code Root Purge: 0.0 ms]
   [Clear CT: 0.2 ms]
   [Other: 0.9 ms]
      [Choose CSet: 0.0 ms]
      [Ref Proc: 0.5 ms]
      [Ref Enq: 0.0 ms]
      [Redirty Cards: 0.2 ms]
      [Humongous Register: 0.1 ms]
      [Humongous Reclaim: 0.0 ms]
      [Free CSet: 0.1 ms]
   [Eden: 16384.0K(16384.0K)->0.0B(59392.0K) Survivors: 9216.0K->4096.0K Heap: 375.8M(512.0M)->336.6M(512.0M)]
 [Times: user=0.05 sys=0.00, real=0.00 secs] 
2021-08-14T14:47:45.156-0800: [GC pause (G1 Humongous Allocation) (young) (initial-mark), 0.0022123 secs]
   [Parallel Time: 1.0 ms, GC Workers: 13]
      [GC Worker Start (ms): Min: 582.8, Avg: 583.0, Max: 583.1, Diff: 0.3]
      [Ext Root Scanning (ms): Min: 0.0, Avg: 0.3, Max: 0.5, Diff: 0.5, Sum: 3.6]
      [Update RS (ms): Min: 0.0, Avg: 0.0, Max: 0.1, Diff: 0.1, Sum: 0.4]
         [Processed Buffers: Min: 0, Avg: 1.1, Max: 6, Diff: 6, Sum: 14]
      [Scan RS (ms): Min: 0.0, Avg: 0.0, Max: 0.0, Diff: 0.0, Sum: 0.0]
      [Code Root Scanning (ms): Min: 0.0, Avg: 0.0, Max: 0.0, Diff: 0.0, Sum: 0.0]
      [Object Copy (ms): Min: 0.1, Avg: 0.3, Max: 0.4, Diff: 0.3, Sum: 3.7]
      [Termination (ms): Min: 0.0, Avg: 0.1, Max: 0.3, Diff: 0.3, Sum: 1.8]
         [Termination Attempts: Min: 1, Avg: 1.0, Max: 1, Diff: 0, Sum: 13]
      [GC Worker Other (ms): Min: 0.0, Avg: 0.0, Max: 0.0, Diff: 0.0, Sum: 0.1]
      [GC Worker Total (ms): Min: 0.6, Avg: 0.7, Max: 0.9, Diff: 0.3, Sum: 9.7]
      [GC Worker End (ms): Min: 583.7, Avg: 583.7, Max: 583.8, Diff: 0.1]
   [Code Root Fixup: 0.0 ms]
   [Code Root Purge: 0.0 ms]
   [Clear CT: 0.2 ms]
   [Other: 1.0 ms]
      [Choose CSet: 0.0 ms]
      [Ref Proc: 0.6 ms]
      [Ref Enq: 0.0 ms]
      [Redirty Cards: 0.2 ms]
      [Humongous Register: 0.1 ms]
      [Humongous Reclaim: 0.0 ms]
      [Free CSet: 0.0 ms]
   [Eden: 1024.0K(59392.0K)->0.0B(49152.0K) Survivors: 4096.0K->5120.0K Heap: 337.6M(512.0M)->337.2M(512.0M)]
 [Times: user=0.01 sys=0.00, real=0.00 secs] 
2021-08-14T14:47:45.159-0800: [GC concurrent-root-region-scan-start]
2021-08-14T14:47:45.159-0800: [GC concurrent-root-region-scan-end, 0.0000966 secs]
2021-08-14T14:47:45.159-0800: [GC concurrent-mark-start]
2021-08-14T14:47:45.160-0800: [GC concurrent-mark-end, 0.0010462 secs]
2021-08-14T14:47:45.160-0800: [GC remark 2021-08-14T14:47:45.160-0800: [Finalize Marking, 0.0004492 secs] 2021-08-14T14:47:45.161-0800: [GC ref-proc, 0.0000787 secs] 2021-08-14T14:47:45.161-0800: [Unloading, 0.0005316 secs], 0.0016644 secs]
 [Times: user=0.01 sys=0.01, real=0.00 secs] 
2021-08-14T14:47:45.162-0800: [GC cleanup 343M->343M(512M), 0.0009596 secs]
 [Times: user=0.00 sys=0.00, real=0.00 secs] 
2021-08-14T14:47:45.171-0800: [GC pause (G1 Evacuation Pause) (young), 0.0038312 secs]
   [Parallel Time: 2.7 ms, GC Workers: 13]
      [GC Worker Start (ms): Min: 597.4, Avg: 597.5, Max: 597.6, Diff: 0.2]
      [Ext Root Scanning (ms): Min: 0.0, Avg: 0.1, Max: 0.2, Diff: 0.2, Sum: 1.1]
      [Update RS (ms): Min: 0.6, Avg: 0.7, Max: 0.7, Diff: 0.1, Sum: 8.5]
         [Processed Buffers: Min: 4, Avg: 6.0, Max: 7, Diff: 3, Sum: 78]
      [Scan RS (ms): Min: 0.0, Avg: 0.0, Max: 0.0, Diff: 0.0, Sum: 0.1]
      [Code Root Scanning (ms): Min: 0.0, Avg: 0.0, Max: 0.0, Diff: 0.0, Sum: 0.0]
      [Object Copy (ms): Min: 1.4, Avg: 1.5, Max: 1.6, Diff: 0.2, Sum: 20.1]
      [Termination (ms): Min: 0.0, Avg: 0.1, Max: 0.2, Diff: 0.2, Sum: 1.9]
         [Termination Attempts: Min: 1, Avg: 1.0, Max: 1, Diff: 0, Sum: 13]
      [GC Worker Other (ms): Min: 0.0, Avg: 0.0, Max: 0.0, Diff: 0.0, Sum: 0.1]
      [GC Worker Total (ms): Min: 2.4, Avg: 2.4, Max: 2.6, Diff: 0.2, Sum: 31.7]
      [GC Worker End (ms): Min: 599.9, Avg: 599.9, Max: 600.0, Diff: 0.1]
   [Code Root Fixup: 0.0 ms]
   [Code Root Purge: 0.0 ms]
   [Clear CT: 0.2 ms]
   [Other: 1.0 ms]
      [Choose CSet: 0.0 ms]
      [Ref Proc: 0.6 ms]
      [Ref Enq: 0.0 ms]
      [Redirty Cards: 0.2 ms]
      [Humongous Register: 0.1 ms]
      [Humongous Reclaim: 0.0 ms]
      [Free CSet: 0.0 ms]
   [Eden: 49152.0K(49152.0K)->0.0B(18432.0K) Survivors: 5120.0K->7168.0K Heap: 399.1M(512.0M)->358.5M(512.0M)]
 [Times: user=0.03 sys=0.00, real=0.00 secs] 
2021-08-14T14:47:45.179-0800: [GC pause (G1 Evacuation Pause) (mixed), 0.0046335 secs]
   [Parallel Time: 3.6 ms, GC Workers: 13]
      [GC Worker Start (ms): Min: 605.6, Avg: 605.7, Max: 605.8, Diff: 0.2]
      [Ext Root Scanning (ms): Min: 0.0, Avg: 0.1, Max: 0.2, Diff: 0.2, Sum: 1.1]
      [Update RS (ms): Min: 0.2, Avg: 0.2, Max: 0.3, Diff: 0.1, Sum: 3.1]
         [Processed Buffers: Min: 2, Avg: 2.6, Max: 3, Diff: 1, Sum: 34]
      [Scan RS (ms): Min: 0.0, Avg: 0.0, Max: 0.1, Diff: 0.1, Sum: 0.2]
      [Code Root Scanning (ms): Min: 0.0, Avg: 0.0, Max: 0.0, Diff: 0.0, Sum: 0.0]
      [Object Copy (ms): Min: 2.9, Avg: 2.9, Max: 3.0, Diff: 0.1, Sum: 38.3]
      [Termination (ms): Min: 0.0, Avg: 0.1, Max: 0.2, Diff: 0.2, Sum: 1.9]
         [Termination Attempts: Min: 1, Avg: 1.0, Max: 1, Diff: 0, Sum: 13]
      [GC Worker Other (ms): Min: 0.0, Avg: 0.0, Max: 0.0, Diff: 0.0, Sum: 0.1]
      [GC Worker Total (ms): Min: 3.4, Avg: 3.4, Max: 3.6, Diff: 0.2, Sum: 44.8]
      [GC Worker End (ms): Min: 609.1, Avg: 609.1, Max: 609.2, Diff: 0.1]
   [Code Root Fixup: 0.0 ms]
   [Code Root Purge: 0.0 ms]
   [Clear CT: 0.2 ms]
   [Other: 0.8 ms]
      [Choose CSet: 0.0 ms]
      [Ref Proc: 0.4 ms]
      [Ref Enq: 0.0 ms]
      [Redirty Cards: 0.2 ms]
      [Humongous Register: 0.1 ms]
      [Humongous Reclaim: 0.0 ms]
      [Free CSet: 0.0 ms]
   [Eden: 18432.0K(18432.0K)->0.0B(43008.0K) Survivors: 7168.0K->4096.0K Heap: 379.4M(512.0M)->347.7M(512.0M)]
 [Times: user=0.04 sys=0.00, real=0.01 secs] 
2021-08-14T14:47:45.185-0800: [GC pause (G1 Humongous Allocation) (young) (initial-mark), 0.0020944 secs]
   [Parallel Time: 1.2 ms, GC Workers: 13]
      [GC Worker Start (ms): Min: 611.5, Avg: 611.6, Max: 611.8, Diff: 0.3]
      [Ext Root Scanning (ms): Min: 0.0, Avg: 0.3, Max: 0.4, Diff: 0.4, Sum: 3.7]
      [Update RS (ms): Min: 0.0, Avg: 0.0, Max: 0.2, Diff: 0.1, Sum: 0.4]
         [Processed Buffers: Min: 0, Avg: 1.1, Max: 6, Diff: 6, Sum: 14]
      [Scan RS (ms): Min: 0.0, Avg: 0.0, Max: 0.0, Diff: 0.0, Sum: 0.0]
      [Code Root Scanning (ms): Min: 0.0, Avg: 0.0, Max: 0.0, Diff: 0.0, Sum: 0.0]
      [Object Copy (ms): Min: 0.2, Avg: 0.4, Max: 0.5, Diff: 0.4, Sum: 5.1]
      [Termination (ms): Min: 0.0, Avg: 0.1, Max: 0.3, Diff: 0.3, Sum: 1.7]
         [Termination Attempts: Min: 1, Avg: 1.0, Max: 1, Diff: 0, Sum: 13]
      [GC Worker Other (ms): Min: 0.0, Avg: 0.0, Max: 0.0, Diff: 0.0, Sum: 0.1]
      [GC Worker Total (ms): Min: 0.7, Avg: 0.9, Max: 1.0, Diff: 0.3, Sum: 11.1]
      [GC Worker End (ms): Min: 612.4, Avg: 612.5, Max: 612.6, Diff: 0.1]
   [Code Root Fixup: 0.0 ms]
   [Code Root Purge: 0.0 ms]
   [Clear CT: 0.2 ms]
   [Other: 0.7 ms]
      [Choose CSet: 0.0 ms]
      [Ref Proc: 0.3 ms]
      [Ref Enq: 0.0 ms]
      [Redirty Cards: 0.2 ms]
      [Humongous Register: 0.1 ms]
      [Humongous Reclaim: 0.0 ms]
      [Free CSet: 0.0 ms]
   [Eden: 5120.0K(43008.0K)->0.0B(44032.0K) Survivors: 4096.0K->2048.0K Heap: 352.6M(512.0M)->347.7M(512.0M)]
 [Times: user=0.01 sys=0.00, real=0.00 secs] 
2021-08-14T14:47:45.187-0800: [GC concurrent-root-region-scan-start]
2021-08-14T14:47:45.187-0800: [GC concurrent-root-region-scan-end, 0.0001016 secs]
2021-08-14T14:47:45.187-0800: [GC concurrent-mark-start]
2021-08-14T14:47:45.188-0800: [GC concurrent-mark-end, 0.0010395 secs]
2021-08-14T14:47:45.189-0800: [GC remark 2021-08-14T14:47:45.189-0800: [Finalize Marking, 0.0004063 secs] 2021-08-14T14:47:45.189-0800: [GC ref-proc, 0.0000759 secs] 2021-08-14T14:47:45.189-0800: [Unloading, 0.0005747 secs], 0.0017286 secs]
 [Times: user=0.00 sys=0.01, real=0.01 secs] 
2021-08-14T14:47:45.190-0800: [GC cleanup 355M->355M(512M), 0.0010494 secs]
 [Times: user=0.01 sys=0.00, real=0.00 secs] 
2021-08-14T14:47:45.199-0800: [GC pause (G1 Evacuation Pause) (young), 0.0033924 secs]
   [Parallel Time: 2.4 ms, GC Workers: 13]
      [GC Worker Start (ms): Min: 625.1, Avg: 625.2, Max: 625.3, Diff: 0.2]
      [Ext Root Scanning (ms): Min: 0.0, Avg: 0.1, Max: 0.2, Diff: 0.2, Sum: 1.0]
      [Update RS (ms): Min: 0.4, Avg: 0.5, Max: 0.6, Diff: 0.1, Sum: 6.7]
         [Processed Buffers: Min: 2, Avg: 4.8, Max: 6, Diff: 4, Sum: 62]
      [Scan RS (ms): Min: 0.0, Avg: 0.0, Max: 0.0, Diff: 0.0, Sum: 0.1]
      [Code Root Scanning (ms): Min: 0.0, Avg: 0.0, Max: 0.0, Diff: 0.0, Sum: 0.0]
      [Object Copy (ms): Min: 1.3, Avg: 1.4, Max: 1.6, Diff: 0.2, Sum: 18.8]
      [Termination (ms): Min: 0.0, Avg: 0.1, Max: 0.2, Diff: 0.2, Sum: 1.5]
         [Termination Attempts: Min: 1, Avg: 1.0, Max: 1, Diff: 0, Sum: 13]
      [GC Worker Other (ms): Min: 0.0, Avg: 0.0, Max: 0.0, Diff: 0.0, Sum: 0.1]
      [GC Worker Total (ms): Min: 2.1, Avg: 2.2, Max: 2.3, Diff: 0.2, Sum: 28.2]
      [GC Worker End (ms): Min: 627.4, Avg: 627.4, Max: 627.5, Diff: 0.1]
   [Code Root Fixup: 0.0 ms]
   [Code Root Purge: 0.0 ms]
   [Clear CT: 0.2 ms]
   [Other: 0.7 ms]
      [Choose CSet: 0.0 ms]
      [Ref Proc: 0.3 ms]
      [Ref Enq: 0.0 ms]
      [Redirty Cards: 0.2 ms]
      [Humongous Register: 0.1 ms]
      [Humongous Reclaim: 0.0 ms]
      [Free CSet: 0.0 ms]
   [Eden: 44032.0K(44032.0K)->0.0B(19456.0K) Survivors: 2048.0K->6144.0K Heap: 402.5M(512.0M)->365.7M(512.0M)]
 [Times: user=0.03 sys=0.00, real=0.01 secs] 
2021-08-14T14:47:45.207-0800: [GC pause (G1 Evacuation Pause) (mixed), 0.0046201 secs]
   [Parallel Time: 3.6 ms, GC Workers: 13]
      [GC Worker Start (ms): Min: 633.1, Avg: 633.2, Max: 633.4, Diff: 0.3]
      [Ext Root Scanning (ms): Min: 0.0, Avg: 0.1, Max: 0.2, Diff: 0.2, Sum: 0.9]
      [Update RS (ms): Min: 0.5, Avg: 0.6, Max: 0.6, Diff: 0.1, Sum: 7.5]
         [Processed Buffers: Min: 5, Avg: 6.1, Max: 8, Diff: 3, Sum: 79]
      [Scan RS (ms): Min: 0.0, Avg: 0.0, Max: 0.1, Diff: 0.1, Sum: 0.3]
      [Code Root Scanning (ms): Min: 0.0, Avg: 0.0, Max: 0.0, Diff: 0.0, Sum: 0.0]
      [Object Copy (ms): Min: 2.5, Avg: 2.6, Max: 2.6, Diff: 0.1, Sum: 33.4]
      [Termination (ms): Min: 0.0, Avg: 0.1, Max: 0.3, Diff: 0.3, Sum: 1.4]
         [Termination Attempts: Min: 1, Avg: 1.0, Max: 1, Diff: 0, Sum: 13]
      [GC Worker Other (ms): Min: 0.0, Avg: 0.0, Max: 0.0, Diff: 0.0, Sum: 0.1]
      [GC Worker Total (ms): Min: 3.2, Avg: 3.4, Max: 3.5, Diff: 0.3, Sum: 43.6]
      [GC Worker End (ms): Min: 636.6, Avg: 636.6, Max: 636.7, Diff: 0.1]
   [Code Root Fixup: 0.0 ms]
   [Code Root Purge: 0.0 ms]
   [Clear CT: 0.2 ms]
   [Other: 0.8 ms]
      [Choose CSet: 0.0 ms]
      [Ref Proc: 0.4 ms]
      [Ref Enq: 0.0 ms]
      [Redirty Cards: 0.2 ms]
      [Humongous Register: 0.1 ms]
      [Humongous Reclaim: 0.0 ms]
      [Free CSet: 0.0 ms]
   [Eden: 19456.0K(19456.0K)->0.0B(33792.0K) Survivors: 6144.0K->4096.0K Heap: 392.8M(512.0M)->361.1M(512.0M)]
 [Times: user=0.04 sys=0.00, real=0.01 secs] 
2021-08-14T14:47:45.212-0800: [GC pause (G1 Humongous Allocation) (young) (initial-mark), 0.0020942 secs]
   [Parallel Time: 1.1 ms, GC Workers: 13]
      [GC Worker Start (ms): Min: 638.1, Avg: 638.2, Max: 638.3, Diff: 0.2]
      [Ext Root Scanning (ms): Min: 0.0, Avg: 0.1, Max: 0.2, Diff: 0.2, Sum: 1.5]
      [Update RS (ms): Min: 0.0, Avg: 0.1, Max: 0.2, Diff: 0.2, Sum: 0.9]
         [Processed Buffers: Min: 1, Avg: 1.1, Max: 2, Diff: 1, Sum: 14]
      [Scan RS (ms): Min: 0.0, Avg: 0.0, Max: 0.0, Diff: 0.0, Sum: 0.0]
      [Code Root Scanning (ms): Min: 0.0, Avg: 0.0, Max: 0.0, Diff: 0.0, Sum: 0.0]
      [Object Copy (ms): Min: 0.2, Avg: 0.3, Max: 0.5, Diff: 0.3, Sum: 4.0]
      [Termination (ms): Min: 0.0, Avg: 0.2, Max: 0.5, Diff: 0.5, Sum: 2.8]
         [Termination Attempts: Min: 1, Avg: 1.0, Max: 1, Diff: 0, Sum: 13]
      [GC Worker Other (ms): Min: 0.0, Avg: 0.0, Max: 0.0, Diff: 0.0, Sum: 0.1]
      [GC Worker Total (ms): Min: 0.6, Avg: 0.7, Max: 1.0, Diff: 0.4, Sum: 9.5]
      [GC Worker End (ms): Min: 638.9, Avg: 638.9, Max: 639.1, Diff: 0.2]
   [Code Root Fixup: 0.0 ms]
   [Code Root Purge: 0.0 ms]
   [Clear CT: 0.2 ms]
   [Other: 0.8 ms]
      [Choose CSet: 0.0 ms]
      [Ref Proc: 0.4 ms]
      [Ref Enq: 0.0 ms]
      [Redirty Cards: 0.2 ms]
      [Humongous Register: 0.1 ms]
      [Humongous Reclaim: 0.0 ms]
      [Free CSet: 0.0 ms]
   [Eden: 1024.0K(33792.0K)->0.0B(33792.0K) Survivors: 4096.0K->1024.0K Heap: 361.7M(512.0M)->361.7M(512.0M)]
 [Times: user=0.01 sys=0.00, real=0.00 secs] 
2021-08-14T14:47:45.214-0800: [GC concurrent-root-region-scan-start]
2021-08-14T14:47:45.214-0800: [GC concurrent-root-region-scan-end, 0.0000813 secs]
2021-08-14T14:47:45.214-0800: [GC concurrent-mark-start]
2021-08-14T14:47:45.215-0800: [GC concurrent-mark-end, 0.0009695 secs]
2021-08-14T14:47:45.215-0800: [GC remark 2021-08-14T14:47:45.215-0800: [Finalize Marking, 0.0004374 secs] 2021-08-14T14:47:45.216-0800: [GC ref-proc, 0.0000745 secs] 2021-08-14T14:47:45.216-0800: [Unloading, 0.0005583 secs], 0.0017018 secs]
 [Times: user=0.01 sys=0.00, real=0.00 secs] 
2021-08-14T14:47:45.217-0800: [GC cleanup 370M->370M(512M), 0.0009565 secs]
 [Times: user=0.00 sys=0.00, real=0.00 secs] 
2021-08-14T14:47:45.225-0800: [GC pause (G1 Evacuation Pause) (young), 0.0027542 secs]
   [Parallel Time: 1.8 ms, GC Workers: 13]
      [GC Worker Start (ms): Min: 651.2, Avg: 651.4, Max: 651.5, Diff: 0.3]
      [Ext Root Scanning (ms): Min: 0.0, Avg: 0.1, Max: 0.2, Diff: 0.2, Sum: 0.8]
      [Update RS (ms): Min: 0.8, Avg: 0.8, Max: 0.9, Diff: 0.1, Sum: 10.9]
         [Processed Buffers: Min: 7, Avg: 8.1, Max: 10, Diff: 3, Sum: 105]
      [Scan RS (ms): Min: 0.0, Avg: 0.0, Max: 0.0, Diff: 0.0, Sum: 0.0]
      [Code Root Scanning (ms): Min: 0.0, Avg: 0.0, Max: 0.0, Diff: 0.0, Sum: 0.0]
      [Object Copy (ms): Min: 0.4, Avg: 0.5, Max: 0.5, Diff: 0.1, Sum: 6.2]
      [Termination (ms): Min: 0.0, Avg: 0.1, Max: 0.2, Diff: 0.2, Sum: 1.7]
         [Termination Attempts: Min: 1, Avg: 1.0, Max: 1, Diff: 0, Sum: 13]
      [GC Worker Other (ms): Min: 0.0, Avg: 0.0, Max: 0.0, Diff: 0.0, Sum: 0.1]
      [GC Worker Total (ms): Min: 1.4, Avg: 1.5, Max: 1.7, Diff: 0.4, Sum: 19.7]
      [GC Worker End (ms): Min: 652.9, Avg: 652.9, Max: 653.0, Diff: 0.1]
   [Code Root Fixup: 0.0 ms]
   [Code Root Purge: 0.0 ms]
   [Clear CT: 0.2 ms]
   [Other: 0.7 ms]
      [Choose CSet: 0.0 ms]
      [Ref Proc: 0.4 ms]
      [Ref Enq: 0.0 ms]
      [Redirty Cards: 0.2 ms]
      [Humongous Register: 0.1 ms]
      [Humongous Reclaim: 0.0 ms]
      [Free CSet: 0.0 ms]
   [Eden: 33792.0K(33792.0K)->0.0B(20480.0K) Survivors: 1024.0K->5120.0K Heap: 406.5M(512.0M)->371.9M(512.0M)]
 [Times: user=0.02 sys=0.01, real=0.00 secs] 
2021-08-14T14:47:45.231-0800: [GC pause (G1 Evacuation Pause) (mixed), 0.0058528 secs]
   [Parallel Time: 4.9 ms, GC Workers: 13]
      [GC Worker Start (ms): Min: 657.6, Avg: 657.8, Max: 657.9, Diff: 0.3]
      [Ext Root Scanning (ms): Min: 0.0, Avg: 0.1, Max: 0.2, Diff: 0.2, Sum: 0.9]
      [Update RS (ms): Min: 0.3, Avg: 0.4, Max: 0.4, Diff: 0.1, Sum: 4.9]
         [Processed Buffers: Min: 3, Avg: 4.3, Max: 6, Diff: 3, Sum: 56]
      [Scan RS (ms): Min: 0.0, Avg: 0.0, Max: 0.0, Diff: 0.0, Sum: 0.3]
      [Code Root Scanning (ms): Min: 0.0, Avg: 0.0, Max: 0.0, Diff: 0.0, Sum: 0.0]
      [Object Copy (ms): Min: 3.9, Avg: 4.0, Max: 4.1, Diff: 0.2, Sum: 52.2]
      [Termination (ms): Min: 0.0, Avg: 0.1, Max: 0.3, Diff: 0.3, Sum: 1.2]
         [Termination Attempts: Min: 1, Avg: 1.0, Max: 1, Diff: 0, Sum: 13]
      [GC Worker Other (ms): Min: 0.0, Avg: 0.0, Max: 0.0, Diff: 0.0, Sum: 0.1]
      [GC Worker Total (ms): Min: 4.5, Avg: 4.6, Max: 4.7, Diff: 0.2, Sum: 59.5]
      [GC Worker End (ms): Min: 662.3, Avg: 662.4, Max: 662.4, Diff: 0.1]
   [Code Root Fixup: 0.0 ms]
   [Code Root Purge: 0.0 ms]
   [Clear CT: 0.2 ms]
   [Other: 0.8 ms]
      [Choose CSet: 0.0 ms]
      [Ref Proc: 0.4 ms]
      [Ref Enq: 0.0 ms]
      [Redirty Cards: 0.2 ms]
      [Humongous Register: 0.1 ms]
      [Humongous Reclaim: 0.0 ms]
      [Free CSet: 0.0 ms]
   [Eden: 20480.0K(20480.0K)->0.0B(30720.0K) Survivors: 5120.0K->4096.0K Heap: 397.2M(512.0M)->365.4M(512.0M)]
 [Times: user=0.06 sys=0.00, real=0.00 secs] 
2021-08-14T14:47:45.238-0800: [GC pause (G1 Humongous Allocation) (young) (initial-mark), 0.0020097 secs]
   [Parallel Time: 1.0 ms, GC Workers: 13]
      [GC Worker Start (ms): Min: 664.4, Avg: 664.6, Max: 664.7, Diff: 0.3]
      [Ext Root Scanning (ms): Min: 0.0, Avg: 0.3, Max: 0.4, Diff: 0.4, Sum: 3.8]
      [Update RS (ms): Min: 0.0, Avg: 0.0, Max: 0.2, Diff: 0.2, Sum: 0.5]
         [Processed Buffers: Min: 0, Avg: 1.1, Max: 4, Diff: 4, Sum: 14]
      [Scan RS (ms): Min: 0.0, Avg: 0.0, Max: 0.0, Diff: 0.0, Sum: 0.0]
      [Code Root Scanning (ms): Min: 0.0, Avg: 0.0, Max: 0.0, Diff: 0.0, Sum: 0.0]
      [Object Copy (ms): Min: 0.2, Avg: 0.3, Max: 0.5, Diff: 0.3, Sum: 4.0]
      [Termination (ms): Min: 0.0, Avg: 0.1, Max: 0.3, Diff: 0.3, Sum: 1.4]
         [Termination Attempts: Min: 1, Avg: 1.0, Max: 1, Diff: 0, Sum: 13]
      [GC Worker Other (ms): Min: 0.0, Avg: 0.0, Max: 0.0, Diff: 0.0, Sum: 0.1]
      [GC Worker Total (ms): Min: 0.6, Avg: 0.8, Max: 0.9, Diff: 0.3, Sum: 9.8]
      [GC Worker End (ms): Min: 665.3, Avg: 665.3, Max: 665.4, Diff: 0.1]
   [Code Root Fixup: 0.0 ms]
   [Code Root Purge: 0.0 ms]
   [Clear CT: 0.2 ms]
   [Other: 0.8 ms]
      [Choose CSet: 0.0 ms]
      [Ref Proc: 0.4 ms]
      [Ref Enq: 0.0 ms]
      [Redirty Cards: 0.2 ms]
      [Humongous Register: 0.1 ms]
      [Humongous Reclaim: 0.0 ms]
      [Free CSet: 0.0 ms]
   [Eden: 3072.0K(30720.0K)->0.0B(28672.0K) Survivors: 4096.0K->1024.0K Heap: 367.6M(512.0M)->366.1M(512.0M)]
 [Times: user=0.01 sys=0.00, real=0.01 secs] 
2021-08-14T14:47:45.240-0800: [GC concurrent-root-region-scan-start]
2021-08-14T14:47:45.240-0800: [GC concurrent-root-region-scan-end, 0.0001001 secs]
2021-08-14T14:47:45.240-0800: [GC concurrent-mark-start]
2021-08-14T14:47:45.241-0800: [GC concurrent-mark-end, 0.0010441 secs]
2021-08-14T14:47:45.241-0800: [GC remark 2021-08-14T14:47:45.242-0800: [Finalize Marking, 0.0004521 secs] 2021-08-14T14:47:45.242-0800: [GC ref-proc, 0.0000787 secs] 2021-08-14T14:47:45.242-0800: [Unloading, 0.0005556 secs], 0.0018203 secs]
 [Times: user=0.01 sys=0.00, real=0.00 secs] 
2021-08-14T14:47:45.243-0800: [GC cleanup 376M->376M(512M), 0.0009994 secs]
 [Times: user=0.00 sys=0.00, real=0.00 secs] 
2021-08-14T14:47:45.249-0800: [GC pause (G1 Evacuation Pause) (young), 0.0027392 secs]
   [Parallel Time: 1.8 ms, GC Workers: 13]
      [GC Worker Start (ms): Min: 675.5, Avg: 675.7, Max: 675.8, Diff: 0.2]
      [Ext Root Scanning (ms): Min: 0.0, Avg: 0.1, Max: 0.2, Diff: 0.2, Sum: 0.9]
      [Update RS (ms): Min: 0.5, Avg: 0.6, Max: 0.6, Diff: 0.1, Sum: 7.2]
         [Processed Buffers: Min: 4, Avg: 5.8, Max: 7, Diff: 3, Sum: 75]
      [Scan RS (ms): Min: 0.0, Avg: 0.0, Max: 0.0, Diff: 0.0, Sum: 0.0]
      [Code Root Scanning (ms): Min: 0.0, Avg: 0.0, Max: 0.0, Diff: 0.0, Sum: 0.0]
      [Object Copy (ms): Min: 0.6, Avg: 0.7, Max: 0.8, Diff: 0.2, Sum: 9.5]
      [Termination (ms): Min: 0.0, Avg: 0.1, Max: 0.2, Diff: 0.2, Sum: 1.7]
         [Termination Attempts: Min: 1, Avg: 1.0, Max: 1, Diff: 0, Sum: 13]
      [GC Worker Other (ms): Min: 0.0, Avg: 0.0, Max: 0.0, Diff: 0.0, Sum: 0.1]
      [GC Worker Total (ms): Min: 1.4, Avg: 1.5, Max: 1.7, Diff: 0.3, Sum: 19.4]
      [GC Worker End (ms): Min: 677.1, Avg: 677.2, Max: 677.2, Diff: 0.1]
   [Code Root Fixup: 0.0 ms]
   [Code Root Purge: 0.0 ms]
   [Clear CT: 0.2 ms]
   [Other: 0.7 ms]
      [Choose CSet: 0.0 ms]
      [Ref Proc: 0.4 ms]
      [Ref Enq: 0.0 ms]
      [Redirty Cards: 0.2 ms]
      [Humongous Register: 0.1 ms]
      [Humongous Reclaim: 0.0 ms]
      [Free CSet: 0.0 ms]
   [Eden: 28672.0K(28672.0K)->0.0B(21504.0K) Survivors: 1024.0K->4096.0K Heap: 402.0M(512.0M)->374.2M(512.0M)]
 [Times: user=0.02 sys=0.00, real=0.01 secs] 
2021-08-14T14:47:45.257-0800: [GC pause (G1 Evacuation Pause) (mixed), 0.0056688 secs]
   [Parallel Time: 4.6 ms, GC Workers: 13]
      [GC Worker Start (ms): Min: 683.5, Avg: 683.6, Max: 683.7, Diff: 0.2]
      [Ext Root Scanning (ms): Min: 0.0, Avg: 0.1, Max: 0.2, Diff: 0.2, Sum: 1.1]
      [Update RS (ms): Min: 0.7, Avg: 0.7, Max: 0.8, Diff: 0.1, Sum: 9.6]
         [Processed Buffers: Min: 6, Avg: 7.0, Max: 8, Diff: 2, Sum: 91]
      [Scan RS (ms): Min: 0.0, Avg: 0.0, Max: 0.1, Diff: 0.1, Sum: 0.2]
      [Code Root Scanning (ms): Min: 0.0, Avg: 0.0, Max: 0.0, Diff: 0.0, Sum: 0.0]
      [Object Copy (ms): Min: 3.3, Avg: 3.4, Max: 3.5, Diff: 0.1, Sum: 44.5]
      [Termination (ms): Min: 0.0, Avg: 0.1, Max: 0.1, Diff: 0.1, Sum: 0.8]
         [Termination Attempts: Min: 1, Avg: 1.0, Max: 1, Diff: 0, Sum: 13]
      [GC Worker Other (ms): Min: 0.0, Avg: 0.0, Max: 0.0, Diff: 0.0, Sum: 0.1]
      [GC Worker Total (ms): Min: 4.2, Avg: 4.3, Max: 4.4, Diff: 0.2, Sum: 56.4]
      [GC Worker End (ms): Min: 687.9, Avg: 687.9, Max: 688.0, Diff: 0.1]
   [Code Root Fixup: 0.0 ms]
   [Code Root Purge: 0.0 ms]
   [Clear CT: 0.2 ms]
   [Other: 0.8 ms]
      [Choose CSet: 0.0 ms]
      [Ref Proc: 0.4 ms]
      [Ref Enq: 0.0 ms]
      [Redirty Cards: 0.2 ms]
      [Humongous Register: 0.1 ms]
      [Humongous Reclaim: 0.0 ms]
      [Free CSet: 0.1 ms]
   [Eden: 21504.0K(21504.0K)->0.0B(26624.0K) Survivors: 4096.0K->4096.0K Heap: 405.3M(512.0M)->367.8M(512.0M)]
 [Times: user=0.05 sys=0.00, real=0.01 secs] 
2021-08-14T14:47:45.263-0800: [GC pause (G1 Humongous Allocation) (young) (initial-mark), 0.0025738 secs]
   [Parallel Time: 1.6 ms, GC Workers: 13]
      [GC Worker Start (ms): Min: 689.5, Avg: 689.6, Max: 689.7, Diff: 0.2]
      [Ext Root Scanning (ms): Min: 0.0, Avg: 0.1, Max: 0.2, Diff: 0.2, Sum: 1.5]
      [Update RS (ms): Min: 0.0, Avg: 0.1, Max: 0.1, Diff: 0.1, Sum: 0.7]
         [Processed Buffers: Min: 0, Avg: 1.1, Max: 3, Diff: 3, Sum: 14]
      [Scan RS (ms): Min: 0.0, Avg: 0.0, Max: 0.0, Diff: 0.0, Sum: 0.0]
      [Code Root Scanning (ms): Min: 0.0, Avg: 0.0, Max: 0.0, Diff: 0.0, Sum: 0.0]
      [Object Copy (ms): Min: 0.2, Avg: 0.4, Max: 1.1, Diff: 0.9, Sum: 5.4]
      [Termination (ms): Min: 0.0, Avg: 0.7, Max: 0.8, Diff: 0.8, Sum: 9.2]
         [Termination Attempts: Min: 1, Avg: 1.0, Max: 1, Diff: 0, Sum: 13]
      [GC Worker Other (ms): Min: 0.0, Avg: 0.0, Max: 0.0, Diff: 0.0, Sum: 0.1]
      [GC Worker Total (ms): Min: 1.2, Avg: 1.3, Max: 1.4, Diff: 0.2, Sum: 16.9]
      [GC Worker End (ms): Min: 690.9, Avg: 690.9, Max: 691.0, Diff: 0.1]
   [Code Root Fixup: 0.0 ms]
   [Code Root Purge: 0.0 ms]
   [Clear CT: 0.2 ms]
   [Other: 0.8 ms]
      [Choose CSet: 0.0 ms]
      [Ref Proc: 0.5 ms]
      [Ref Enq: 0.0 ms]
      [Redirty Cards: 0.2 ms]
      [Humongous Register: 0.1 ms]
      [Humongous Reclaim: 0.0 ms]
      [Free CSet: 0.0 ms]
   [Eden: 1024.0K(26624.0K)->0.0B(28672.0K) Survivors: 4096.0K->0.0B Heap: 368.2M(512.0M)->368.2M(512.0M)]
 [Times: user=0.02 sys=0.01, real=0.00 secs] 
2021-08-14T14:47:45.266-0800: [GC concurrent-root-region-scan-start]
2021-08-14T14:47:45.266-0800: [GC concurrent-root-region-scan-end, 0.0000200 secs]
2021-08-14T14:47:45.266-0800: [GC concurrent-mark-start]
2021-08-14T14:47:45.267-0800: [GC concurrent-mark-end, 0.0010786 secs]
2021-08-14T14:47:45.267-0800: [GC remark 2021-08-14T14:47:45.267-0800: [Finalize Marking, 0.0003401 secs] 2021-08-14T14:47:45.267-0800: [GC ref-proc, 0.0000760 secs] 2021-08-14T14:47:45.268-0800: [Unloading, 0.0005275 secs], 0.0015623 secs]
 [Times: user=0.01 sys=0.00, real=0.00 secs] 
2021-08-14T14:47:45.269-0800: [GC cleanup 377M->377M(512M), 0.0008765 secs]
 [Times: user=0.00 sys=0.00, real=0.01 secs] 
2021-08-14T14:47:45.274-0800: [GC pause (G1 Evacuation Pause) (young), 0.0028327 secs]
   [Parallel Time: 1.7 ms, GC Workers: 13]
      [GC Worker Start (ms): Min: 700.9, Avg: 701.1, Max: 701.2, Diff: 0.3]
      [Ext Root Scanning (ms): Min: 0.0, Avg: 0.0, Max: 0.2, Diff: 0.2, Sum: 0.6]
      [Update RS (ms): Min: 0.6, Avg: 0.7, Max: 0.7, Diff: 0.2, Sum: 8.6]
         [Processed Buffers: Min: 5, Avg: 6.6, Max: 8, Diff: 3, Sum: 86]
      [Scan RS (ms): Min: 0.0, Avg: 0.0, Max: 0.0, Diff: 0.0, Sum: 0.0]
      [Code Root Scanning (ms): Min: 0.0, Avg: 0.0, Max: 0.0, Diff: 0.0, Sum: 0.0]
      [Object Copy (ms): Min: 0.5, Avg: 0.5, Max: 0.7, Diff: 0.2, Sum: 7.1]
      [Termination (ms): Min: 0.0, Avg: 0.1, Max: 0.2, Diff: 0.2, Sum: 1.8]
         [Termination Attempts: Min: 1, Avg: 1.0, Max: 1, Diff: 0, Sum: 13]
      [GC Worker Other (ms): Min: 0.0, Avg: 0.0, Max: 0.0, Diff: 0.0, Sum: 0.1]
      [GC Worker Total (ms): Min: 1.3, Avg: 1.4, Max: 1.6, Diff: 0.3, Sum: 18.2]
      [GC Worker End (ms): Min: 702.4, Avg: 702.5, Max: 702.5, Diff: 0.1]
   [Code Root Fixup: 0.0 ms]
   [Code Root Purge: 0.0 ms]
   [Clear CT: 0.2 ms]
   [Other: 0.9 ms]
      [Choose CSet: 0.0 ms]
      [Ref Proc: 0.6 ms]
      [Ref Enq: 0.0 ms]
      [Redirty Cards: 0.2 ms]
      [Humongous Register: 0.1 ms]
      [Humongous Reclaim: 0.0 ms]
      [Free CSet: 0.0 ms]
   [Eden: 28672.0K(28672.0K)->0.0B(21504.0K) Survivors: 0.0B->4096.0K Heap: 405.8M(512.0M)->375.4M(512.0M)]
 [Times: user=0.02 sys=0.00, real=0.00 secs] 
2021-08-14T14:47:45.282-0800: [GC pause (G1 Evacuation Pause) (mixed), 0.0049823 secs]
   [Parallel Time: 4.0 ms, GC Workers: 13]
      [GC Worker Start (ms): Min: 708.6, Avg: 708.7, Max: 708.8, Diff: 0.2]
      [Ext Root Scanning (ms): Min: 0.0, Avg: 0.1, Max: 0.2, Diff: 0.2, Sum: 1.3]
      [Update RS (ms): Min: 0.6, Avg: 0.7, Max: 0.7, Diff: 0.1, Sum: 8.8]
         [Processed Buffers: Min: 6, Avg: 7.2, Max: 9, Diff: 3, Sum: 94]
      [Scan RS (ms): Min: 0.0, Avg: 0.1, Max: 0.3, Diff: 0.3, Sum: 0.8]
      [Code Root Scanning (ms): Min: 0.0, Avg: 0.0, Max: 0.1, Diff: 0.1, Sum: 0.1]
      [Object Copy (ms): Min: 2.5, Avg: 2.8, Max: 2.9, Diff: 0.4, Sum: 36.0]
      [Termination (ms): Min: 0.0, Avg: 0.1, Max: 0.2, Diff: 0.2, Sum: 1.7]
         [Termination Attempts: Min: 1, Avg: 1.0, Max: 1, Diff: 0, Sum: 13]
      [GC Worker Other (ms): Min: 0.0, Avg: 0.0, Max: 0.0, Diff: 0.0, Sum: 0.1]
      [GC Worker Total (ms): Min: 3.7, Avg: 3.7, Max: 3.8, Diff: 0.2, Sum: 48.7]
      [GC Worker End (ms): Min: 712.4, Avg: 712.4, Max: 712.5, Diff: 0.1]
   [Code Root Fixup: 0.0 ms]
   [Code Root Purge: 0.0 ms]
   [Clear CT: 0.2 ms]
   [Other: 0.8 ms]
      [Choose CSet: 0.0 ms]
      [Ref Proc: 0.4 ms]
      [Ref Enq: 0.0 ms]
      [Redirty Cards: 0.2 ms]
      [Humongous Register: 0.1 ms]
      [Humongous Reclaim: 0.0 ms]
      [Free CSet: 0.0 ms]
   [Eden: 21504.0K(21504.0K)->0.0B(21504.0K) Survivors: 4096.0K->4096.0K Heap: 406.6M(512.0M)->375.0M(512.0M)]
 [Times: user=0.05 sys=0.00, real=0.00 secs] 
2021-08-14T14:47:45.288-0800: [GC pause (G1 Humongous Allocation) (young) (initial-mark), 0.0020174 secs]
   [Parallel Time: 0.9 ms, GC Workers: 13]
      [GC Worker Start (ms): Min: 714.1, Avg: 714.2, Max: 714.3, Diff: 0.2]
      [Ext Root Scanning (ms): Min: 0.0, Avg: 0.1, Max: 0.2, Diff: 0.2, Sum: 1.4]
      [Update RS (ms): Min: 0.0, Avg: 0.2, Max: 0.4, Diff: 0.4, Sum: 2.0]
         [Processed Buffers: Min: 1, Avg: 1.1, Max: 2, Diff: 1, Sum: 14]
      [Scan RS (ms): Min: 0.0, Avg: 0.0, Max: 0.0, Diff: 0.0, Sum: 0.0]
      [Code Root Scanning (ms): Min: 0.0, Avg: 0.0, Max: 0.0, Diff: 0.0, Sum: 0.0]
      [Object Copy (ms): Min: 0.0, Avg: 0.2, Max: 0.4, Diff: 0.4, Sum: 3.0]
      [Termination (ms): Min: 0.0, Avg: 0.1, Max: 0.2, Diff: 0.2, Sum: 1.6]
         [Termination Attempts: Min: 1, Avg: 1.0, Max: 1, Diff: 0, Sum: 13]
      [GC Worker Other (ms): Min: 0.0, Avg: 0.0, Max: 0.0, Diff: 0.0, Sum: 0.1]
      [GC Worker Total (ms): Min: 0.5, Avg: 0.6, Max: 0.8, Diff: 0.3, Sum: 8.2]
      [GC Worker End (ms): Min: 714.8, Avg: 714.9, Max: 714.9, Diff: 0.1]
   [Code Root Fixup: 0.0 ms]
   [Code Root Purge: 0.0 ms]
   [Clear CT: 0.2 ms]
   [Other: 0.9 ms]
      [Choose CSet: 0.0 ms]
      [Ref Proc: 0.6 ms]
      [Ref Enq: 0.0 ms]
      [Redirty Cards: 0.2 ms]
      [Humongous Register: 0.0 ms]
      [Humongous Reclaim: 0.0 ms]
      [Free CSet: 0.0 ms]
   [Eden: 2048.0K(21504.0K)->0.0B(24576.0K) Survivors: 4096.0K->1024.0K Heap: 377.0M(512.0M)->375.1M(512.0M)]
 [Times: user=0.01 sys=0.00, real=0.01 secs] 
2021-08-14T14:47:45.290-0800: [GC concurrent-root-region-scan-start]
2021-08-14T14:47:45.290-0800: [GC concurrent-root-region-scan-end, 0.0000482 secs]
2021-08-14T14:47:45.290-0800: [GC concurrent-mark-start]
2021-08-14T14:47:45.291-0800: [GC concurrent-mark-end, 0.0010791 secs]
2021-08-14T14:47:45.291-0800: [GC remark 2021-08-14T14:47:45.291-0800: [Finalize Marking, 0.0005114 secs] 2021-08-14T14:47:45.292-0800: [GC ref-proc, 0.0000806 secs] 2021-08-14T14:47:45.292-0800: [Unloading, 0.0005059 secs], 0.0016850 secs]
 [Times: user=0.01 sys=0.00, real=0.00 secs] 
2021-08-14T14:47:45.293-0800: [GC cleanup 382M->382M(512M), 0.0009073 secs]
 [Times: user=0.00 sys=0.01, real=0.00 secs] 
2021-08-14T14:47:45.298-0800: [GC pause (G1 Evacuation Pause) (young), 0.0027294 secs]
   [Parallel Time: 1.8 ms, GC Workers: 13]
      [GC Worker Start (ms): Min: 724.1, Avg: 724.2, Max: 724.3, Diff: 0.2]
      [Ext Root Scanning (ms): Min: 0.0, Avg: 0.1, Max: 0.2, Diff: 0.2, Sum: 0.9]
      [Update RS (ms): Min: 0.6, Avg: 0.6, Max: 0.7, Diff: 0.1, Sum: 8.1]
         [Processed Buffers: Min: 5, Avg: 6.1, Max: 7, Diff: 2, Sum: 79]
      [Scan RS (ms): Min: 0.0, Avg: 0.0, Max: 0.0, Diff: 0.0, Sum: 0.0]
      [Code Root Scanning (ms): Min: 0.0, Avg: 0.0, Max: 0.0, Diff: 0.0, Sum: 0.0]
      [Object Copy (ms): Min: 0.6, Avg: 0.7, Max: 0.8, Diff: 0.2, Sum: 9.2]
      [Termination (ms): Min: 0.0, Avg: 0.1, Max: 0.3, Diff: 0.3, Sum: 1.9]
         [Termination Attempts: Min: 1, Avg: 1.0, Max: 1, Diff: 0, Sum: 13]
      [GC Worker Other (ms): Min: 0.0, Avg: 0.0, Max: 0.0, Diff: 0.0, Sum: 0.1]
      [GC Worker Total (ms): Min: 1.4, Avg: 1.5, Max: 1.6, Diff: 0.2, Sum: 20.1]
      [GC Worker End (ms): Min: 725.7, Avg: 725.7, Max: 725.8, Diff: 0.1]
   [Code Root Fixup: 0.0 ms]
   [Code Root Purge: 0.0 ms]
   [Clear CT: 0.3 ms]
   [Other: 0.7 ms]
      [Choose CSet: 0.0 ms]
      [Ref Proc: 0.4 ms]
      [Ref Enq: 0.0 ms]
      [Redirty Cards: 0.2 ms]
      [Humongous Register: 0.1 ms]
      [Humongous Reclaim: 0.0 ms]
      [Free CSet: 0.0 ms]
   [Eden: 24576.0K(24576.0K)->0.0B(21504.0K) Survivors: 1024.0K->4096.0K Heap: 408.0M(512.0M)->387.9M(512.0M)]
 [Times: user=0.03 sys=0.00, real=0.01 secs] 
2021-08-14T14:47:45.304-0800: [GC pause (G1 Evacuation Pause) (mixed) (to-space exhausted), 0.0051197 secs]
   [Parallel Time: 3.8 ms, GC Workers: 13]
      [GC Worker Start (ms): Min: 730.6, Avg: 730.7, Max: 730.8, Diff: 0.2]
      [Ext Root Scanning (ms): Min: 0.0, Avg: 0.1, Max: 0.2, Diff: 0.2, Sum: 1.1]
      [Update RS (ms): Min: 0.6, Avg: 0.6, Max: 0.6, Diff: 0.0, Sum: 8.0]
         [Processed Buffers: Min: 5, Avg: 6.2, Max: 7, Diff: 2, Sum: 80]
      [Scan RS (ms): Min: 0.0, Avg: 0.0, Max: 0.1, Diff: 0.1, Sum: 0.4]
      [Code Root Scanning (ms): Min: 0.0, Avg: 0.0, Max: 0.0, Diff: 0.0, Sum: 0.0]
      [Object Copy (ms): Min: 2.6, Avg: 2.7, Max: 2.8, Diff: 0.2, Sum: 34.9]
      [Termination (ms): Min: 0.0, Avg: 0.1, Max: 0.2, Diff: 0.2, Sum: 1.4]
         [Termination Attempts: Min: 1, Avg: 1.0, Max: 1, Diff: 0, Sum: 13]
      [GC Worker Other (ms): Min: 0.0, Avg: 0.0, Max: 0.0, Diff: 0.0, Sum: 0.1]
      [GC Worker Total (ms): Min: 3.4, Avg: 3.5, Max: 3.6, Diff: 0.2, Sum: 46.0]
      [GC Worker End (ms): Min: 734.2, Avg: 734.3, Max: 734.3, Diff: 0.1]
   [Code Root Fixup: 0.0 ms]
   [Code Root Purge: 0.0 ms]
   [Clear CT: 0.2 ms]
   [Other: 1.2 ms]
      [Evacuation Failure: 0.2 ms]
      [Choose CSet: 0.0 ms]
      [Ref Proc: 0.4 ms]
      [Ref Enq: 0.0 ms]
      [Redirty Cards: 0.2 ms]
      [Humongous Register: 0.1 ms]
      [Humongous Reclaim: 0.0 ms]
      [Free CSet: 0.0 ms]
   [Eden: 21504.0K(21504.0K)->0.0B(21504.0K) Survivors: 4096.0K->4096.0K Heap: 417.3M(512.0M)->408.2M(512.0M)]
 [Times: user=0.05 sys=0.00, real=0.00 secs] 
2021-08-14T14:47:45.311-0800: [GC pause (G1 Humongous Allocation) (young) (initial-mark), 0.0019286 secs]
   [Parallel Time: 1.0 ms, GC Workers: 13]
      [GC Worker Start (ms): Min: 737.1, Avg: 737.3, Max: 737.4, Diff: 0.3]
      [Ext Root Scanning (ms): Min: 0.0, Avg: 0.2, Max: 0.5, Diff: 0.5, Sum: 3.2]
      [Update RS (ms): Min: 0.0, Avg: 0.0, Max: 0.1, Diff: 0.1, Sum: 0.5]
         [Processed Buffers: Min: 0, Avg: 1.8, Max: 9, Diff: 9, Sum: 24]
      [Scan RS (ms): Min: 0.0, Avg: 0.0, Max: 0.0, Diff: 0.0, Sum: 0.0]
      [Code Root Scanning (ms): Min: 0.0, Avg: 0.0, Max: 0.0, Diff: 0.0, Sum: 0.0]
      [Object Copy (ms): Min: 0.2, Avg: 0.3, Max: 0.4, Diff: 0.3, Sum: 3.9]
      [Termination (ms): Min: 0.0, Avg: 0.1, Max: 0.2, Diff: 0.2, Sum: 1.6]
         [Termination Attempts: Min: 1, Avg: 1.0, Max: 1, Diff: 0, Sum: 13]
      [GC Worker Other (ms): Min: 0.0, Avg: 0.0, Max: 0.0, Diff: 0.0, Sum: 0.1]
      [GC Worker Total (ms): Min: 0.6, Avg: 0.7, Max: 0.9, Diff: 0.3, Sum: 9.3]
      [GC Worker End (ms): Min: 738.0, Avg: 738.0, Max: 738.1, Diff: 0.1]
   [Code Root Fixup: 0.0 ms]
   [Code Root Purge: 0.0 ms]
   [Clear CT: 0.2 ms]
   [Other: 0.7 ms]
      [Choose CSet: 0.0 ms]
      [Ref Proc: 0.4 ms]
      [Ref Enq: 0.0 ms]
      [Redirty Cards: 0.2 ms]
      [Humongous Register: 0.1 ms]
      [Humongous Reclaim: 0.0 ms]
      [Free CSet: 0.0 ms]
   [Eden: 5120.0K(21504.0K)->0.0B(23552.0K) Survivors: 4096.0K->2048.0K Heap: 413.1M(512.0M)->408.9M(512.0M)]
 [Times: user=0.01 sys=0.00, real=0.00 secs] 
2021-08-14T14:47:45.313-0800: [GC concurrent-root-region-scan-start]
2021-08-14T14:47:45.313-0800: [GC concurrent-root-region-scan-end, 0.0000908 secs]
2021-08-14T14:47:45.313-0800: [GC concurrent-mark-start]
2021-08-14T14:47:45.314-0800: [GC concurrent-mark-end, 0.0009892 secs]
2021-08-14T14:47:45.314-0800: [GC remark 2021-08-14T14:47:45.314-0800: [Finalize Marking, 0.0005349 secs] 2021-08-14T14:47:45.315-0800: [GC ref-proc, 0.0000705 secs] 2021-08-14T14:47:45.315-0800: [Unloading, 0.0004725 secs], 0.0017025 secs]
 [Times: user=0.01 sys=0.00, real=0.00 secs] 
2021-08-14T14:47:45.316-0800: [GC cleanup 416M->416M(512M), 0.0009078 secs]
 [Times: user=0.00 sys=0.00, real=0.00 secs] 
2021-08-14T14:47:45.320-0800: [GC pause (G1 Evacuation Pause) (young), 0.0025935 secs]
   [Parallel Time: 1.5 ms, GC Workers: 13]
      [GC Worker Start (ms): Min: 746.7, Avg: 746.8, Max: 746.9, Diff: 0.2]
      [Ext Root Scanning (ms): Min: 0.0, Avg: 0.1, Max: 0.2, Diff: 0.2, Sum: 1.1]
      [Update RS (ms): Min: 0.3, Avg: 0.4, Max: 0.4, Diff: 0.1, Sum: 4.7]
         [Processed Buffers: Min: 3, Avg: 3.8, Max: 5, Diff: 2, Sum: 50]
      [Scan RS (ms): Min: 0.0, Avg: 0.0, Max: 0.0, Diff: 0.0, Sum: 0.0]
      [Code Root Scanning (ms): Min: 0.0, Avg: 0.0, Max: 0.0, Diff: 0.0, Sum: 0.0]
      [Object Copy (ms): Min: 0.7, Avg: 0.7, Max: 0.8, Diff: 0.1, Sum: 9.7]
      [Termination (ms): Min: 0.0, Avg: 0.1, Max: 0.2, Diff: 0.2, Sum: 1.2]
         [Termination Attempts: Min: 1, Avg: 1.0, Max: 1, Diff: 0, Sum: 13]
      [GC Worker Other (ms): Min: 0.0, Avg: 0.0, Max: 0.0, Diff: 0.0, Sum: 0.1]
      [GC Worker Total (ms): Min: 1.2, Avg: 1.3, Max: 1.4, Diff: 0.2, Sum: 16.9]
      [GC Worker End (ms): Min: 748.1, Avg: 748.1, Max: 748.2, Diff: 0.1]
   [Code Root Fixup: 0.0 ms]
   [Code Root Purge: 0.0 ms]
   [Clear CT: 0.2 ms]
   [Other: 0.9 ms]
      [Choose CSet: 0.0 ms]
      [Ref Proc: 0.6 ms]
      [Ref Enq: 0.0 ms]
      [Redirty Cards: 0.2 ms]
      [Humongous Register: 0.1 ms]
      [Humongous Reclaim: 0.0 ms]
      [Free CSet: 0.0 ms]
   [Eden: 23552.0K(23552.0K)->0.0B(21504.0K) Survivors: 2048.0K->4096.0K Heap: 436.8M(512.0M)->417.8M(512.0M)]
 [Times: user=0.02 sys=0.00, real=0.00 secs] 
2021-08-14T14:47:45.328-0800: [GC pause (G1 Evacuation Pause) (mixed) (to-space exhausted), 0.0026264 secs]
   [Parallel Time: 1.4 ms, GC Workers: 13]
      [GC Worker Start (ms): Min: 754.8, Avg: 755.0, Max: 755.0, Diff: 0.2]
      [Ext Root Scanning (ms): Min: 0.0, Avg: 0.1, Max: 0.2, Diff: 0.2, Sum: 1.0]
      [Update RS (ms): Min: 0.5, Avg: 0.5, Max: 0.6, Diff: 0.1, Sum: 7.1]
         [Processed Buffers: Min: 5, Avg: 5.7, Max: 7, Diff: 2, Sum: 74]
      [Scan RS (ms): Min: 0.0, Avg: 0.0, Max: 0.0, Diff: 0.0, Sum: 0.2]
      [Code Root Scanning (ms): Min: 0.0, Avg: 0.0, Max: 0.0, Diff: 0.0, Sum: 0.0]
      [Object Copy (ms): Min: 0.4, Avg: 0.4, Max: 0.5, Diff: 0.1, Sum: 5.5]
      [Termination (ms): Min: 0.0, Avg: 0.1, Max: 0.1, Diff: 0.1, Sum: 0.8]
         [Termination Attempts: Min: 1, Avg: 1.0, Max: 1, Diff: 0, Sum: 13]
      [GC Worker Other (ms): Min: 0.0, Avg: 0.0, Max: 0.0, Diff: 0.0, Sum: 0.1]
      [GC Worker Total (ms): Min: 1.1, Avg: 1.1, Max: 1.2, Diff: 0.2, Sum: 14.8]
      [GC Worker End (ms): Min: 756.1, Avg: 756.1, Max: 756.1, Diff: 0.0]
   [Code Root Fixup: 0.0 ms]
   [Code Root Purge: 0.0 ms]
   [Clear CT: 0.3 ms]
   [Other: 1.0 ms]
      [Evacuation Failure: 0.3 ms]
      [Choose CSet: 0.0 ms]
      [Ref Proc: 0.4 ms]
      [Ref Enq: 0.0 ms]
      [Redirty Cards: 0.2 ms]
      [Humongous Register: 0.1 ms]
      [Humongous Reclaim: 0.0 ms]
      [Free CSet: 0.0 ms]
   [Eden: 21504.0K(21504.0K)->0.0B(24576.0K) Survivors: 4096.0K->1024.0K Heap: 446.6M(512.0M)->437.5M(512.0M)]
 [Times: user=0.02 sys=0.01, real=0.01 secs] 
2021-08-14T14:47:45.334-0800: [GC pause (G1 Evacuation Pause) (mixed) (to-space exhausted), 0.0020915 secs]
   [Parallel Time: 1.0 ms, GC Workers: 13]
      [GC Worker Start (ms): Min: 760.1, Avg: 760.2, Max: 760.3, Diff: 0.2]
      [Ext Root Scanning (ms): Min: 0.0, Avg: 0.1, Max: 0.2, Diff: 0.2, Sum: 1.0]
      [Update RS (ms): Min: 0.1, Avg: 0.2, Max: 0.2, Diff: 0.1, Sum: 2.5]
         [Processed Buffers: Min: 2, Avg: 3.8, Max: 6, Diff: 4, Sum: 49]
      [Scan RS (ms): Min: 0.0, Avg: 0.0, Max: 0.1, Diff: 0.1, Sum: 0.2]
      [Code Root Scanning (ms): Min: 0.0, Avg: 0.0, Max: 0.0, Diff: 0.0, Sum: 0.0]
      [Object Copy (ms): Min: 0.3, Avg: 0.4, Max: 0.4, Diff: 0.1, Sum: 4.6]
      [Termination (ms): Min: 0.0, Avg: 0.1, Max: 0.1, Diff: 0.1, Sum: 1.1]
         [Termination Attempts: Min: 1, Avg: 1.2, Max: 2, Diff: 1, Sum: 15]
      [GC Worker Other (ms): Min: 0.0, Avg: 0.0, Max: 0.0, Diff: 0.0, Sum: 0.1]
      [GC Worker Total (ms): Min: 0.7, Avg: 0.7, Max: 0.8, Diff: 0.2, Sum: 9.6]
      [GC Worker End (ms): Min: 760.9, Avg: 760.9, Max: 761.0, Diff: 0.0]
   [Code Root Fixup: 0.0 ms]
   [Code Root Purge: 0.0 ms]
   [Clear CT: 0.2 ms]
   [Other: 0.9 ms]
      [Evacuation Failure: 0.2 ms]
      [Choose CSet: 0.0 ms]
      [Ref Proc: 0.4 ms]
      [Ref Enq: 0.0 ms]
      [Redirty Cards: 0.2 ms]
      [Humongous Register: 0.1 ms]
      [Humongous Reclaim: 0.0 ms]
      [Free CSet: 0.0 ms]
   [Eden: 12288.0K(24576.0K)->0.0B(25600.0K) Survivors: 1024.0K->0.0B Heap: 452.1M(512.0M)->447.8M(512.0M)]
 [Times: user=0.01 sys=0.00, real=0.00 secs] 
2021-08-14T14:47:45.336-0800: [GC pause (G1 Humongous Allocation) (young) (initial-mark), 0.0013805 secs]
   [Parallel Time: 0.5 ms, GC Workers: 13]
      [GC Worker Start (ms): Min: 762.7, Avg: 762.9, Max: 762.9, Diff: 0.2]
      [Ext Root Scanning (ms): Min: 0.0, Avg: 0.2, Max: 0.3, Diff: 0.3, Sum: 2.1]
      [Update RS (ms): Min: 0.0, Avg: 0.0, Max: 0.1, Diff: 0.1, Sum: 0.4]
         [Processed Buffers: Min: 0, Avg: 1.8, Max: 6, Diff: 6, Sum: 24]
      [Scan RS (ms): Min: 0.0, Avg: 0.0, Max: 0.0, Diff: 0.0, Sum: 0.0]
      [Code Root Scanning (ms): Min: 0.0, Avg: 0.0, Max: 0.0, Diff: 0.0, Sum: 0.0]
      [Object Copy (ms): Min: 0.0, Avg: 0.0, Max: 0.1, Diff: 0.1, Sum: 0.5]
      [Termination (ms): Min: 0.0, Avg: 0.1, Max: 0.1, Diff: 0.1, Sum: 1.1]
         [Termination Attempts: Min: 1, Avg: 1.0, Max: 1, Diff: 0, Sum: 13]
      [GC Worker Other (ms): Min: 0.0, Avg: 0.0, Max: 0.0, Diff: 0.0, Sum: 0.1]
      [GC Worker Total (ms): Min: 0.2, Avg: 0.3, Max: 0.5, Diff: 0.2, Sum: 4.3]
      [GC Worker End (ms): Min: 763.2, Avg: 763.2, Max: 763.2, Diff: 0.0]
   [Code Root Fixup: 0.0 ms]
   [Code Root Purge: 0.0 ms]
   [Clear CT: 0.2 ms]
   [Other: 0.7 ms]
      [Choose CSet: 0.0 ms]
      [Ref Proc: 0.4 ms]
      [Ref Enq: 0.0 ms]
      [Redirty Cards: 0.2 ms]
      [Humongous Register: 0.1 ms]
      [Humongous Reclaim: 0.0 ms]
      [Free CSet: 0.0 ms]
   [Eden: 3072.0K(25600.0K)->0.0B(23552.0K) Survivors: 0.0B->2048.0K Heap: 450.6M(512.0M)->449.2M(512.0M)]
 [Times: user=0.00 sys=0.00, real=0.00 secs] 
2021-08-14T14:47:45.338-0800: [GC concurrent-root-region-scan-start]
2021-08-14T14:47:45.338-0800: [GC concurrent-root-region-scan-end, 0.0000583 secs]
2021-08-14T14:47:45.338-0800: [GC concurrent-mark-start]
2021-08-14T14:47:45.338-0800: [GC pause (G1 Humongous Allocation) (young) (to-space exhausted), 0.0016083 secs]
   [Parallel Time: 0.4 ms, GC Workers: 13]
      [GC Worker Start (ms): Min: 764.9, Avg: 765.0, Max: 765.1, Diff: 0.2]
      [Ext Root Scanning (ms): Min: 0.0, Avg: 0.1, Max: 0.2, Diff: 0.2, Sum: 1.0]
      [Update RS (ms): Min: 0.0, Avg: 0.1, Max: 0.1, Diff: 0.1, Sum: 0.8]
         [Processed Buffers: Min: 0, Avg: 1.2, Max: 2, Diff: 2, Sum: 16]
      [Scan RS (ms): Min: 0.0, Avg: 0.0, Max: 0.0, Diff: 0.0, Sum: 0.0]
      [Code Root Scanning (ms): Min: 0.0, Avg: 0.0, Max: 0.0, Diff: 0.0, Sum: 0.0]
      [Object Copy (ms): Min: 0.0, Avg: 0.0, Max: 0.0, Diff: 0.0, Sum: 0.2]
      [Termination (ms): Min: 0.0, Avg: 0.0, Max: 0.1, Diff: 0.1, Sum: 0.5]
         [Termination Attempts: Min: 1, Avg: 1.5, Max: 4, Diff: 3, Sum: 19]
      [GC Worker Other (ms): Min: 0.0, Avg: 0.0, Max: 0.0, Diff: 0.0, Sum: 0.1]
      [GC Worker Total (ms): Min: 0.1, Avg: 0.2, Max: 0.3, Diff: 0.2, Sum: 2.5]
      [GC Worker End (ms): Min: 765.2, Avg: 765.2, Max: 765.2, Diff: 0.0]
   [Code Root Fixup: 0.0 ms]
   [Code Root Purge: 0.0 ms]
   [Clear CT: 0.2 ms]
   [Other: 1.0 ms]
      [Evacuation Failure: 0.2 ms]
      [Choose CSet: 0.0 ms]
      [Ref Proc: 0.5 ms]
      [Ref Enq: 0.0 ms]
      [Redirty Cards: 0.2 ms]
      [Humongous Register: 0.1 ms]
      [Humongous Reclaim: 0.0 ms]
      [Free CSet: 0.0 ms]
   [Eden: 3072.0K(23552.0K)->0.0B(25600.0K) Survivors: 2048.0K->0.0B Heap: 452.8M(512.0M)->451.0M(512.0M)]
 [Times: user=0.01 sys=0.00, real=0.01 secs] 
2021-08-14T14:47:45.341-0800: [GC pause (G1 Evacuation Pause) (young) (to-space exhausted), 0.0012151 secs]
   [Parallel Time: 0.4 ms, GC Workers: 13]
      [GC Worker Start (ms): Min: 767.3, Avg: 767.4, Max: 767.5, Diff: 0.2]
      [Ext Root Scanning (ms): Min: 0.0, Avg: 0.1, Max: 0.2, Diff: 0.2, Sum: 0.7]
      [Update RS (ms): Min: 0.0, Avg: 0.0, Max: 0.1, Diff: 0.1, Sum: 0.6]
         [Processed Buffers: Min: 0, Avg: 1.5, Max: 3, Diff: 3, Sum: 19]
      [Scan RS (ms): Min: 0.0, Avg: 0.0, Max: 0.0, Diff: 0.0, Sum: 0.0]
      [Code Root Scanning (ms): Min: 0.0, Avg: 0.0, Max: 0.0, Diff: 0.0, Sum: 0.0]
      [Object Copy (ms): Min: 0.0, Avg: 0.0, Max: 0.0, Diff: 0.0, Sum: 0.0]
      [Termination (ms): Min: 0.0, Avg: 0.1, Max: 0.1, Diff: 0.1, Sum: 0.8]
         [Termination Attempts: Min: 1, Avg: 1.1, Max: 2, Diff: 1, Sum: 14]
      [GC Worker Other (ms): Min: 0.0, Avg: 0.0, Max: 0.0, Diff: 0.0, Sum: 0.1]
      [GC Worker Total (ms): Min: 0.1, Avg: 0.2, Max: 0.3, Diff: 0.2, Sum: 2.2]
      [GC Worker End (ms): Min: 767.5, Avg: 767.6, Max: 767.6, Diff: 0.1]
   [Code Root Fixup: 0.0 ms]
   [Code Root Purge: 0.0 ms]
   [Clear CT: 0.2 ms]
   [Other: 0.7 ms]
      [Evacuation Failure: 0.1 ms]
      [Choose CSet: 0.0 ms]
      [Ref Proc: 0.3 ms]
      [Ref Enq: 0.0 ms]
      [Redirty Cards: 0.1 ms]
      [Humongous Register: 0.0 ms]
      [Humongous Reclaim: 0.0 ms]
      [Free CSet: 0.0 ms]
   [Eden: 1024.0K(25600.0K)->0.0B(25600.0K) Survivors: 0.0B->0.0B Heap: 452.6M(512.0M)->452.6M(512.0M)]
 [Times: user=0.00 sys=0.00, real=0.00 secs] 
2021-08-14T14:47:45.342-0800: [Full GC (Allocation Failure)  452M->333M(512M), 0.0359199 secs]
   [Eden: 0.0B(25600.0K)->0.0B(25600.0K) Survivors: 0.0B->0.0B Heap: 452.6M(512.0M)->333.6M(512.0M)], [Metaspace: 2525K->2525K(1056768K)]
 [Times: user=0.04 sys=0.00, real=0.03 secs] 
2021-08-14T14:47:45.378-0800: [GC concurrent-mark-abort]
2021-08-14T14:47:45.379-0800: [GC pause (G1 Humongous Allocation) (young) (initial-mark), 0.0018962 secs]
   [Parallel Time: 0.7 ms, GC Workers: 13]
      [GC Worker Start (ms): Min: 805.0, Avg: 805.1, Max: 805.2, Diff: 0.2]
      [Ext Root Scanning (ms): Min: 0.0, Avg: 0.1, Max: 0.3, Diff: 0.2, Sum: 1.6]
      [Update RS (ms): Min: 0.0, Avg: 0.0, Max: 0.2, Diff: 0.2, Sum: 0.3]
         [Processed Buffers: Min: 0, Avg: 0.2, Max: 1, Diff: 1, Sum: 2]
      [Scan RS (ms): Min: 0.0, Avg: 0.0, Max: 0.0, Diff: 0.0, Sum: 0.0]
      [Code Root Scanning (ms): Min: 0.0, Avg: 0.0, Max: 0.0, Diff: 0.0, Sum: 0.0]
      [Object Copy (ms): Min: 0.0, Avg: 0.0, Max: 0.0, Diff: 0.0, Sum: 0.1]
      [Termination (ms): Min: 0.0, Avg: 0.3, Max: 0.3, Diff: 0.3, Sum: 3.4]
         [Termination Attempts: Min: 1, Avg: 1.5, Max: 2, Diff: 1, Sum: 19]
      [GC Worker Other (ms): Min: 0.0, Avg: 0.0, Max: 0.0, Diff: 0.0, Sum: 0.1]
      [GC Worker Total (ms): Min: 0.3, Avg: 0.4, Max: 0.5, Diff: 0.2, Sum: 5.6]
      [GC Worker End (ms): Min: 805.4, Avg: 805.5, Max: 805.5, Diff: 0.1]
   [Code Root Fixup: 0.0 ms]
   [Code Root Purge: 0.0 ms]
   [Clear CT: 0.2 ms]
   [Other: 1.0 ms]
      [Choose CSet: 0.0 ms]
      [Ref Proc: 0.6 ms]
      [Ref Enq: 0.0 ms]
      [Redirty Cards: 0.2 ms]
      [Humongous Register: 0.1 ms]
      [Humongous Reclaim: 0.0 ms]
      [Free CSet: 0.0 ms]
   [Eden: 1024.0K(25600.0K)->0.0B(24576.0K) Survivors: 0.0B->1024.0K Heap: 334.2M(512.0M)->333.2M(512.0M)]
 [Times: user=0.01 sys=0.00, real=0.01 secs] 
2021-08-14T14:47:45.381-0800: [GC concurrent-root-region-scan-start]
2021-08-14T14:47:45.381-0800: [GC concurrent-root-region-scan-end, 0.0000700 secs]
2021-08-14T14:47:45.381-0800: [GC concurrent-mark-start]
2021-08-14T14:47:45.382-0800: [GC concurrent-mark-end, 0.0010828 secs]
2021-08-14T14:47:45.382-0800: [GC remark 2021-08-14T14:47:45.382-0800: [Finalize Marking, 0.0004413 secs] 2021-08-14T14:47:45.382-0800: [GC ref-proc, 0.0000822 secs] 2021-08-14T14:47:45.383-0800: [Unloading, 0.0005617 secs], 0.0018620 secs]
 [Times: user=0.01 sys=0.01, real=0.00 secs] 
2021-08-14T14:47:45.384-0800: [GC cleanup 341M->341M(512M), 0.0010694 secs]
 [Times: user=0.01 sys=0.00, real=0.00 secs] 
2021-08-14T14:47:45.389-0800: [GC pause (G1 Evacuation Pause) (young), 0.0024982 secs]
   [Parallel Time: 1.3 ms, GC Workers: 13]
      [GC Worker Start (ms): Min: 815.7, Avg: 815.8, Max: 815.9, Diff: 0.2]
      [Ext Root Scanning (ms): Min: 0.0, Avg: 0.1, Max: 0.2, Diff: 0.2, Sum: 1.1]
      [Update RS (ms): Min: 0.3, Avg: 0.4, Max: 0.4, Diff: 0.1, Sum: 4.9]
         [Processed Buffers: Min: 3, Avg: 3.4, Max: 5, Diff: 2, Sum: 44]
      [Scan RS (ms): Min: 0.0, Avg: 0.0, Max: 0.0, Diff: 0.0, Sum: 0.0]
      [Code Root Scanning (ms): Min: 0.0, Avg: 0.0, Max: 0.0, Diff: 0.0, Sum: 0.0]
      [Object Copy (ms): Min: 0.5, Avg: 0.5, Max: 0.6, Diff: 0.1, Sum: 6.9]
      [Termination (ms): Min: 0.0, Avg: 0.1, Max: 0.2, Diff: 0.2, Sum: 1.3]
         [Termination Attempts: Min: 1, Avg: 1.0, Max: 1, Diff: 0, Sum: 13]
      [GC Worker Other (ms): Min: 0.0, Avg: 0.0, Max: 0.0, Diff: 0.0, Sum: 0.1]
      [GC Worker Total (ms): Min: 1.0, Avg: 1.1, Max: 1.3, Diff: 0.3, Sum: 14.4]
      [GC Worker End (ms): Min: 816.8, Avg: 816.9, Max: 817.0, Diff: 0.1]
   [Code Root Fixup: 0.0 ms]
   [Code Root Purge: 0.0 ms]
   [Clear CT: 0.3 ms]
   [Other: 0.9 ms]
      [Choose CSet: 0.0 ms]
      [Ref Proc: 0.5 ms]
      [Ref Enq: 0.0 ms]
      [Redirty Cards: 0.2 ms]
      [Humongous Register: 0.1 ms]
      [Humongous Reclaim: 0.0 ms]
      [Free CSet: 0.0 ms]
   [Eden: 24576.0K(24576.0K)->0.0B(21504.0K) Survivors: 1024.0K->4096.0K Heap: 362.2M(512.0M)->343.2M(512.0M)]
 [Times: user=0.02 sys=0.00, real=0.01 secs] 
2021-08-14T14:47:45.392-0800: [GC pause (G1 Humongous Allocation) (young) (initial-mark), 0.0013691 secs]
   [Parallel Time: 0.6 ms, GC Workers: 13]
      [GC Worker Start (ms): Min: 818.5, Avg: 818.6, Max: 818.7, Diff: 0.2]
      [Ext Root Scanning (ms): Min: 0.0, Avg: 0.2, Max: 0.4, Diff: 0.4, Sum: 2.7]
      [Update RS (ms): Min: 0.0, Avg: 0.0, Max: 0.1, Diff: 0.1, Sum: 0.2]
         [Processed Buffers: Min: 0, Avg: 0.8, Max: 3, Diff: 3, Sum: 10]
      [Scan RS (ms): Min: 0.0, Avg: 0.0, Max: 0.0, Diff: 0.0, Sum: 0.0]
      [Code Root Scanning (ms): Min: 0.0, Avg: 0.0, Max: 0.0, Diff: 0.0, Sum: 0.0]
      [Object Copy (ms): Min: 0.0, Avg: 0.1, Max: 0.2, Diff: 0.2, Sum: 1.3]
      [Termination (ms): Min: 0.0, Avg: 0.1, Max: 0.1, Diff: 0.1, Sum: 0.8]
         [Termination Attempts: Min: 1, Avg: 1.0, Max: 1, Diff: 0, Sum: 13]
      [GC Worker Other (ms): Min: 0.0, Avg: 0.0, Max: 0.0, Diff: 0.0, Sum: 0.1]
      [GC Worker Total (ms): Min: 0.3, Avg: 0.4, Max: 0.6, Diff: 0.3, Sum: 5.2]
      [GC Worker End (ms): Min: 819.0, Avg: 819.0, Max: 819.1, Diff: 0.1]
   [Code Root Fixup: 0.0 ms]
   [Code Root Purge: 0.0 ms]
   [Clear CT: 0.2 ms]
   [Other: 0.6 ms]
      [Choose CSet: 0.0 ms]
      [Ref Proc: 0.3 ms]
      [Ref Enq: 0.0 ms]
      [Redirty Cards: 0.1 ms]
      [Humongous Register: 0.1 ms]
      [Humongous Reclaim: 0.0 ms]
      [Free CSet: 0.0 ms]
   [Eden: 1024.0K(21504.0K)->0.0B(25600.0K) Survivors: 4096.0K->0.0B Heap: 343.8M(512.0M)->342.6M(512.0M)]
 [Times: user=0.00 sys=0.00, real=0.00 secs] 
2021-08-14T14:47:45.394-0800: [GC concurrent-root-region-scan-start]
2021-08-14T14:47:45.394-0800: [GC concurrent-root-region-scan-end, 0.0000330 secs]
2021-08-14T14:47:45.394-0800: [GC concurrent-mark-start]
2021-08-14T14:47:45.395-0800: [GC concurrent-mark-end, 0.0010822 secs]
2021-08-14T14:47:45.395-0800: [GC remark 2021-08-14T14:47:45.395-0800: [Finalize Marking, 0.0004150 secs] 2021-08-14T14:47:45.395-0800: [GC ref-proc, 0.0000686 secs] 2021-08-14T14:47:45.395-0800: [Unloading, 0.0004765 secs], 0.0015426 secs]
 [Times: user=0.01 sys=0.00, real=0.00 secs] 
2021-08-14T14:47:45.396-0800: [GC cleanup 351M->351M(512M), 0.0008233 secs]
 [Times: user=0.00 sys=0.00, real=0.00 secs] 
2021-08-14T14:47:45.401-0800: [GC pause (G1 Evacuation Pause) (young), 0.0027169 secs]
   [Parallel Time: 1.6 ms, GC Workers: 13]
      [GC Worker Start (ms): Min: 827.6, Avg: 827.7, Max: 827.8, Diff: 0.2]
      [Ext Root Scanning (ms): Min: 0.0, Avg: 0.1, Max: 0.2, Diff: 0.2, Sum: 0.9]
      [Update RS (ms): Min: 0.5, Avg: 0.5, Max: 0.6, Diff: 0.1, Sum: 7.1]
         [Processed Buffers: Min: 5, Avg: 5.6, Max: 6, Diff: 1, Sum: 73]
      [Scan RS (ms): Min: 0.0, Avg: 0.0, Max: 0.0, Diff: 0.0, Sum: 0.0]
      [Code Root Scanning (ms): Min: 0.0, Avg: 0.0, Max: 0.0, Diff: 0.0, Sum: 0.0]
      [Object Copy (ms): Min: 0.5, Avg: 0.6, Max: 0.7, Diff: 0.2, Sum: 8.1]
      [Termination (ms): Min: 0.0, Avg: 0.1, Max: 0.2, Diff: 0.2, Sum: 1.2]
         [Termination Attempts: Min: 1, Avg: 1.0, Max: 1, Diff: 0, Sum: 13]
      [GC Worker Other (ms): Min: 0.0, Avg: 0.0, Max: 0.0, Diff: 0.0, Sum: 0.1]
      [GC Worker Total (ms): Min: 1.2, Avg: 1.3, Max: 1.5, Diff: 0.2, Sum: 17.4]
      [GC Worker End (ms): Min: 829.0, Avg: 829.0, Max: 829.1, Diff: 0.1]
   [Code Root Fixup: 0.0 ms]
   [Code Root Purge: 0.0 ms]
   [Clear CT: 0.2 ms]
   [Other: 0.9 ms]
      [Choose CSet: 0.0 ms]
      [Ref Proc: 0.5 ms]
      [Ref Enq: 0.0 ms]
      [Redirty Cards: 0.2 ms]
      [Humongous Register: 0.1 ms]
      [Humongous Reclaim: 0.0 ms]
      [Free CSet: 0.0 ms]
   [Eden: 25600.0K(25600.0K)->0.0B(21504.0K) Survivors: 0.0B->4096.0K Heap: 375.5M(512.0M)->351.3M(512.0M)]
 [Times: user=0.02 sys=0.00, real=0.00 secs] 
2021-08-14T14:47:45.408-0800: [GC pause (G1 Evacuation Pause) (mixed), 0.0029814 secs]
   [Parallel Time: 2.0 ms, GC Workers: 13]
      [GC Worker Start (ms): Min: 834.2, Avg: 834.4, Max: 834.5, Diff: 0.3]
      [Ext Root Scanning (ms): Min: 0.0, Avg: 0.1, Max: 0.2, Diff: 0.2, Sum: 0.9]
      [Update RS (ms): Min: 0.2, Avg: 0.3, Max: 0.4, Diff: 0.1, Sum: 3.8]
         [Processed Buffers: Min: 2, Avg: 3.5, Max: 5, Diff: 3, Sum: 45]
      [Scan RS (ms): Min: 0.0, Avg: 0.0, Max: 0.0, Diff: 0.0, Sum: 0.1]
      [Code Root Scanning (ms): Min: 0.0, Avg: 0.0, Max: 0.0, Diff: 0.0, Sum: 0.0]
      [Object Copy (ms): Min: 1.2, Avg: 1.3, Max: 1.4, Diff: 0.2, Sum: 16.6]
      [Termination (ms): Min: 0.0, Avg: 0.1, Max: 0.2, Diff: 0.2, Sum: 1.5]
         [Termination Attempts: Min: 1, Avg: 1.2, Max: 2, Diff: 1, Sum: 15]
      [GC Worker Other (ms): Min: 0.0, Avg: 0.0, Max: 0.0, Diff: 0.0, Sum: 0.1]
      [GC Worker Total (ms): Min: 1.6, Avg: 1.8, Max: 2.0, Diff: 0.3, Sum: 23.1]
      [GC Worker End (ms): Min: 836.1, Avg: 836.1, Max: 836.2, Diff: 0.1]
   [Code Root Fixup: 0.0 ms]
   [Code Root Purge: 0.0 ms]
   [Clear CT: 0.2 ms]
   [Other: 0.8 ms]
      [Choose CSet: 0.0 ms]
      [Ref Proc: 0.4 ms]
      [Ref Enq: 0.0 ms]
      [Redirty Cards: 0.2 ms]
      [Humongous Register: 0.1 ms]
      [Humongous Reclaim: 0.0 ms]
      [Free CSet: 0.0 ms]
   [Eden: 21504.0K(21504.0K)->0.0B(21504.0K) Survivors: 4096.0K->4096.0K Heap: 376.3M(512.0M)->352.5M(512.0M)]
 [Times: user=0.02 sys=0.00, real=0.01 secs] 
2021-08-14T14:47:45.411-0800: [GC pause (G1 Humongous Allocation) (young) (initial-mark), 0.0021996 secs]
   [Parallel Time: 1.1 ms, GC Workers: 13]
      [GC Worker Start (ms): Min: 837.9, Avg: 838.0, Max: 838.1, Diff: 0.2]
      [Ext Root Scanning (ms): Min: 0.0, Avg: 0.2, Max: 0.3, Diff: 0.3, Sum: 2.5]
      [Update RS (ms): Min: 0.0, Avg: 0.0, Max: 0.1, Diff: 0.1, Sum: 0.4]
         [Processed Buffers: Min: 0, Avg: 1.0, Max: 4, Diff: 4, Sum: 13]
      [Scan RS (ms): Min: 0.0, Avg: 0.0, Max: 0.0, Diff: 0.0, Sum: 0.0]
      [Code Root Scanning (ms): Min: 0.0, Avg: 0.0, Max: 0.0, Diff: 0.0, Sum: 0.0]
      [Object Copy (ms): Min: 0.2, Avg: 0.3, Max: 0.5, Diff: 0.3, Sum: 4.3]
      [Termination (ms): Min: 0.0, Avg: 0.2, Max: 0.5, Diff: 0.5, Sum: 3.2]
         [Termination Attempts: Min: 1, Avg: 1.0, Max: 1, Diff: 0, Sum: 13]
      [GC Worker Other (ms): Min: 0.0, Avg: 0.0, Max: 0.0, Diff: 0.0, Sum: 0.1]
      [GC Worker Total (ms): Min: 0.6, Avg: 0.8, Max: 1.0, Diff: 0.3, Sum: 10.4]
      [GC Worker End (ms): Min: 838.7, Avg: 838.8, Max: 839.0, Diff: 0.2]
   [Code Root Fixup: 0.0 ms]
   [Code Root Purge: 0.0 ms]
   [Clear CT: 0.1 ms]
   [Other: 0.9 ms]
      [Choose CSet: 0.0 ms]
      [Ref Proc: 0.5 ms]
      [Ref Enq: 0.0 ms]
      [Redirty Cards: 0.2 ms]
      [Humongous Register: 0.1 ms]
      [Humongous Reclaim: 0.0 ms]
      [Free CSet: 0.0 ms]
   [Eden: 3072.0K(21504.0K)->0.0B(24576.0K) Survivors: 4096.0K->1024.0K Heap: 355.0M(512.0M)->353.9M(512.0M)]
 [Times: user=0.01 sys=0.01, real=0.00 secs] 
2021-08-14T14:47:45.414-0800: [GC concurrent-root-region-scan-start]
2021-08-14T14:47:45.414-0800: [GC concurrent-root-region-scan-end, 0.0000810 secs]
2021-08-14T14:47:45.414-0800: [GC concurrent-mark-start]
2021-08-14T14:47:45.415-0800: [GC concurrent-mark-end, 0.0009345 secs]
2021-08-14T14:47:45.415-0800: [GC remark 2021-08-14T14:47:45.415-0800: [Finalize Marking, 0.0003128 secs] 2021-08-14T14:47:45.415-0800: [GC ref-proc, 0.0000708 secs] 2021-08-14T14:47:45.415-0800: [Unloading, 0.0004928 secs], 0.0014409 secs]
 [Times: user=0.01 sys=0.00, real=0.00 secs] 
2021-08-14T14:47:45.417-0800: [GC cleanup 360M->360M(512M), 0.0009055 secs]
 [Times: user=0.00 sys=0.00, real=0.00 secs] 
2021-08-14T14:47:45.421-0800: [GC pause (G1 Evacuation Pause) (young), 0.0022313 secs]
   [Parallel Time: 1.3 ms, GC Workers: 13]
      [GC Worker Start (ms): Min: 847.7, Avg: 847.8, Max: 847.9, Diff: 0.2]
      [Ext Root Scanning (ms): Min: 0.0, Avg: 0.1, Max: 0.2, Diff: 0.2, Sum: 1.0]
      [Update RS (ms): Min: 0.3, Avg: 0.3, Max: 0.3, Diff: 0.1, Sum: 4.1]
         [Processed Buffers: Min: 3, Avg: 3.5, Max: 4, Diff: 1, Sum: 46]
      [Scan RS (ms): Min: 0.0, Avg: 0.0, Max: 0.0, Diff: 0.0, Sum: 0.0]
      [Code Root Scanning (ms): Min: 0.0, Avg: 0.0, Max: 0.0, Diff: 0.0, Sum: 0.0]
      [Object Copy (ms): Min: 0.6, Avg: 0.6, Max: 0.7, Diff: 0.1, Sum: 8.2]
      [Termination (ms): Min: 0.0, Avg: 0.1, Max: 0.1, Diff: 0.1, Sum: 1.0]
         [Termination Attempts: Min: 1, Avg: 1.0, Max: 1, Diff: 0, Sum: 13]
      [GC Worker Other (ms): Min: 0.0, Avg: 0.0, Max: 0.0, Diff: 0.0, Sum: 0.1]
      [GC Worker Total (ms): Min: 1.0, Avg: 1.1, Max: 1.2, Diff: 0.2, Sum: 14.5]
      [GC Worker End (ms): Min: 848.9, Avg: 848.9, Max: 849.0, Diff: 0.1]
   [Code Root Fixup: 0.0 ms]
   [Code Root Purge: 0.0 ms]
   [Clear CT: 0.2 ms]
   [Other: 0.7 ms]
      [Choose CSet: 0.0 ms]
      [Ref Proc: 0.3 ms]
      [Ref Enq: 0.0 ms]
      [Redirty Cards: 0.2 ms]
      [Humongous Register: 0.1 ms]
      [Humongous Reclaim: 0.0 ms]
      [Free CSet: 0.0 ms]
   [Eden: 24576.0K(24576.0K)->0.0B(21504.0K) Survivors: 1024.0K->4096.0K Heap: 382.5M(512.0M)->357.6M(512.0M)]
 [Times: user=0.02 sys=0.00, real=0.00 secs] 
2021-08-14T14:47:45.428-0800: [GC pause (G1 Evacuation Pause) (mixed), 0.0043069 secs]
   [Parallel Time: 3.2 ms, GC Workers: 13]
      [GC Worker Start (ms): Min: 854.0, Avg: 854.1, Max: 854.2, Diff: 0.2]
      [Ext Root Scanning (ms): Min: 0.0, Avg: 0.1, Max: 0.2, Diff: 0.2, Sum: 1.0]
      [Update RS (ms): Min: 0.4, Avg: 0.4, Max: 0.4, Diff: 0.1, Sum: 5.1]
         [Processed Buffers: Min: 4, Avg: 4.3, Max: 5, Diff: 1, Sum: 56]
      [Scan RS (ms): Min: 0.0, Avg: 0.0, Max: 0.0, Diff: 0.0, Sum: 0.2]
      [Code Root Scanning (ms): Min: 0.0, Avg: 0.0, Max: 0.0, Diff: 0.0, Sum: 0.0]
      [Object Copy (ms): Min: 2.3, Avg: 2.4, Max: 2.5, Diff: 0.2, Sum: 31.3]
      [Termination (ms): Min: 0.0, Avg: 0.1, Max: 0.1, Diff: 0.1, Sum: 1.0]
         [Termination Attempts: Min: 1, Avg: 1.0, Max: 1, Diff: 0, Sum: 13]
      [GC Worker Other (ms): Min: 0.0, Avg: 0.0, Max: 0.0, Diff: 0.0, Sum: 0.1]
      [GC Worker Total (ms): Min: 2.9, Avg: 3.0, Max: 3.1, Diff: 0.2, Sum: 38.8]
      [GC Worker End (ms): Min: 857.1, Avg: 857.1, Max: 857.1, Diff: 0.1]
   [Code Root Fixup: 0.0 ms]
   [Code Root Purge: 0.0 ms]
   [Clear CT: 0.2 ms]
   [Other: 0.9 ms]
      [Choose CSet: 0.0 ms]
      [Ref Proc: 0.5 ms]
      [Ref Enq: 0.0 ms]
      [Redirty Cards: 0.2 ms]
      [Humongous Register: 0.1 ms]
      [Humongous Reclaim: 0.0 ms]
      [Free CSet: 0.0 ms]
   [Eden: 21504.0K(21504.0K)->0.0B(21504.0K) Survivors: 4096.0K->4096.0K Heap: 384.2M(512.0M)->357.5M(512.0M)]
 [Times: user=0.05 sys=0.00, real=0.01 secs] 
2021-08-14T14:47:45.432-0800: [GC pause (G1 Humongous Allocation) (young) (initial-mark), 0.0022451 secs]
   [Parallel Time: 1.3 ms, GC Workers: 13]
      [GC Worker Start (ms): Min: 858.9, Avg: 859.1, Max: 859.2, Diff: 0.3]
      [Ext Root Scanning (ms): Min: 0.0, Avg: 0.2, Max: 0.4, Diff: 0.4, Sum: 3.0]
      [Update RS (ms): Min: 0.0, Avg: 0.0, Max: 0.3, Diff: 0.3, Sum: 0.6]
         [Processed Buffers: Min: 0, Avg: 1.1, Max: 4, Diff: 4, Sum: 14]
      [Scan RS (ms): Min: 0.0, Avg: 0.0, Max: 0.0, Diff: 0.0, Sum: 0.0]
      [Code Root Scanning (ms): Min: 0.0, Avg: 0.0, Max: 0.0, Diff: 0.0, Sum: 0.0]
      [Object Copy (ms): Min: 0.1, Avg: 0.3, Max: 0.4, Diff: 0.3, Sum: 4.1]
      [Termination (ms): Min: 0.0, Avg: 0.3, Max: 0.5, Diff: 0.5, Sum: 3.9]
         [Termination Attempts: Min: 1, Avg: 1.0, Max: 1, Diff: 0, Sum: 13]
      [GC Worker Other (ms): Min: 0.0, Avg: 0.0, Max: 0.0, Diff: 0.0, Sum: 0.1]
      [GC Worker Total (ms): Min: 0.7, Avg: 0.9, Max: 1.0, Diff: 0.3, Sum: 11.8]
      [GC Worker End (ms): Min: 859.9, Avg: 860.0, Max: 860.1, Diff: 0.2]
   [Code Root Fixup: 0.0 ms]
   [Code Root Purge: 0.0 ms]
   [Clear CT: 0.3 ms]
   [Other: 0.7 ms]
      [Choose CSet: 0.0 ms]
      [Ref Proc: 0.3 ms]
      [Ref Enq: 0.0 ms]
      [Redirty Cards: 0.2 ms]
      [Humongous Register: 0.1 ms]
      [Humongous Reclaim: 0.0 ms]
      [Free CSet: 0.0 ms]
   [Eden: 2048.0K(21504.0K)->0.0B(24576.0K) Survivors: 4096.0K->1024.0K Heap: 359.1M(512.0M)->357.6M(512.0M)]
 [Times: user=0.00 sys=0.00, real=0.00 secs] 
2021-08-14T14:47:45.435-0800: [GC concurrent-root-region-scan-start]
2021-08-14T14:47:45.435-0800: [GC concurrent-root-region-scan-end, 0.0000880 secs]
2021-08-14T14:47:45.435-0800: [GC concurrent-mark-start]
2021-08-14T14:47:45.436-0800: [GC concurrent-mark-end, 0.0009755 secs]
2021-08-14T14:47:45.436-0800: [GC remark 2021-08-14T14:47:45.436-0800: [Finalize Marking, 0.0004004 secs] 2021-08-14T14:47:45.437-0800: [GC ref-proc, 0.0000765 secs] 2021-08-14T14:47:45.437-0800: [Unloading, 0.0005307 secs], 0.0016813 secs]
 [Times: user=0.01 sys=0.00, real=0.00 secs] 
2021-08-14T14:47:45.438-0800: [GC cleanup 365M->365M(512M), 0.0008999 secs]
 [Times: user=0.00 sys=0.00, real=0.00 secs] 
2021-08-14T14:47:45.443-0800: [GC pause (G1 Evacuation Pause) (young), 0.0023528 secs]
   [Parallel Time: 1.5 ms, GC Workers: 13]
      [GC Worker Start (ms): Min: 869.1, Avg: 869.2, Max: 869.3, Diff: 0.2]
      [Ext Root Scanning (ms): Min: 0.0, Avg: 0.1, Max: 0.2, Diff: 0.2, Sum: 0.9]
      [Update RS (ms): Min: 0.5, Avg: 0.5, Max: 0.6, Diff: 0.1, Sum: 7.0]
         [Processed Buffers: Min: 5, Avg: 5.5, Max: 6, Diff: 1, Sum: 72]
      [Scan RS (ms): Min: 0.0, Avg: 0.0, Max: 0.0, Diff: 0.0, Sum: 0.0]
      [Code Root Scanning (ms): Min: 0.0, Avg: 0.0, Max: 0.0, Diff: 0.0, Sum: 0.0]
      [Object Copy (ms): Min: 0.5, Avg: 0.5, Max: 0.6, Diff: 0.2, Sum: 6.9]
      [Termination (ms): Min: 0.0, Avg: 0.1, Max: 0.2, Diff: 0.2, Sum: 1.4]
         [Termination Attempts: Min: 1, Avg: 1.0, Max: 1, Diff: 0, Sum: 13]
      [GC Worker Other (ms): Min: 0.0, Avg: 0.0, Max: 0.0, Diff: 0.0, Sum: 0.1]
      [GC Worker Total (ms): Min: 1.1, Avg: 1.3, Max: 1.4, Diff: 0.3, Sum: 16.4]
      [GC Worker End (ms): Min: 870.4, Avg: 870.5, Max: 870.5, Diff: 0.1]
   [Code Root Fixup: 0.0 ms]
   [Code Root Purge: 0.0 ms]
   [Clear CT: 0.2 ms]
   [Other: 0.6 ms]
      [Choose CSet: 0.0 ms]
      [Ref Proc: 0.3 ms]
      [Ref Enq: 0.0 ms]
      [Redirty Cards: 0.2 ms]
      [Humongous Register: 0.1 ms]
      [Humongous Reclaim: 0.0 ms]
      [Free CSet: 0.0 ms]
   [Eden: 24576.0K(24576.0K)->0.0B(21504.0K) Survivors: 1024.0K->4096.0K Heap: 389.4M(512.0M)->366.1M(512.0M)]
 [Times: user=0.02 sys=0.01, real=0.00 secs] 
2021-08-14T14:47:45.449-0800: [GC pause (G1 Evacuation Pause) (mixed), 0.0043914 secs]
   [Parallel Time: 3.4 ms, GC Workers: 13]
      [GC Worker Start (ms): Min: 875.5, Avg: 875.7, Max: 875.7, Diff: 0.2]
      [Ext Root Scanning (ms): Min: 0.0, Avg: 0.1, Max: 0.2, Diff: 0.2, Sum: 1.0]
      [Update RS (ms): Min: 0.4, Avg: 0.4, Max: 0.5, Diff: 0.1, Sum: 5.7]
         [Processed Buffers: Min: 4, Avg: 4.7, Max: 5, Diff: 1, Sum: 61]
      [Scan RS (ms): Min: 0.0, Avg: 0.0, Max: 0.1, Diff: 0.1, Sum: 0.3]
      [Code Root Scanning (ms): Min: 0.0, Avg: 0.0, Max: 0.0, Diff: 0.0, Sum: 0.0]
      [Object Copy (ms): Min: 2.4, Avg: 2.5, Max: 2.6, Diff: 0.1, Sum: 32.2]
      [Termination (ms): Min: 0.0, Avg: 0.1, Max: 0.2, Diff: 0.2, Sum: 1.2]
         [Termination Attempts: Min: 1, Avg: 1.0, Max: 1, Diff: 0, Sum: 13]
      [GC Worker Other (ms): Min: 0.0, Avg: 0.0, Max: 0.0, Diff: 0.0, Sum: 0.1]
      [GC Worker Total (ms): Min: 3.0, Avg: 3.1, Max: 3.3, Diff: 0.3, Sum: 40.5]
      [GC Worker End (ms): Min: 878.7, Avg: 878.8, Max: 878.9, Diff: 0.1]
   [Code Root Fixup: 0.0 ms]
   [Code Root Purge: 0.0 ms]
   [Clear CT: 0.2 ms]
   [Other: 0.8 ms]
      [Choose CSet: 0.0 ms]
      [Ref Proc: 0.4 ms]
      [Ref Enq: 0.0 ms]
      [Redirty Cards: 0.2 ms]
      [Humongous Register: 0.1 ms]
      [Humongous Reclaim: 0.0 ms]
      [Free CSet: 0.0 ms]
   [Eden: 21504.0K(21504.0K)->0.0B(21504.0K) Survivors: 4096.0K->4096.0K Heap: 393.2M(512.0M)->366.3M(512.0M)]
 [Times: user=0.04 sys=0.00, real=0.01 secs] 
2021-08-14T14:47:45.456-0800: [GC pause (G1 Humongous Allocation) (young) (initial-mark), 0.0020945 secs]
   [Parallel Time: 1.2 ms, GC Workers: 13]
      [GC Worker Start (ms): Min: 882.3, Avg: 882.4, Max: 882.6, Diff: 0.3]
      [Ext Root Scanning (ms): Min: 0.0, Avg: 0.2, Max: 0.4, Diff: 0.4, Sum: 3.0]
      [Update RS (ms): Min: 0.0, Avg: 0.0, Max: 0.2, Diff: 0.2, Sum: 0.6]
         [Processed Buffers: Min: 0, Avg: 1.1, Max: 5, Diff: 5, Sum: 14]
      [Scan RS (ms): Min: 0.0, Avg: 0.0, Max: 0.0, Diff: 0.0, Sum: 0.0]
      [Code Root Scanning (ms): Min: 0.0, Avg: 0.0, Max: 0.0, Diff: 0.0, Sum: 0.0]
      [Object Copy (ms): Min: 0.3, Avg: 0.4, Max: 0.5, Diff: 0.2, Sum: 5.6]
      [Termination (ms): Min: 0.0, Avg: 0.1, Max: 0.2, Diff: 0.2, Sum: 1.6]
         [Termination Attempts: Min: 1, Avg: 1.0, Max: 1, Diff: 0, Sum: 13]
      [GC Worker Other (ms): Min: 0.0, Avg: 0.0, Max: 0.0, Diff: 0.0, Sum: 0.1]
      [GC Worker Total (ms): Min: 0.7, Avg: 0.8, Max: 1.0, Diff: 0.4, Sum: 10.9]
      [GC Worker End (ms): Min: 883.2, Avg: 883.3, Max: 883.4, Diff: 0.1]
   [Code Root Fixup: 0.0 ms]
   [Code Root Purge: 0.0 ms]
   [Clear CT: 0.2 ms]
   [Other: 0.8 ms]
      [Choose CSet: 0.0 ms]
      [Ref Proc: 0.4 ms]
      [Ref Enq: 0.0 ms]
      [Redirty Cards: 0.2 ms]
      [Humongous Register: 0.1 ms]
      [Humongous Reclaim: 0.0 ms]
      [Free CSet: 0.0 ms]
   [Eden: 9216.0K(21504.0K)->0.0B(22528.0K) Survivors: 4096.0K->3072.0K Heap: 375.1M(512.0M)->368.2M(512.0M)]
 [Times: user=0.01 sys=0.00, real=0.00 secs] 
2021-08-14T14:47:45.458-0800: [GC concurrent-root-region-scan-start]
2021-08-14T14:47:45.458-0800: [GC concurrent-root-region-scan-end, 0.0001084 secs]
2021-08-14T14:47:45.458-0800: [GC concurrent-mark-start]
2021-08-14T14:47:45.459-0800: [GC concurrent-mark-end, 0.0009743 secs]
2021-08-14T14:47:45.459-0800: [GC remark 2021-08-14T14:47:45.459-0800: [Finalize Marking, 0.0003282 secs] 2021-08-14T14:47:45.460-0800: [GC ref-proc, 0.0000711 secs] 2021-08-14T14:47:45.460-0800: [Unloading, 0.0004874 secs], 0.0014632 secs]
 [Times: user=0.00 sys=0.00, real=0.01 secs] 
2021-08-14T14:47:45.461-0800: [GC cleanup 377M->377M(512M), 0.0008591 secs]
 [Times: user=0.01 sys=0.00, real=0.00 secs] 
2021-08-14T14:47:45.464-0800: [GC pause (G1 Evacuation Pause) (young), 0.0022904 secs]
   [Parallel Time: 1.4 ms, GC Workers: 13]
      [GC Worker Start (ms): Min: 890.7, Avg: 890.9, Max: 891.1, Diff: 0.3]
      [Ext Root Scanning (ms): Min: 0.0, Avg: 0.0, Max: 0.2, Diff: 0.2, Sum: 0.5]
      [Update RS (ms): Min: 0.2, Avg: 0.4, Max: 0.5, Diff: 0.2, Sum: 4.6]
         [Processed Buffers: Min: 2, Avg: 4.1, Max: 6, Diff: 4, Sum: 53]
      [Scan RS (ms): Min: 0.0, Avg: 0.0, Max: 0.0, Diff: 0.0, Sum: 0.0]
      [Code Root Scanning (ms): Min: 0.0, Avg: 0.0, Max: 0.0, Diff: 0.0, Sum: 0.0]
      [Object Copy (ms): Min: 0.6, Avg: 0.6, Max: 0.7, Diff: 0.2, Sum: 8.3]
      [Termination (ms): Min: 0.0, Avg: 0.1, Max: 0.1, Diff: 0.1, Sum: 0.9]
         [Termination Attempts: Min: 1, Avg: 1.1, Max: 2, Diff: 1, Sum: 14]
      [GC Worker Other (ms): Min: 0.0, Avg: 0.0, Max: 0.0, Diff: 0.0, Sum: 0.1]
      [GC Worker Total (ms): Min: 1.0, Avg: 1.1, Max: 1.3, Diff: 0.3, Sum: 14.5]
      [GC Worker End (ms): Min: 892.0, Avg: 892.1, Max: 892.1, Diff: 0.0]
   [Code Root Fixup: 0.0 ms]
   [Code Root Purge: 0.0 ms]
   [Clear CT: 0.2 ms]
   [Other: 0.7 ms]
      [Choose CSet: 0.0 ms]
      [Ref Proc: 0.3 ms]
      [Ref Enq: 0.0 ms]
      [Redirty Cards: 0.2 ms]
      [Humongous Register: 0.1 ms]
      [Humongous Reclaim: 0.0 ms]
      [Free CSet: 0.0 ms]
   [Eden: 22528.0K(22528.0K)->0.0B(21504.0K) Survivors: 3072.0K->4096.0K Heap: 395.3M(512.0M)->376.4M(512.0M)]
 [Times: user=0.01 sys=0.00, real=0.00 secs] 
2021-08-14T14:47:45.472-0800: [GC pause (G1 Evacuation Pause) (mixed) (to-space exhausted), 0.0040108 secs]
   [Parallel Time: 2.9 ms, GC Workers: 13]
      [GC Worker Start (ms): Min: 898.1, Avg: 898.2, Max: 898.3, Diff: 0.3]
      [Ext Root Scanning (ms): Min: 0.0, Avg: 0.1, Max: 0.2, Diff: 0.2, Sum: 0.8]
      [Update RS (ms): Min: 0.8, Avg: 0.8, Max: 0.9, Diff: 0.1, Sum: 10.5]
         [Processed Buffers: Min: 7, Avg: 8.3, Max: 10, Diff: 3, Sum: 108]
      [Scan RS (ms): Min: 0.0, Avg: 0.0, Max: 0.1, Diff: 0.1, Sum: 0.3]
      [Code Root Scanning (ms): Min: 0.0, Avg: 0.0, Max: 0.0, Diff: 0.0, Sum: 0.0]
      [Object Copy (ms): Min: 1.5, Avg: 1.5, Max: 1.6, Diff: 0.1, Sum: 20.0]
      [Termination (ms): Min: 0.0, Avg: 0.1, Max: 0.2, Diff: 0.2, Sum: 1.5]
         [Termination Attempts: Min: 1, Avg: 1.2, Max: 2, Diff: 1, Sum: 15]
      [GC Worker Other (ms): Min: 0.0, Avg: 0.0, Max: 0.0, Diff: 0.0, Sum: 0.1]
      [GC Worker Total (ms): Min: 2.4, Avg: 2.6, Max: 2.7, Diff: 0.3, Sum: 33.2]
      [GC Worker End (ms): Min: 900.7, Avg: 900.8, Max: 900.8, Diff: 0.1]
   [Code Root Fixup: 0.0 ms]
   [Code Root Purge: 0.0 ms]
   [Clear CT: 0.2 ms]
   [Other: 0.9 ms]
      [Evacuation Failure: 0.2 ms]
      [Choose CSet: 0.0 ms]
      [Ref Proc: 0.4 ms]
      [Ref Enq: 0.0 ms]
      [Redirty Cards: 0.2 ms]
      [Humongous Register: 0.1 ms]
      [Humongous Reclaim: 0.0 ms]
      [Free CSet: 0.0 ms]
   [Eden: 21504.0K(21504.0K)->0.0B(21504.0K) Survivors: 4096.0K->4096.0K Heap: 409.2M(512.0M)->405.8M(512.0M)]
 [Times: user=0.03 sys=0.00, real=0.00 secs] 
2021-08-14T14:47:45.476-0800: [GC pause (G1 Humongous Allocation) (young) (initial-mark), 0.0016307 secs]
   [Parallel Time: 0.8 ms, GC Workers: 13]
      [GC Worker Start (ms): Min: 902.4, Avg: 902.5, Max: 902.6, Diff: 0.2]
      [Ext Root Scanning (ms): Min: 0.0, Avg: 0.1, Max: 0.2, Diff: 0.2, Sum: 1.2]
      [Update RS (ms): Min: 0.0, Avg: 0.0, Max: 0.1, Diff: 0.0, Sum: 0.6]
         [Processed Buffers: Min: 1, Avg: 1.7, Max: 3, Diff: 2, Sum: 22]
      [Scan RS (ms): Min: 0.0, Avg: 0.0, Max: 0.0, Diff: 0.0, Sum: 0.0]
      [Code Root Scanning (ms): Min: 0.0, Avg: 0.0, Max: 0.0, Diff: 0.0, Sum: 0.0]
      [Object Copy (ms): Min: 0.2, Avg: 0.3, Max: 0.4, Diff: 0.1, Sum: 3.8]
      [Termination (ms): Min: 0.0, Avg: 0.1, Max: 0.2, Diff: 0.2, Sum: 1.6]
         [Termination Attempts: Min: 1, Avg: 1.0, Max: 1, Diff: 0, Sum: 13]
      [GC Worker Other (ms): Min: 0.0, Avg: 0.0, Max: 0.0, Diff: 0.0, Sum: 0.1]
      [GC Worker Total (ms): Min: 0.4, Avg: 0.6, Max: 0.7, Diff: 0.2, Sum: 7.3]
      [GC Worker End (ms): Min: 903.0, Avg: 903.1, Max: 903.1, Diff: 0.1]
   [Code Root Fixup: 0.0 ms]
   [Code Root Purge: 0.0 ms]
   [Clear CT: 0.2 ms]
   [Other: 0.7 ms]
      [Choose CSet: 0.0 ms]
      [Ref Proc: 0.3 ms]
      [Ref Enq: 0.0 ms]
      [Redirty Cards: 0.2 ms]
      [Humongous Register: 0.1 ms]
      [Humongous Reclaim: 0.0 ms]
      [Free CSet: 0.0 ms]
   [Eden: 1024.0K(21504.0K)->0.0B(24576.0K) Survivors: 4096.0K->1024.0K Heap: 406.7M(512.0M)->405.8M(512.0M)]
 [Times: user=0.01 sys=0.01, real=0.00 secs] 
2021-08-14T14:47:45.478-0800: [GC concurrent-root-region-scan-start]
2021-08-14T14:47:45.478-0800: [GC concurrent-root-region-scan-end, 0.0000456 secs]
2021-08-14T14:47:45.478-0800: [GC concurrent-mark-start]
2021-08-14T14:47:45.479-0800: [GC concurrent-mark-end, 0.0010666 secs]
2021-08-14T14:47:45.479-0800: [GC remark 2021-08-14T14:47:45.479-0800: [Finalize Marking, 0.0003221 secs] 2021-08-14T14:47:45.479-0800: [GC ref-proc, 0.0000683 secs] 2021-08-14T14:47:45.479-0800: [Unloading, 0.0004598 secs], 0.0014796 secs]
 [Times: user=0.01 sys=0.00, real=0.01 secs] 
2021-08-14T14:47:45.481-0800: [GC cleanup 413M->413M(512M), 0.0008092 secs]
 [Times: user=0.00 sys=0.00, real=0.00 secs] 
2021-08-14T14:47:45.484-0800: [GC pause (G1 Evacuation Pause) (young) (to-space exhausted), 0.0020346 secs]
   [Parallel Time: 0.9 ms, GC Workers: 13]
      [GC Worker Start (ms): Min: 910.1, Avg: 910.3, Max: 910.4, Diff: 0.2]
      [Ext Root Scanning (ms): Min: 0.0, Avg: 0.1, Max: 0.2, Diff: 0.2, Sum: 0.8]
      [Update RS (ms): Min: 0.4, Avg: 0.5, Max: 0.5, Diff: 0.1, Sum: 5.9]
         [Processed Buffers: Min: 4, Avg: 4.8, Max: 7, Diff: 3, Sum: 63]
      [Scan RS (ms): Min: 0.0, Avg: 0.0, Max: 0.0, Diff: 0.0, Sum: 0.0]
      [Code Root Scanning (ms): Min: 0.0, Avg: 0.0, Max: 0.0, Diff: 0.0, Sum: 0.0]
      [Object Copy (ms): Min: 0.0, Avg: 0.0, Max: 0.1, Diff: 0.1, Sum: 0.5]
      [Termination (ms): Min: 0.0, Avg: 0.1, Max: 0.1, Diff: 0.1, Sum: 0.7]
         [Termination Attempts: Min: 1, Avg: 1.0, Max: 1, Diff: 0, Sum: 13]
      [GC Worker Other (ms): Min: 0.0, Avg: 0.0, Max: 0.0, Diff: 0.0, Sum: 0.1]
      [GC Worker Total (ms): Min: 0.5, Avg: 0.6, Max: 0.8, Diff: 0.3, Sum: 8.0]
      [GC Worker End (ms): Min: 910.9, Avg: 910.9, Max: 910.9, Diff: 0.1]
   [Code Root Fixup: 0.0 ms]
   [Code Root Purge: 0.0 ms]
   [Clear CT: 0.1 ms]
   [Other: 1.0 ms]
      [Evacuation Failure: 0.2 ms]
      [Choose CSet: 0.0 ms]
      [Ref Proc: 0.5 ms]
      [Ref Enq: 0.0 ms]
      [Redirty Cards: 0.2 ms]
      [Humongous Register: 0.1 ms]
      [Humongous Reclaim: 0.0 ms]
      [Free CSet: 0.0 ms]
   [Eden: 14336.0K(24576.0K)->0.0B(25600.0K) Survivors: 1024.0K->0.0B Heap: 426.3M(512.0M)->417.1M(512.0M)]
 [Times: user=0.01 sys=0.00, real=0.00 secs] 
2021-08-14T14:47:45.487-0800: [GC pause (G1 Humongous Allocation) (mixed) (to-space exhausted), 0.0017362 secs]
   [Parallel Time: 0.6 ms, GC Workers: 13]
      [GC Worker Start (ms): Min: 913.9, Avg: 914.0, Max: 914.1, Diff: 0.2]
      [Ext Root Scanning (ms): Min: 0.0, Avg: 0.1, Max: 0.2, Diff: 0.2, Sum: 0.7]
      [Update RS (ms): Min: 0.0, Avg: 0.1, Max: 0.2, Diff: 0.2, Sum: 1.5]
         [Processed Buffers: Min: 0, Avg: 2.3, Max: 4, Diff: 4, Sum: 30]
      [Scan RS (ms): Min: 0.0, Avg: 0.0, Max: 0.1, Diff: 0.1, Sum: 0.2]
      [Code Root Scanning (ms): Min: 0.0, Avg: 0.0, Max: 0.0, Diff: 0.0, Sum: 0.0]
      [Object Copy (ms): Min: 0.1, Avg: 0.1, Max: 0.2, Diff: 0.1, Sum: 1.9]
      [Termination (ms): Min: 0.0, Avg: 0.1, Max: 0.1, Diff: 0.1, Sum: 0.9]
         [Termination Attempts: Min: 1, Avg: 1.6, Max: 4, Diff: 3, Sum: 21]
      [GC Worker Other (ms): Min: 0.0, Avg: 0.0, Max: 0.0, Diff: 0.0, Sum: 0.1]
      [GC Worker Total (ms): Min: 0.3, Avg: 0.4, Max: 0.5, Diff: 0.2, Sum: 5.4]
      [GC Worker End (ms): Min: 914.4, Avg: 914.5, Max: 914.5, Diff: 0.0]
   [Code Root Fixup: 0.0 ms]
   [Code Root Purge: 0.0 ms]
   [Clear CT: 0.2 ms]
   [Other: 1.0 ms]
      [Evacuation Failure: 0.2 ms]
      [Choose CSet: 0.0 ms]
      [Ref Proc: 0.5 ms]
      [Ref Enq: 0.0 ms]
      [Redirty Cards: 0.1 ms]
      [Humongous Register: 0.1 ms]
      [Humongous Reclaim: 0.0 ms]
      [Free CSet: 0.0 ms]
   [Eden: 11264.0K(25600.0K)->0.0B(25600.0K) Survivors: 0.0B->0.0B Heap: 428.9M(512.0M)->426.0M(512.0M)]
 [Times: user=0.01 sys=0.00, real=0.00 secs] 
2021-08-14T14:47:45.490-0800: [GC pause (G1 Humongous Allocation) (mixed) (to-space exhausted), 0.0019148 secs]
   [Parallel Time: 1.1 ms, GC Workers: 13]
      [GC Worker Start (ms): Min: 916.0, Avg: 916.2, Max: 916.3, Diff: 0.2]
      [Ext Root Scanning (ms): Min: 0.0, Avg: 0.1, Max: 0.2, Diff: 0.2, Sum: 0.8]
      [Update RS (ms): Min: 0.1, Avg: 0.1, Max: 0.2, Diff: 0.1, Sum: 1.9]
         [Processed Buffers: Min: 1, Avg: 3.1, Max: 7, Diff: 6, Sum: 40]
      [Scan RS (ms): Min: 0.0, Avg: 0.0, Max: 0.1, Diff: 0.1, Sum: 0.3]
      [Code Root Scanning (ms): Min: 0.0, Avg: 0.0, Max: 0.0, Diff: 0.0, Sum: 0.0]
      [Object Copy (ms): Min: 0.5, Avg: 0.5, Max: 0.6, Diff: 0.2, Sum: 7.1]
      [Termination (ms): Min: 0.0, Avg: 0.1, Max: 0.1, Diff: 0.1, Sum: 0.9]
         [Termination Attempts: Min: 1, Avg: 1.2, Max: 3, Diff: 2, Sum: 16]
      [GC Worker Other (ms): Min: 0.0, Avg: 0.0, Max: 0.0, Diff: 0.0, Sum: 0.1]
      [GC Worker Total (ms): Min: 0.8, Avg: 0.9, Max: 1.0, Diff: 0.2, Sum: 11.2]
      [GC Worker End (ms): Min: 917.0, Avg: 917.0, Max: 917.1, Diff: 0.0]
   [Code Root Fixup: 0.0 ms]
   [Code Root Purge: 0.0 ms]
   [Clear CT: 0.2 ms]
   [Other: 0.7 ms]
      [Evacuation Failure: 0.1 ms]
      [Choose CSet: 0.0 ms]
      [Ref Proc: 0.3 ms]
      [Ref Enq: 0.0 ms]
      [Redirty Cards: 0.1 ms]
      [Humongous Register: 0.0 ms]
      [Humongous Reclaim: 0.0 ms]
      [Free CSet: 0.0 ms]
   [Eden: 1024.0K(25600.0K)->0.0B(25600.0K) Survivors: 0.0B->0.0B Heap: 428.4M(512.0M)->426.8M(512.0M)]
 [Times: user=0.00 sys=0.00, real=0.00 secs] 
2021-08-14T14:47:45.492-0800: [GC pause (G1 Humongous Allocation) (young) (initial-mark), 0.0009043 secs]
   [Parallel Time: 0.3 ms, GC Workers: 13]
      [GC Worker Start (ms): Min: 918.3, Avg: 918.3, Max: 918.4, Diff: 0.1]
      [Ext Root Scanning (ms): Min: 0.0, Avg: 0.1, Max: 0.1, Diff: 0.1, Sum: 1.3]
      [Update RS (ms): Min: 0.0, Avg: 0.1, Max: 0.1, Diff: 0.1, Sum: 0.9]
         [Processed Buffers: Min: 1, Avg: 2.6, Max: 5, Diff: 4, Sum: 34]
      [Scan RS (ms): Min: 0.0, Avg: 0.0, Max: 0.0, Diff: 0.0, Sum: 0.0]
      [Code Root Scanning (ms): Min: 0.0, Avg: 0.0, Max: 0.0, Diff: 0.0, Sum: 0.0]
      [Object Copy (ms): Min: 0.0, Avg: 0.0, Max: 0.0, Diff: 0.0, Sum: 0.1]
      [Termination (ms): Min: 0.0, Avg: 0.1, Max: 0.1, Diff: 0.1, Sum: 0.8]
         [Termination Attempts: Min: 1, Avg: 1.0, Max: 1, Diff: 0, Sum: 13]
      [GC Worker Other (ms): Min: 0.0, Avg: 0.0, Max: 0.0, Diff: 0.0, Sum: 0.1]
      [GC Worker Total (ms): Min: 0.2, Avg: 0.2, Max: 0.3, Diff: 0.1, Sum: 3.1]
      [GC Worker End (ms): Min: 918.5, Avg: 918.6, Max: 918.6, Diff: 0.1]
   [Code Root Fixup: 0.0 ms]
   [Code Root Purge: 0.0 ms]
   [Clear CT: 0.1 ms]
   [Other: 0.4 ms]
      [Choose CSet: 0.0 ms]
      [Ref Proc: 0.2 ms]
      [Ref Enq: 0.0 ms]
      [Redirty Cards: 0.1 ms]
      [Humongous Register: 0.1 ms]
      [Humongous Reclaim: 0.0 ms]
      [Free CSet: 0.0 ms]
   [Eden: 1024.0K(25600.0K)->0.0B(24576.0K) Survivors: 0.0B->1024.0K Heap: 428.0M(512.0M)->427.0M(512.0M)]
 [Times: user=0.01 sys=0.00, real=0.00 secs] 
2021-08-14T14:47:45.493-0800: [GC concurrent-root-region-scan-start]
2021-08-14T14:47:45.493-0800: [GC concurrent-root-region-scan-end, 0.0000748 secs]
2021-08-14T14:47:45.493-0800: [GC concurrent-mark-start]
2021-08-14T14:47:45.493-0800: [GC pause (G1 Humongous Allocation) (young) (to-space exhausted), 0.0011097 secs]
   [Parallel Time: 0.5 ms, GC Workers: 13]
      [GC Worker Start (ms): Min: 919.5, Avg: 919.5, Max: 919.6, Diff: 0.1]
      [Ext Root Scanning (ms): Min: 0.0, Avg: 0.1, Max: 0.1, Diff: 0.1, Sum: 1.2]
      [Update RS (ms): Min: 0.0, Avg: 0.1, Max: 0.2, Diff: 0.1, Sum: 1.2]
         [Processed Buffers: Min: 1, Avg: 1.1, Max: 2, Diff: 1, Sum: 14]
      [Scan RS (ms): Min: 0.0, Avg: 0.0, Max: 0.0, Diff: 0.0, Sum: 0.0]
      [Code Root Scanning (ms): Min: 0.0, Avg: 0.0, Max: 0.0, Diff: 0.0, Sum: 0.0]
      [Object Copy (ms): Min: 0.0, Avg: 0.0, Max: 0.0, Diff: 0.0, Sum: 0.0]
      [Termination (ms): Min: 0.0, Avg: 0.1, Max: 0.2, Diff: 0.2, Sum: 1.4]
         [Termination Attempts: Min: 1, Avg: 1.0, Max: 1, Diff: 0, Sum: 13]
      [GC Worker Other (ms): Min: 0.0, Avg: 0.0, Max: 0.0, Diff: 0.0, Sum: 0.1]
      [GC Worker Total (ms): Min: 0.2, Avg: 0.3, Max: 0.4, Diff: 0.2, Sum: 3.9]
      [GC Worker End (ms): Min: 919.8, Avg: 919.8, Max: 919.9, Diff: 0.1]
   [Code Root Fixup: 0.0 ms]
   [Code Root Purge: 0.0 ms]
   [Clear CT: 0.1 ms]
   [Other: 0.5 ms]
      [Evacuation Failure: 0.1 ms]
      [Choose CSet: 0.0 ms]
      [Ref Proc: 0.2 ms]
      [Ref Enq: 0.0 ms]
      [Redirty Cards: 0.1 ms]
      [Humongous Register: 0.0 ms]
      [Humongous Reclaim: 0.0 ms]
      [Free CSet: 0.0 ms]
   [Eden: 0.0B(24576.0K)->0.0B(25600.0K) Survivors: 1024.0K->0.0B Heap: 428.4M(512.0M)->427.0M(512.0M)]
 [Times: user=0.00 sys=0.00, real=0.00 secs] 
2021-08-14T14:47:45.494-0800: [GC pause (G1 Humongous Allocation) (young) (to-space exhausted), 0.0010354 secs]
   [Parallel Time: 0.4 ms, GC Workers: 13]
      [GC Worker Start (ms): Min: 920.9, Avg: 920.9, Max: 921.0, Diff: 0.1]
      [Ext Root Scanning (ms): Min: 0.0, Avg: 0.1, Max: 0.1, Diff: 0.1, Sum: 1.0]
      [Update RS (ms): Min: 0.0, Avg: 0.1, Max: 0.2, Diff: 0.2, Sum: 0.7]
         [Processed Buffers: Min: 0, Avg: 0.8, Max: 1, Diff: 1, Sum: 10]
      [Scan RS (ms): Min: 0.0, Avg: 0.0, Max: 0.0, Diff: 0.0, Sum: 0.0]
      [Code Root Scanning (ms): Min: 0.0, Avg: 0.0, Max: 0.0, Diff: 0.0, Sum: 0.0]
      [Object Copy (ms): Min: 0.0, Avg: 0.0, Max: 0.0, Diff: 0.0, Sum: 0.0]
      [Termination (ms): Min: 0.0, Avg: 0.2, Max: 0.2, Diff: 0.2, Sum: 2.1]
         [Termination Attempts: Min: 1, Avg: 1.2, Max: 2, Diff: 1, Sum: 15]
      [GC Worker Other (ms): Min: 0.0, Avg: 0.0, Max: 0.0, Diff: 0.0, Sum: 0.1]
      [GC Worker Total (ms): Min: 0.2, Avg: 0.3, Max: 0.4, Diff: 0.2, Sum: 3.9]
      [GC Worker End (ms): Min: 921.2, Avg: 921.2, Max: 921.3, Diff: 0.1]
   [Code Root Fixup: 0.0 ms]
   [Code Root Purge: 0.0 ms]
   [Clear CT: 0.1 ms]
   [Other: 0.5 ms]
      [Evacuation Failure: 0.1 ms]
      [Choose CSet: 0.0 ms]
      [Ref Proc: 0.2 ms]
      [Ref Enq: 0.0 ms]
      [Redirty Cards: 0.1 ms]
      [Humongous Register: 0.0 ms]
      [Humongous Reclaim: 0.0 ms]
      [Free CSet: 0.0 ms]
   [Eden: 1024.0K(25600.0K)->0.0B(25600.0K) Survivors: 0.0B->0.0B Heap: 428.1M(512.0M)->427.5M(512.0M)]
 [Times: user=0.01 sys=0.00, real=0.00 secs] 
2021-08-14T14:47:45.496-0800: [GC pause (G1 Evacuation Pause) (young), 0.0008953 secs]
   [Parallel Time: 0.4 ms, GC Workers: 13]
      [GC Worker Start (ms): Min: 922.2, Avg: 922.2, Max: 922.3, Diff: 0.1]
      [Ext Root Scanning (ms): Min: 0.0, Avg: 0.1, Max: 0.1, Diff: 0.1, Sum: 1.2]
      [Update RS (ms): Min: 0.0, Avg: 0.0, Max: 0.1, Diff: 0.1, Sum: 0.6]
         [Processed Buffers: Min: 0, Avg: 0.7, Max: 1, Diff: 1, Sum: 9]
      [Scan RS (ms): Min: 0.0, Avg: 0.0, Max: 0.0, Diff: 0.0, Sum: 0.0]
      [Code Root Scanning (ms): Min: 0.0, Avg: 0.0, Max: 0.0, Diff: 0.0, Sum: 0.0]
      [Object Copy (ms): Min: 0.0, Avg: 0.0, Max: 0.0, Diff: 0.0, Sum: 0.0]
      [Termination (ms): Min: 0.0, Avg: 0.1, Max: 0.2, Diff: 0.2, Sum: 1.7]
         [Termination Attempts: Min: 1, Avg: 1.0, Max: 1, Diff: 0, Sum: 13]
      [GC Worker Other (ms): Min: 0.0, Avg: 0.0, Max: 0.0, Diff: 0.0, Sum: 0.1]
      [GC Worker Total (ms): Min: 0.2, Avg: 0.3, Max: 0.3, Diff: 0.1, Sum: 3.5]
      [GC Worker End (ms): Min: 922.5, Avg: 922.5, Max: 922.5, Diff: 0.1]
   [Code Root Fixup: 0.0 ms]
   [Code Root Purge: 0.0 ms]
   [Clear CT: 0.1 ms]
   [Other: 0.4 ms]
      [Choose CSet: 0.0 ms]
      [Ref Proc: 0.2 ms]
      [Ref Enq: 0.0 ms]
      [Redirty Cards: 0.1 ms]
      [Humongous Register: 0.0 ms]
      [Humongous Reclaim: 0.0 ms]
      [Free CSet: 0.0 ms]
   [Eden: 0.0B(25600.0K)->0.0B(25600.0K) Survivors: 0.0B->0.0B Heap: 428.1M(512.0M)->428.1M(512.0M)]
 [Times: user=0.00 sys=0.01, real=0.00 secs] 
2021-08-14T14:47:45.497-0800: [GC pause (G1 Evacuation Pause) (young), 0.0008426 secs]
   [Parallel Time: 0.4 ms, GC Workers: 13]
      [GC Worker Start (ms): Min: 923.3, Avg: 923.3, Max: 923.4, Diff: 0.1]
      [Ext Root Scanning (ms): Min: 0.0, Avg: 0.1, Max: 0.1, Diff: 0.1, Sum: 1.0]
      [Update RS (ms): Min: 0.0, Avg: 0.0, Max: 0.2, Diff: 0.2, Sum: 0.2]
         [Processed Buffers: Min: 0, Avg: 0.2, Max: 1, Diff: 1, Sum: 2]
      [Scan RS (ms): Min: 0.0, Avg: 0.0, Max: 0.0, Diff: 0.0, Sum: 0.0]
      [Code Root Scanning (ms): Min: 0.0, Avg: 0.0, Max: 0.0, Diff: 0.0, Sum: 0.0]
      [Object Copy (ms): Min: 0.0, Avg: 0.0, Max: 0.0, Diff: 0.0, Sum: 0.0]
      [Termination (ms): Min: 0.0, Avg: 0.2, Max: 0.2, Diff: 0.2, Sum: 2.2]
         [Termination Attempts: Min: 1, Avg: 1.0, Max: 1, Diff: 0, Sum: 13]
      [GC Worker Other (ms): Min: 0.0, Avg: 0.0, Max: 0.0, Diff: 0.0, Sum: 0.1]
      [GC Worker Total (ms): Min: 0.2, Avg: 0.3, Max: 0.3, Diff: 0.1, Sum: 3.5]
      [GC Worker End (ms): Min: 923.5, Avg: 923.6, Max: 923.6, Diff: 0.0]
   [Code Root Fixup: 0.0 ms]
   [Code Root Purge: 0.0 ms]
   [Clear CT: 0.1 ms]
   [Other: 0.3 ms]
      [Choose CSet: 0.0 ms]
      [Ref Proc: 0.1 ms]
      [Ref Enq: 0.0 ms]
      [Redirty Cards: 0.1 ms]
      [Humongous Register: 0.0 ms]
      [Humongous Reclaim: 0.0 ms]
      [Free CSet: 0.0 ms]
   [Eden: 0.0B(25600.0K)->0.0B(25600.0K) Survivors: 0.0B->0.0B Heap: 428.1M(512.0M)->428.1M(512.0M)]
 [Times: user=0.01 sys=0.00, real=0.00 secs] 
2021-08-14T14:47:45.498-0800: [Full GC (Allocation Failure)  428M->346M(512M), 0.0335899 secs]
   [Eden: 0.0B(25600.0K)->0.0B(25600.0K) Survivors: 0.0B->0.0B Heap: 428.1M(512.0M)->346.2M(512.0M)], [Metaspace: 2525K->2525K(1056768K)]
 [Times: user=0.03 sys=0.00, real=0.04 secs] 
2021-08-14T14:47:45.532-0800: [GC concurrent-mark-abort]
2021-08-14T14:47:45.532-0800: [GC pause (G1 Humongous Allocation) (young) (initial-mark), 0.0016083 secs]
   [Parallel Time: 0.6 ms, GC Workers: 13]
      [GC Worker Start (ms): Min: 958.6, Avg: 958.7, Max: 958.8, Diff: 0.2]
      [Ext Root Scanning (ms): Min: 0.0, Avg: 0.1, Max: 0.2, Diff: 0.2, Sum: 1.3]
      [Update RS (ms): Min: 0.0, Avg: 0.0, Max: 0.2, Diff: 0.2, Sum: 0.3]
         [Processed Buffers: Min: 0, Avg: 0.2, Max: 1, Diff: 1, Sum: 2]
      [Scan RS (ms): Min: 0.0, Avg: 0.0, Max: 0.0, Diff: 0.0, Sum: 0.0]
      [Code Root Scanning (ms): Min: 0.0, Avg: 0.0, Max: 0.0, Diff: 0.0, Sum: 0.0]
      [Object Copy (ms): Min: 0.0, Avg: 0.0, Max: 0.1, Diff: 0.1, Sum: 0.3]
      [Termination (ms): Min: 0.0, Avg: 0.2, Max: 0.3, Diff: 0.3, Sum: 2.9]
         [Termination Attempts: Min: 1, Avg: 1.9, Max: 4, Diff: 3, Sum: 25]
      [GC Worker Other (ms): Min: 0.0, Avg: 0.0, Max: 0.0, Diff: 0.0, Sum: 0.1]
      [GC Worker Total (ms): Min: 0.2, Avg: 0.4, Max: 0.5, Diff: 0.3, Sum: 5.0]
      [GC Worker End (ms): Min: 959.0, Avg: 959.1, Max: 959.1, Diff: 0.1]
   [Code Root Fixup: 0.0 ms]
   [Code Root Purge: 0.0 ms]
   [Clear CT: 0.2 ms]
   [Other: 0.7 ms]
      [Choose CSet: 0.0 ms]
      [Ref Proc: 0.3 ms]
      [Ref Enq: 0.0 ms]
      [Redirty Cards: 0.2 ms]
      [Humongous Register: 0.1 ms]
      [Humongous Reclaim: 0.0 ms]
      [Free CSet: 0.0 ms]
   [Eden: 3072.0K(25600.0K)->0.0B(24576.0K) Survivors: 0.0B->1024.0K Heap: 349.2M(512.0M)->345.9M(512.0M)]
 [Times: user=0.01 sys=0.00, real=0.00 secs] 
2021-08-14T14:47:45.534-0800: [GC concurrent-root-region-scan-start]
2021-08-14T14:47:45.534-0800: [GC concurrent-root-region-scan-end, 0.0001011 secs]
2021-08-14T14:47:45.534-0800: [GC concurrent-mark-start]
2021-08-14T14:47:45.535-0800: [GC concurrent-mark-end, 0.0007764 secs]
2021-08-14T14:47:45.535-0800: [GC remark 2021-08-14T14:47:45.535-0800: [Finalize Marking, 0.0003358 secs] 2021-08-14T14:47:45.535-0800: [GC ref-proc, 0.0000725 secs] 2021-08-14T14:47:45.535-0800: [Unloading, 0.0004965 secs], 0.0015301 secs]
 [Times: user=0.01 sys=0.00, real=0.00 secs] 
2021-08-14T14:47:45.537-0800: [GC cleanup 351M->351M(512M), 0.0008620 secs]
 [Times: user=0.00 sys=0.00, real=0.00 secs] 
2021-08-14T14:47:45.542-0800: [GC pause (G1 Evacuation Pause) (young), 0.0023706 secs]
   [Parallel Time: 1.4 ms, GC Workers: 13]
      [GC Worker Start (ms): Min: 968.9, Avg: 969.1, Max: 969.2, Diff: 0.3]
      [Ext Root Scanning (ms): Min: 0.0, Avg: 0.1, Max: 0.2, Diff: 0.2, Sum: 0.7]
      [Update RS (ms): Min: 0.3, Avg: 0.3, Max: 0.4, Diff: 0.1, Sum: 4.5]
         [Processed Buffers: Min: 3, Avg: 3.3, Max: 4, Diff: 1, Sum: 43]
      [Scan RS (ms): Min: 0.0, Avg: 0.0, Max: 0.0, Diff: 0.0, Sum: 0.0]
      [Code Root Scanning (ms): Min: 0.0, Avg: 0.0, Max: 0.0, Diff: 0.0, Sum: 0.0]
      [Object Copy (ms): Min: 0.4, Avg: 0.5, Max: 0.6, Diff: 0.2, Sum: 6.5]
      [Termination (ms): Min: 0.0, Avg: 0.1, Max: 0.2, Diff: 0.2, Sum: 1.6]
         [Termination Attempts: Min: 1, Avg: 1.0, Max: 1, Diff: 0, Sum: 13]
      [GC Worker Other (ms): Min: 0.0, Avg: 0.0, Max: 0.0, Diff: 0.0, Sum: 0.1]
      [GC Worker Total (ms): Min: 0.9, Avg: 1.0, Max: 1.2, Diff: 0.3, Sum: 13.5]
      [GC Worker End (ms): Min: 970.1, Avg: 970.1, Max: 970.2, Diff: 0.1]
   [Code Root Fixup: 0.0 ms]
   [Code Root Purge: 0.0 ms]
   [Clear CT: 0.3 ms]
   [Other: 0.7 ms]
      [Choose CSet: 0.0 ms]
      [Ref Proc: 0.3 ms]
      [Ref Enq: 0.0 ms]
      [Redirty Cards: 0.2 ms]
      [Humongous Register: 0.1 ms]
      [Humongous Reclaim: 0.0 ms]
      [Free CSet: 0.0 ms]
   [Eden: 24576.0K(24576.0K)->0.0B(21504.0K) Survivors: 1024.0K->4096.0K Heap: 374.6M(512.0M)->350.5M(512.0M)]
 [Times: user=0.02 sys=0.00, real=0.00 secs] 
2021-08-14T14:47:45.546-0800: [GC pause (G1 Humongous Allocation) (young) (initial-mark), 0.0021452 secs]
   [Parallel Time: 1.2 ms, GC Workers: 13]
      [GC Worker Start (ms): Min: 972.2, Avg: 972.3, Max: 972.4, Diff: 0.3]
      [Ext Root Scanning (ms): Min: 0.0, Avg: 0.2, Max: 0.4, Diff: 0.4, Sum: 2.8]
      [Update RS (ms): Min: 0.0, Avg: 0.0, Max: 0.1, Diff: 0.1, Sum: 0.3]
         [Processed Buffers: Min: 0, Avg: 0.9, Max: 4, Diff: 4, Sum: 12]
      [Scan RS (ms): Min: 0.0, Avg: 0.0, Max: 0.0, Diff: 0.0, Sum: 0.0]
      [Code Root Scanning (ms): Min: 0.0, Avg: 0.0, Max: 0.0, Diff: 0.0, Sum: 0.0]
      [Object Copy (ms): Min: 0.4, Avg: 0.6, Max: 0.7, Diff: 0.3, Sum: 7.2]
      [Termination (ms): Min: 0.0, Avg: 0.1, Max: 0.2, Diff: 0.2, Sum: 1.7]
         [Termination Attempts: Min: 1, Avg: 1.0, Max: 1, Diff: 0, Sum: 13]
      [GC Worker Other (ms): Min: 0.0, Avg: 0.0, Max: 0.0, Diff: 0.0, Sum: 0.1]
      [GC Worker Total (ms): Min: 0.8, Avg: 0.9, Max: 1.1, Diff: 0.3, Sum: 12.2]
      [GC Worker End (ms): Min: 973.2, Avg: 973.3, Max: 973.3, Diff: 0.1]
   [Code Root Fixup: 0.0 ms]
   [Code Root Purge: 0.0 ms]
   [Clear CT: 0.3 ms]
   [Other: 0.6 ms]
      [Choose CSet: 0.0 ms]
      [Ref Proc: 0.3 ms]
      [Ref Enq: 0.0 ms]
      [Redirty Cards: 0.2 ms]
      [Humongous Register: 0.1 ms]
      [Humongous Reclaim: 0.0 ms]
      [Free CSet: 0.0 ms]
   [Eden: 4096.0K(21504.0K)->0.0B(23552.0K) Survivors: 4096.0K->2048.0K Heap: 354.0M(512.0M)->351.0M(512.0M)]
 [Times: user=0.01 sys=0.00, real=0.00 secs] 
2021-08-14T14:47:45.548-0800: [GC concurrent-root-region-scan-start]
2021-08-14T14:47:45.548-0800: [GC concurrent-root-region-scan-end, 0.0000970 secs]
2021-08-14T14:47:45.548-0800: [GC concurrent-mark-start]
2021-08-14T14:47:45.549-0800: [GC concurrent-mark-end, 0.0008815 secs]
2021-08-14T14:47:45.549-0800: [GC remark 2021-08-14T14:47:45.549-0800: [Finalize Marking, 0.0003292 secs] 2021-08-14T14:47:45.550-0800: [GC ref-proc, 0.0000696 secs] 2021-08-14T14:47:45.550-0800: [Unloading, 0.0005076 secs], 0.0015297 secs]
 [Times: user=0.01 sys=0.01, real=0.01 secs] 
2021-08-14T14:47:45.551-0800: [GC cleanup 359M->359M(512M), 0.0008106 secs]
 [Times: user=0.00 sys=0.00, real=0.00 secs] 
2021-08-14T14:47:45.555-0800: [GC pause (G1 Evacuation Pause) (young), 0.0024690 secs]
   [Parallel Time: 1.4 ms, GC Workers: 13]
      [GC Worker Start (ms): Min: 981.2, Avg: 981.3, Max: 981.4, Diff: 0.2]
      [Ext Root Scanning (ms): Min: 0.0, Avg: 0.1, Max: 0.2, Diff: 0.2, Sum: 1.1]
      [Update RS (ms): Min: 0.3, Avg: 0.4, Max: 0.4, Diff: 0.1, Sum: 4.7]
         [Processed Buffers: Min: 3, Avg: 3.8, Max: 5, Diff: 2, Sum: 50]
      [Scan RS (ms): Min: 0.0, Avg: 0.0, Max: 0.0, Diff: 0.0, Sum: 0.0]
      [Code Root Scanning (ms): Min: 0.0, Avg: 0.0, Max: 0.0, Diff: 0.0, Sum: 0.0]
      [Object Copy (ms): Min: 0.6, Avg: 0.7, Max: 0.8, Diff: 0.1, Sum: 9.3]
      [Termination (ms): Min: 0.0, Avg: 0.1, Max: 0.2, Diff: 0.2, Sum: 1.0]
         [Termination Attempts: Min: 1, Avg: 1.0, Max: 1, Diff: 0, Sum: 13]
      [GC Worker Other (ms): Min: 0.0, Avg: 0.0, Max: 0.0, Diff: 0.0, Sum: 0.1]
      [GC Worker Total (ms): Min: 1.2, Avg: 1.3, Max: 1.4, Diff: 0.2, Sum: 16.3]
      [GC Worker End (ms): Min: 982.6, Avg: 982.6, Max: 982.6, Diff: 0.1]
   [Code Root Fixup: 0.0 ms]
   [Code Root Purge: 0.0 ms]
   [Clear CT: 0.2 ms]
   [Other: 0.9 ms]
      [Choose CSet: 0.0 ms]
      [Ref Proc: 0.5 ms]
      [Ref Enq: 0.0 ms]
      [Redirty Cards: 0.2 ms]
      [Humongous Register: 0.1 ms]
      [Humongous Reclaim: 0.0 ms]
      [Free CSet: 0.0 ms]
   [Eden: 23552.0K(23552.0K)->0.0B(21504.0K) Survivors: 2048.0K->4096.0K Heap: 379.2M(512.0M)->358.7M(512.0M)]
 [Times: user=0.02 sys=0.00, real=0.00 secs] 
2021-08-14T14:47:45.558-0800: [GC pause (G1 Humongous Allocation) (young) (initial-mark), 0.0017130 secs]
   [Parallel Time: 0.9 ms, GC Workers: 13]
      [GC Worker Start (ms): Min: 984.4, Avg: 984.5, Max: 984.5, Diff: 0.2]
      [Ext Root Scanning (ms): Min: 0.0, Avg: 0.1, Max: 0.2, Diff: 0.2, Sum: 1.3]
      [Update RS (ms): Min: 0.0, Avg: 0.0, Max: 0.1, Diff: 0.1, Sum: 0.5]
         [Processed Buffers: Min: 0, Avg: 0.9, Max: 1, Diff: 1, Sum: 12]
      [Scan RS (ms): Min: 0.0, Avg: 0.0, Max: 0.0, Diff: 0.0, Sum: 0.0]
      [Code Root Scanning (ms): Min: 0.0, Avg: 0.0, Max: 0.0, Diff: 0.0, Sum: 0.0]
      [Object Copy (ms): Min: 0.2, Avg: 0.3, Max: 0.4, Diff: 0.2, Sum: 4.1]
      [Termination (ms): Min: 0.0, Avg: 0.2, Max: 0.3, Diff: 0.3, Sum: 2.1]
         [Termination Attempts: Min: 1, Avg: 1.0, Max: 1, Diff: 0, Sum: 13]
      [GC Worker Other (ms): Min: 0.0, Avg: 0.0, Max: 0.0, Diff: 0.0, Sum: 0.1]
      [GC Worker Total (ms): Min: 0.5, Avg: 0.6, Max: 0.8, Diff: 0.2, Sum: 8.2]
      [GC Worker End (ms): Min: 985.0, Avg: 985.1, Max: 985.1, Diff: 0.1]
   [Code Root Fixup: 0.0 ms]
   [Code Root Purge: 0.0 ms]
   [Clear CT: 0.2 ms]
   [Other: 0.7 ms]
      [Choose CSet: 0.0 ms]
      [Ref Proc: 0.3 ms]
      [Ref Enq: 0.0 ms]
      [Redirty Cards: 0.1 ms]
      [Humongous Register: 0.1 ms]
      [Humongous Reclaim: 0.0 ms]
      [Free CSet: 0.0 ms]
   [Eden: 3072.0K(21504.0K)->0.0B(24576.0K) Survivors: 4096.0K->1024.0K Heap: 361.0M(512.0M)->359.1M(512.0M)]
 [Times: user=0.00 sys=0.00, real=0.01 secs] 
2021-08-14T14:47:45.560-0800: [GC concurrent-root-region-scan-start]
2021-08-14T14:47:45.560-0800: [GC concurrent-root-region-scan-end, 0.0000825 secs]
2021-08-14T14:47:45.560-0800: [GC concurrent-mark-start]
2021-08-14T14:47:45.561-0800: [GC concurrent-mark-end, 0.0009311 secs]
2021-08-14T14:47:45.561-0800: [GC remark 2021-08-14T14:47:45.561-0800: [Finalize Marking, 0.0003259 secs] 2021-08-14T14:47:45.561-0800: [GC ref-proc, 0.0000655 secs] 2021-08-14T14:47:45.561-0800: [Unloading, 0.0005466 secs], 0.0016243 secs]
 [Times: user=0.01 sys=0.00, real=0.00 secs] 
2021-08-14T14:47:45.563-0800: [GC cleanup 366M->366M(512M), 0.0009161 secs]
 [Times: user=0.00 sys=0.00, real=0.00 secs] 
2021-08-14T14:47:45.568-0800: [GC pause (G1 Evacuation Pause) (young), 0.0022975 secs]
   [Parallel Time: 1.4 ms, GC Workers: 13]
      [GC Worker Start (ms): Min: 994.1, Avg: 994.2, Max: 994.3, Diff: 0.2]
      [Ext Root Scanning (ms): Min: 0.0, Avg: 0.1, Max: 0.2, Diff: 0.2, Sum: 1.4]
      [Update RS (ms): Min: 0.5, Avg: 0.5, Max: 0.7, Diff: 0.2, Sum: 6.9]
         [Processed Buffers: Min: 4, Avg: 5.2, Max: 6, Diff: 2, Sum: 68]
      [Scan RS (ms): Min: 0.0, Avg: 0.0, Max: 0.0, Diff: 0.0, Sum: 0.0]
      [Code Root Scanning (ms): Min: 0.0, Avg: 0.0, Max: 0.0, Diff: 0.0, Sum: 0.0]
      [Object Copy (ms): Min: 0.3, Avg: 0.4, Max: 0.5, Diff: 0.2, Sum: 5.3]
      [Termination (ms): Min: 0.0, Avg: 0.1, Max: 0.2, Diff: 0.2, Sum: 1.4]
         [Termination Attempts: Min: 1, Avg: 1.0, Max: 1, Diff: 0, Sum: 13]
      [GC Worker Other (ms): Min: 0.0, Avg: 0.0, Max: 0.0, Diff: 0.0, Sum: 0.1]
      [GC Worker Total (ms): Min: 1.1, Avg: 1.2, Max: 1.3, Diff: 0.2, Sum: 15.2]
      [GC Worker End (ms): Min: 995.3, Avg: 995.4, Max: 995.4, Diff: 0.1]
   [Code Root Fixup: 0.0 ms]
   [Code Root Purge: 0.0 ms]
   [Clear CT: 0.2 ms]
   [Other: 0.7 ms]
      [Choose CSet: 0.0 ms]
      [Ref Proc: 0.3 ms]
      [Ref Enq: 0.0 ms]
      [Redirty Cards: 0.2 ms]
      [Humongous Register: 0.1 ms]
      [Humongous Reclaim: 0.0 ms]
      [Free CSet: 0.0 ms]
   [Eden: 24576.0K(24576.0K)->0.0B(21504.0K) Survivors: 1024.0K->4096.0K Heap: 390.2M(512.0M)->366.0M(512.0M)]
 [Times: user=0.01 sys=0.00, real=0.01 secs] 
2021-08-14T14:47:45.574-0800: [GC pause (G1 Evacuation Pause) (mixed), 0.0033785 secs]
   [Parallel Time: 2.4 ms, GC Workers: 13]
      [GC Worker Start (ms): Min: 1000.4, Avg: 1000.5, Max: 1000.6, Diff: 0.3]
      [Ext Root Scanning (ms): Min: 0.0, Avg: 0.1, Max: 0.2, Diff: 0.2, Sum: 0.7]
      [Update RS (ms): Min: 0.3, Avg: 0.4, Max: 0.5, Diff: 0.2, Sum: 5.8]
         [Processed Buffers: Min: 3, Avg: 5.2, Max: 6, Diff: 3, Sum: 67]
      [Scan RS (ms): Min: 0.0, Avg: 0.0, Max: 0.0, Diff: 0.0, Sum: 0.1]
      [Code Root Scanning (ms): Min: 0.0, Avg: 0.0, Max: 0.0, Diff: 0.0, Sum: 0.0]
      [Object Copy (ms): Min: 1.5, Avg: 1.6, Max: 1.6, Diff: 0.1, Sum: 20.4]
      [Termination (ms): Min: 0.0, Avg: 0.1, Max: 0.1, Diff: 0.1, Sum: 1.0]
         [Termination Attempts: Min: 1, Avg: 1.0, Max: 1, Diff: 0, Sum: 13]
      [GC Worker Other (ms): Min: 0.0, Avg: 0.0, Max: 0.0, Diff: 0.0, Sum: 0.1]
      [GC Worker Total (ms): Min: 2.0, Avg: 2.2, Max: 2.3, Diff: 0.3, Sum: 28.0]
      [GC Worker End (ms): Min: 1002.7, Avg: 1002.7, Max: 1002.7, Diff: 0.0]
   [Code Root Fixup: 0.0 ms]
   [Code Root Purge: 0.0 ms]
   [Clear CT: 0.1 ms]
   [Other: 0.8 ms]
      [Choose CSet: 0.0 ms]
      [Ref Proc: 0.5 ms]
      [Ref Enq: 0.0 ms]
      [Redirty Cards: 0.1 ms]
      [Humongous Register: 0.1 ms]
      [Humongous Reclaim: 0.0 ms]
      [Free CSet: 0.0 ms]
   [Eden: 21504.0K(21504.0K)->0.0B(21504.0K) Survivors: 4096.0K->4096.0K Heap: 394.0M(512.0M)->369.6M(512.0M)]
 [Times: user=0.03 sys=0.00, real=0.00 secs] 
2021-08-14T14:47:45.578-0800: [GC pause (G1 Humongous Allocation) (young) (initial-mark), 0.0017288 secs]
   [Parallel Time: 0.9 ms, GC Workers: 13]
      [GC Worker Start (ms): Min: 1004.2, Avg: 1004.4, Max: 1004.5, Diff: 0.2]
      [Ext Root Scanning (ms): Min: 0.0, Avg: 0.2, Max: 0.4, Diff: 0.4, Sum: 2.7]
      [Update RS (ms): Min: 0.0, Avg: 0.0, Max: 0.1, Diff: 0.1, Sum: 0.4]
         [Processed Buffers: Min: 0, Avg: 1.1, Max: 5, Diff: 5, Sum: 14]
      [Scan RS (ms): Min: 0.0, Avg: 0.0, Max: 0.0, Diff: 0.0, Sum: 0.0]
      [Code Root Scanning (ms): Min: 0.0, Avg: 0.0, Max: 0.0, Diff: 0.0, Sum: 0.0]
      [Object Copy (ms): Min: 0.2, Avg: 0.3, Max: 0.4, Diff: 0.2, Sum: 3.6]
      [Termination (ms): Min: 0.0, Avg: 0.1, Max: 0.2, Diff: 0.2, Sum: 1.0]
         [Termination Attempts: Min: 1, Avg: 1.0, Max: 1, Diff: 0, Sum: 13]
      [GC Worker Other (ms): Min: 0.0, Avg: 0.0, Max: 0.0, Diff: 0.0, Sum: 0.1]
      [GC Worker Total (ms): Min: 0.5, Avg: 0.6, Max: 0.8, Diff: 0.3, Sum: 7.7]
      [GC Worker End (ms): Min: 1004.9, Avg: 1005.0, Max: 1005.0, Diff: 0.1]
   [Code Root Fixup: 0.0 ms]
   [Code Root Purge: 0.0 ms]
   [Clear CT: 0.2 ms]
   [Other: 0.7 ms]
      [Choose CSet: 0.0 ms]
      [Ref Proc: 0.3 ms]
      [Ref Enq: 0.0 ms]
      [Redirty Cards: 0.2 ms]
      [Humongous Register: 0.1 ms]
      [Humongous Reclaim: 0.0 ms]
      [Free CSet: 0.0 ms]
   [Eden: 2048.0K(21504.0K)->0.0B(24576.0K) Survivors: 4096.0K->1024.0K Heap: 371.5M(512.0M)->369.3M(512.0M)]
 [Times: user=0.00 sys=0.01, real=0.01 secs] 
2021-08-14T14:47:45.580-0800: [GC concurrent-root-region-scan-start]
2021-08-14T14:47:45.580-0800: [GC concurrent-root-region-scan-end, 0.0000990 secs]
2021-08-14T14:47:45.580-0800: [GC concurrent-mark-start]
2021-08-14T14:47:45.581-0800: [GC concurrent-mark-end, 0.0008396 secs]
2021-08-14T14:47:45.581-0800: [GC remark 2021-08-14T14:47:45.581-0800: [Finalize Marking, 0.0005039 secs] 2021-08-14T14:47:45.581-0800: [GC ref-proc, 0.0000678 secs] 2021-08-14T14:47:45.581-0800: [Unloading, 0.0004959 secs], 0.0017175 secs]
 [Times: user=0.01 sys=0.00, real=0.00 secs] 
2021-08-14T14:47:45.583-0800: [GC cleanup 377M->377M(512M), 0.0008296 secs]
 [Times: user=0.00 sys=0.00, real=0.00 secs] 
2021-08-14T14:47:45.588-0800: [GC pause (G1 Evacuation Pause) (young), 0.0029109 secs]
   [Parallel Time: 1.9 ms, GC Workers: 13]
      [GC Worker Start (ms): Min: 1014.0, Avg: 1014.2, Max: 1014.3, Diff: 0.3]
      [Ext Root Scanning (ms): Min: 0.0, Avg: 0.0, Max: 0.2, Diff: 0.2, Sum: 0.6]
      [Update RS (ms): Min: 0.8, Avg: 0.8, Max: 0.9, Diff: 0.1, Sum: 10.4]
         [Processed Buffers: Min: 7, Avg: 8.4, Max: 11, Diff: 4, Sum: 109]
      [Scan RS (ms): Min: 0.0, Avg: 0.0, Max: 0.0, Diff: 0.0, Sum: 0.0]
      [Code Root Scanning (ms): Min: 0.0, Avg: 0.0, Max: 0.0, Diff: 0.0, Sum: 0.0]
      [Object Copy (ms): Min: 0.5, Avg: 0.6, Max: 0.7, Diff: 0.2, Sum: 8.2]
      [Termination (ms): Min: 0.0, Avg: 0.1, Max: 0.2, Diff: 0.2, Sum: 1.3]
         [Termination Attempts: Min: 1, Avg: 1.0, Max: 1, Diff: 0, Sum: 13]
      [GC Worker Other (ms): Min: 0.0, Avg: 0.0, Max: 0.0, Diff: 0.0, Sum: 0.1]
      [GC Worker Total (ms): Min: 1.5, Avg: 1.6, Max: 1.8, Diff: 0.3, Sum: 20.7]
      [GC Worker End (ms): Min: 1015.8, Avg: 1015.8, Max: 1015.8, Diff: 0.1]
   [Code Root Fixup: 0.0 ms]
   [Code Root Purge: 0.0 ms]
   [Clear CT: 0.2 ms]
   [Other: 0.8 ms]
      [Choose CSet: 0.0 ms]
      [Ref Proc: 0.5 ms]
      [Ref Enq: 0.0 ms]
      [Redirty Cards: 0.2 ms]
      [Humongous Register: 0.1 ms]
      [Humongous Reclaim: 0.0 ms]
      [Free CSet: 0.0 ms]
   [Eden: 24576.0K(24576.0K)->0.0B(21504.0K) Survivors: 1024.0K->4096.0K Heap: 405.2M(512.0M)->381.3M(512.0M)]
 [Times: user=0.03 sys=0.00, real=0.01 secs] 
2021-08-14T14:47:45.596-0800: [GC pause (G1 Evacuation Pause) (mixed) (to-space exhausted), 0.0028266 secs]
   [Parallel Time: 1.7 ms, GC Workers: 13]
      [GC Worker Start (ms): Min: 1022.3, Avg: 1022.4, Max: 1022.5, Diff: 0.2]
      [Ext Root Scanning (ms): Min: 0.0, Avg: 0.1, Max: 0.2, Diff: 0.2, Sum: 0.9]
      [Update RS (ms): Min: 0.4, Avg: 0.4, Max: 0.4, Diff: 0.1, Sum: 5.4]
         [Processed Buffers: Min: 4, Avg: 4.8, Max: 6, Diff: 2, Sum: 62]
      [Scan RS (ms): Min: 0.0, Avg: 0.0, Max: 0.0, Diff: 0.0, Sum: 0.2]
      [Code Root Scanning (ms): Min: 0.0, Avg: 0.0, Max: 0.0, Diff: 0.0, Sum: 0.0]
      [Object Copy (ms): Min: 0.9, Avg: 0.9, Max: 1.0, Diff: 0.1, Sum: 12.0]
      [Termination (ms): Min: 0.0, Avg: 0.1, Max: 0.1, Diff: 0.1, Sum: 0.8]
         [Termination Attempts: Min: 1, Avg: 1.2, Max: 2, Diff: 1, Sum: 15]
      [GC Worker Other (ms): Min: 0.0, Avg: 0.0, Max: 0.0, Diff: 0.0, Sum: 0.1]
      [GC Worker Total (ms): Min: 1.4, Avg: 1.5, Max: 1.6, Diff: 0.2, Sum: 19.4]
      [GC Worker End (ms): Min: 1023.9, Avg: 1023.9, Max: 1023.9, Diff: 0.0]
   [Code Root Fixup: 0.0 ms]
   [Code Root Purge: 0.0 ms]
   [Clear CT: 0.2 ms]
   [Other: 0.9 ms]
      [Evacuation Failure: 0.2 ms]
      [Choose CSet: 0.0 ms]
      [Ref Proc: 0.4 ms]
      [Ref Enq: 0.0 ms]
      [Redirty Cards: 0.2 ms]
      [Humongous Register: 0.1 ms]
      [Humongous Reclaim: 0.0 ms]
      [Free CSet: 0.0 ms]
   [Eden: 21504.0K(21504.0K)->0.0B(23552.0K) Survivors: 4096.0K->2048.0K Heap: 408.6M(512.0M)->409.3M(512.0M)]
 [Times: user=0.02 sys=0.00, real=0.00 secs] 
2021-08-14T14:47:45.599-0800: [GC pause (G1 Humongous Allocation) (young) (initial-mark), 0.0015011 secs]
   [Parallel Time: 0.5 ms, GC Workers: 13]
      [GC Worker Start (ms): Min: 1025.7, Avg: 1025.9, Max: 1025.9, Diff: 0.2]
      [Ext Root Scanning (ms): Min: 0.0, Avg: 0.1, Max: 0.2, Diff: 0.2, Sum: 1.1]
      [Update RS (ms): Min: 0.0, Avg: 0.1, Max: 0.1, Diff: 0.0, Sum: 0.7]
         [Processed Buffers: Min: 1, Avg: 2.3, Max: 9, Diff: 8, Sum: 30]
      [Scan RS (ms): Min: 0.0, Avg: 0.0, Max: 0.0, Diff: 0.0, Sum: 0.0]
      [Code Root Scanning (ms): Min: 0.0, Avg: 0.0, Max: 0.0, Diff: 0.0, Sum: 0.0]
      [Object Copy (ms): Min: 0.0, Avg: 0.1, Max: 0.1, Diff: 0.1, Sum: 1.2]
      [Termination (ms): Min: 0.0, Avg: 0.1, Max: 0.1, Diff: 0.1, Sum: 0.7]
         [Termination Attempts: Min: 1, Avg: 1.0, Max: 1, Diff: 0, Sum: 13]
      [GC Worker Other (ms): Min: 0.0, Avg: 0.0, Max: 0.0, Diff: 0.0, Sum: 0.1]
      [GC Worker Total (ms): Min: 0.2, Avg: 0.3, Max: 0.4, Diff: 0.2, Sum: 3.7]
      [GC Worker End (ms): Min: 1026.1, Avg: 1026.1, Max: 1026.2, Diff: 0.1]
   [Code Root Fixup: 0.0 ms]
   [Code Root Purge: 0.0 ms]
   [Clear CT: 0.2 ms]
   [Other: 0.9 ms]
      [Choose CSet: 0.0 ms]
      [Ref Proc: 0.5 ms]
      [Ref Enq: 0.0 ms]
      [Redirty Cards: 0.2 ms]
      [Humongous Register: 0.1 ms]
      [Humongous Reclaim: 0.0 ms]
      [Free CSet: 0.0 ms]
   [Eden: 2048.0K(23552.0K)->0.0B(23552.0K) Survivors: 2048.0K->2048.0K Heap: 411.1M(512.0M)->409.3M(512.0M)]
 [Times: user=0.01 sys=0.00, real=0.01 secs] 
2021-08-14T14:47:45.601-0800: [GC concurrent-root-region-scan-start]
2021-08-14T14:47:45.601-0800: [GC concurrent-root-region-scan-end, 0.0000961 secs]
2021-08-14T14:47:45.601-0800: [GC concurrent-mark-start]
2021-08-14T14:47:45.602-0800: [GC concurrent-mark-end, 0.0007459 secs]
2021-08-14T14:47:45.602-0800: [GC remark 2021-08-14T14:47:45.602-0800: [Finalize Marking, 0.0003601 secs] 2021-08-14T14:47:45.602-0800: [GC ref-proc, 0.0000675 secs] 2021-08-14T14:47:45.602-0800: [Unloading, 0.0004858 secs], 0.0015023 secs]
 [Times: user=0.01 sys=0.00, real=0.00 secs] 
2021-08-14T14:47:45.604-0800: [GC cleanup 416M->416M(512M), 0.0008166 secs]
 [Times: user=0.00 sys=0.00, real=0.00 secs] 
2021-08-14T14:47:45.605-0800: [GC pause (G1 Evacuation Pause) (young) (to-space exhausted), 0.0011732 secs]
   [Parallel Time: 0.5 ms, GC Workers: 13]
      [GC Worker Start (ms): Min: 1031.6, Avg: 1031.6, Max: 1031.7, Diff: 0.1]
      [Ext Root Scanning (ms): Min: 0.0, Avg: 0.1, Max: 0.2, Diff: 0.1, Sum: 1.0]
      [Update RS (ms): Min: 0.1, Avg: 0.2, Max: 0.2, Diff: 0.1, Sum: 2.0]
         [Processed Buffers: Min: 1, Avg: 2.2, Max: 3, Diff: 2, Sum: 29]
      [Scan RS (ms): Min: 0.0, Avg: 0.0, Max: 0.0, Diff: 0.0, Sum: 0.0]
      [Code Root Scanning (ms): Min: 0.0, Avg: 0.0, Max: 0.0, Diff: 0.0, Sum: 0.0]
      [Object Copy (ms): Min: 0.0, Avg: 0.0, Max: 0.1, Diff: 0.1, Sum: 0.5]
      [Termination (ms): Min: 0.0, Avg: 0.0, Max: 0.1, Diff: 0.1, Sum: 0.5]
         [Termination Attempts: Min: 1, Avg: 1.0, Max: 1, Diff: 0, Sum: 13]
      [GC Worker Other (ms): Min: 0.0, Avg: 0.0, Max: 0.0, Diff: 0.0, Sum: 0.1]
      [GC Worker Total (ms): Min: 0.3, Avg: 0.3, Max: 0.4, Diff: 0.1, Sum: 4.1]
      [GC Worker End (ms): Min: 1032.0, Avg: 1032.0, Max: 1032.0, Diff: 0.0]
   [Code Root Fixup: 0.0 ms]
   [Code Root Purge: 0.0 ms]
   [Clear CT: 0.1 ms]
   [Other: 0.6 ms]
      [Evacuation Failure: 0.1 ms]
      [Choose CSet: 0.0 ms]
      [Ref Proc: 0.2 ms]
      [Ref Enq: 0.0 ms]
      [Redirty Cards: 0.1 ms]
      [Humongous Register: 0.1 ms]
      [Humongous Reclaim: 0.0 ms]
      [Free CSet: 0.0 ms]
   [Eden: 8192.0K(23552.0K)->0.0B(25600.0K) Survivors: 2048.0K->0.0B Heap: 419.3M(512.0M)->414.7M(512.0M)]
 [Times: user=0.01 sys=0.00, real=0.00 secs] 
2021-08-14T14:47:45.607-0800: [GC pause (G1 Evacuation Pause) (mixed) (to-space exhausted), 0.0011830 secs]
   [Parallel Time: 0.5 ms, GC Workers: 13]
      [GC Worker Start (ms): Min: 1033.9, Avg: 1033.9, Max: 1034.0, Diff: 0.1]
      [Ext Root Scanning (ms): Min: 0.0, Avg: 0.1, Max: 0.1, Diff: 0.1, Sum: 1.2]
      [Update RS (ms): Min: 0.0, Avg: 0.0, Max: 0.0, Diff: 0.0, Sum: 0.3]
         [Processed Buffers: Min: 1, Avg: 1.7, Max: 3, Diff: 2, Sum: 22]
      [Scan RS (ms): Min: 0.0, Avg: 0.0, Max: 0.0, Diff: 0.0, Sum: 0.3]
      [Code Root Scanning (ms): Min: 0.0, Avg: 0.0, Max: 0.0, Diff: 0.0, Sum: 0.0]
      [Object Copy (ms): Min: 0.1, Avg: 0.2, Max: 0.2, Diff: 0.1, Sum: 2.3]
      [Termination (ms): Min: 0.0, Avg: 0.1, Max: 0.1, Diff: 0.1, Sum: 0.9]
         [Termination Attempts: Min: 1, Avg: 1.0, Max: 1, Diff: 0, Sum: 13]
      [GC Worker Other (ms): Min: 0.0, Avg: 0.0, Max: 0.0, Diff: 0.0, Sum: 0.1]
      [GC Worker Total (ms): Min: 0.3, Avg: 0.4, Max: 0.4, Diff: 0.1, Sum: 5.1]
      [GC Worker End (ms): Min: 1034.3, Avg: 1034.3, Max: 1034.3, Diff: 0.0]
   [Code Root Fixup: 0.0 ms]
   [Code Root Purge: 0.0 ms]
   [Clear CT: 0.1 ms]
   [Other: 0.5 ms]
      [Evacuation Failure: 0.1 ms]
      [Choose CSet: 0.0 ms]
      [Ref Proc: 0.2 ms]
      [Ref Enq: 0.0 ms]
      [Redirty Cards: 0.1 ms]
      [Humongous Register: 0.1 ms]
      [Humongous Reclaim: 0.0 ms]
      [Free CSet: 0.0 ms]
   [Eden: 6144.0K(25600.0K)->0.0B(25600.0K) Survivors: 0.0B->0.0B Heap: 420.7M(512.0M)->420.1M(512.0M)]
 [Times: user=0.00 sys=0.01, real=0.00 secs] 
2021-08-14T14:47:45.609-0800: [GC pause (G1 Humongous Allocation) (mixed) (to-space exhausted), 0.0011610 secs]
   [Parallel Time: 0.6 ms, GC Workers: 13]
      [GC Worker Start (ms): Min: 1035.4, Avg: 1035.5, Max: 1035.5, Diff: 0.1]
      [Ext Root Scanning (ms): Min: 0.0, Avg: 0.1, Max: 0.1, Diff: 0.1, Sum: 1.0]
      [Update RS (ms): Min: 0.0, Avg: 0.0, Max: 0.1, Diff: 0.0, Sum: 0.5]
         [Processed Buffers: Min: 1, Avg: 2.5, Max: 6, Diff: 5, Sum: 32]
      [Scan RS (ms): Min: 0.0, Avg: 0.0, Max: 0.0, Diff: 0.0, Sum: 0.2]
      [Code Root Scanning (ms): Min: 0.0, Avg: 0.0, Max: 0.0, Diff: 0.0, Sum: 0.0]
      [Object Copy (ms): Min: 0.2, Avg: 0.3, Max: 0.3, Diff: 0.1, Sum: 3.3]
      [Termination (ms): Min: 0.0, Avg: 0.1, Max: 0.1, Diff: 0.1, Sum: 0.7]
         [Termination Attempts: Min: 1, Avg: 1.2, Max: 2, Diff: 1, Sum: 15]
      [GC Worker Other (ms): Min: 0.0, Avg: 0.0, Max: 0.0, Diff: 0.0, Sum: 0.1]
      [GC Worker Total (ms): Min: 0.4, Avg: 0.5, Max: 0.5, Diff: 0.1, Sum: 5.9]
      [GC Worker End (ms): Min: 1035.9, Avg: 1035.9, Max: 1035.9, Diff: 0.0]
   [Code Root Fixup: 0.0 ms]
   [Code Root Purge: 0.0 ms]
   [Clear CT: 0.1 ms]
   [Other: 0.5 ms]
      [Evacuation Failure: 0.1 ms]
      [Choose CSet: 0.0 ms]
      [Ref Proc: 0.1 ms]
      [Ref Enq: 0.0 ms]
      [Redirty Cards: 0.1 ms]
      [Humongous Register: 0.0 ms]
      [Humongous Reclaim: 0.0 ms]
      [Free CSet: 0.0 ms]
   [Eden: 1024.0K(25600.0K)->0.0B(25600.0K) Survivors: 0.0B->0.0B Heap: 421.1M(512.0M)->421.1M(512.0M)]
 [Times: user=0.01 sys=0.00, real=0.01 secs] 
2021-08-14T14:47:45.610-0800: [Full GC (Allocation Failure)  421M->347M(512M), 0.0340255 secs]
   [Eden: 0.0B(25600.0K)->0.0B(25600.0K) Survivors: 0.0B->0.0B Heap: 421.1M(512.0M)->347.5M(512.0M)], [Metaspace: 2525K->2525K(1056768K)]
 [Times: user=0.04 sys=0.00, real=0.03 secs] 
执行结束!共生成对象次数:9972
Heap
 garbage-first heap   total 524288K, used 356358K [0x00000007a0000000, 0x00000007a0101000, 0x00000007c0000000)
  region size 1024K, 1 young (1024K), 0 survivors (0K)
 Metaspace       used 2531K, capacity 4486K, committed 4864K, reserved 1056768K
  class space    used 266K, capacity 386K, committed 512K, reserved 1048576K
